Archive member included to satisfy reference by file (symbol)

/home/albino/ti/ccs1020/ccs/tools/compiler/gcc-arm-none-eabi-7-2017-q4-major/bin/../lib/gcc/arm-none-eabi/7.2.1/../../../../arm-none-eabi/lib/thumb/v7e-m/fpv4-sp/hard/libc.a(lib_a-exit.o)
                              /home/albino/ti/ccs1020/ccs/tools/compiler/gcc-arm-none-eabi-7-2017-q4-major/bin/../lib/gcc/arm-none-eabi/7.2.1/../../../../arm-none-eabi/lib/thumb/v7e-m/fpv4-sp/hard/crt0.o (exit)
/home/albino/ti/ccs1020/ccs/tools/compiler/gcc-arm-none-eabi-7-2017-q4-major/bin/../lib/gcc/arm-none-eabi/7.2.1/../../../../arm-none-eabi/lib/thumb/v7e-m/fpv4-sp/hard/libc.a(lib_a-impure.o)
                              /home/albino/ti/ccs1020/ccs/tools/compiler/gcc-arm-none-eabi-7-2017-q4-major/bin/../lib/gcc/arm-none-eabi/7.2.1/../../../../arm-none-eabi/lib/thumb/v7e-m/fpv4-sp/hard/libc.a(lib_a-exit.o) (_global_impure_ptr)
/home/albino/ti/ccs1020/ccs/tools/compiler/gcc-arm-none-eabi-7-2017-q4-major/bin/../lib/gcc/arm-none-eabi/7.2.1/../../../../arm-none-eabi/lib/thumb/v7e-m/fpv4-sp/hard/libc.a(lib_a-init.o)
                              /home/albino/ti/ccs1020/ccs/tools/compiler/gcc-arm-none-eabi-7-2017-q4-major/bin/../lib/gcc/arm-none-eabi/7.2.1/../../../../arm-none-eabi/lib/thumb/v7e-m/fpv4-sp/hard/crt0.o (__libc_init_array)
/home/albino/ti/ccs1020/ccs/tools/compiler/gcc-arm-none-eabi-7-2017-q4-major/bin/../lib/gcc/arm-none-eabi/7.2.1/../../../../arm-none-eabi/lib/thumb/v7e-m/fpv4-sp/hard/libc.a(lib_a-memcpy.o)
                              ./FreeRTOS/queue.o (memcpy)
/home/albino/ti/ccs1020/ccs/tools/compiler/gcc-arm-none-eabi-7-2017-q4-major/bin/../lib/gcc/arm-none-eabi/7.2.1/../../../../arm-none-eabi/lib/thumb/v7e-m/fpv4-sp/hard/libc.a(lib_a-memset.o)
                              /home/albino/ti/ccs1020/ccs/tools/compiler/gcc-arm-none-eabi-7-2017-q4-major/bin/../lib/gcc/arm-none-eabi/7.2.1/../../../../arm-none-eabi/lib/thumb/v7e-m/fpv4-sp/hard/crt0.o (memset)
/home/albino/ti/ccs1020/ccs/tools/compiler/gcc-arm-none-eabi-7-2017-q4-major/bin/../lib/gcc/arm-none-eabi/7.2.1/../../../../arm-none-eabi/lib/thumb/v7e-m/fpv4-sp/hard/libc.a(lib_a-sprintf.o)
                              ./FreeRTOS/tasks.o (sprintf)
/home/albino/ti/ccs1020/ccs/tools/compiler/gcc-arm-none-eabi-7-2017-q4-major/bin/../lib/gcc/arm-none-eabi/7.2.1/../../../../arm-none-eabi/lib/thumb/v7e-m/fpv4-sp/hard/libc.a(lib_a-strcmp.o)
                              ./main.o (strcmp)
/home/albino/ti/ccs1020/ccs/tools/compiler/gcc-arm-none-eabi-7-2017-q4-major/bin/../lib/gcc/arm-none-eabi/7.2.1/../../../../arm-none-eabi/lib/thumb/v7e-m/fpv4-sp/hard/libc.a(lib_a-strcpy.o)
                              ./main.o (strcpy)
/home/albino/ti/ccs1020/ccs/tools/compiler/gcc-arm-none-eabi-7-2017-q4-major/bin/../lib/gcc/arm-none-eabi/7.2.1/../../../../arm-none-eabi/lib/thumb/v7e-m/fpv4-sp/hard/libc.a(lib_a-strlen.o)
                              ./main.o (strlen)
/home/albino/ti/ccs1020/ccs/tools/compiler/gcc-arm-none-eabi-7-2017-q4-major/bin/../lib/gcc/arm-none-eabi/7.2.1/../../../../arm-none-eabi/lib/thumb/v7e-m/fpv4-sp/hard/libc.a(lib_a-strncmp.o)
                              ./FreeRTOS-Plus-CLI/FreeRTOS_CLI.o (strncmp)
/home/albino/ti/ccs1020/ccs/tools/compiler/gcc-arm-none-eabi-7-2017-q4-major/bin/../lib/gcc/arm-none-eabi/7.2.1/../../../../arm-none-eabi/lib/thumb/v7e-m/fpv4-sp/hard/libc.a(lib_a-strncpy.o)
                              ./FreeRTOS-Plus-CLI/FreeRTOS_CLI.o (strncpy)
/home/albino/ti/ccs1020/ccs/tools/compiler/gcc-arm-none-eabi-7-2017-q4-major/bin/../lib/gcc/arm-none-eabi/7.2.1/../../../../arm-none-eabi/lib/thumb/v7e-m/fpv4-sp/hard/libc.a(lib_a-svfprintf.o)
                              /home/albino/ti/ccs1020/ccs/tools/compiler/gcc-arm-none-eabi-7-2017-q4-major/bin/../lib/gcc/arm-none-eabi/7.2.1/../../../../arm-none-eabi/lib/thumb/v7e-m/fpv4-sp/hard/libc.a(lib_a-sprintf.o) (_svfprintf_r)
/home/albino/ti/ccs1020/ccs/tools/compiler/gcc-arm-none-eabi-7-2017-q4-major/bin/../lib/gcc/arm-none-eabi/7.2.1/../../../../arm-none-eabi/lib/thumb/v7e-m/fpv4-sp/hard/libc.a(lib_a-__call_atexit.o)
                              /home/albino/ti/ccs1020/ccs/tools/compiler/gcc-arm-none-eabi-7-2017-q4-major/bin/../lib/gcc/arm-none-eabi/7.2.1/../../../../arm-none-eabi/lib/thumb/v7e-m/fpv4-sp/hard/libc.a(lib_a-exit.o) (__call_exitprocs)
/home/albino/ti/ccs1020/ccs/tools/compiler/gcc-arm-none-eabi-7-2017-q4-major/bin/../lib/gcc/arm-none-eabi/7.2.1/../../../../arm-none-eabi/lib/thumb/v7e-m/fpv4-sp/hard/libc.a(lib_a-atexit.o)
                              /home/albino/ti/ccs1020/ccs/tools/compiler/gcc-arm-none-eabi-7-2017-q4-major/bin/../lib/gcc/arm-none-eabi/7.2.1/../../../../arm-none-eabi/lib/thumb/v7e-m/fpv4-sp/hard/libc.a(lib_a-__call_atexit.o) (atexit)
/home/albino/ti/ccs1020/ccs/tools/compiler/gcc-arm-none-eabi-7-2017-q4-major/bin/../lib/gcc/arm-none-eabi/7.2.1/../../../../arm-none-eabi/lib/thumb/v7e-m/fpv4-sp/hard/libc.a(lib_a-dtoa.o)
[...]
Memory Configuration

Name             Origin             Length             Attributes
FLASH            0x0000000000000000 0x0000000000100000 xr
SRAM             0x0000000020000000 0x0000000000040000 xw
*default*        0x0000000000000000 0xffffffffffffffff

Linker script and memory map

LOAD /home/albino/ti/ccs1020/ccs/tools/compiler/gcc-arm-none-eabi-7-2017-q4-major/bin/../lib/gcc/arm-none-eabi/7.2.1/thumb/v7e-m/fpv4-sp/hard/crti.o
LOAD /home/albino/ti/ccs1020/ccs/tools/compiler/gcc-arm-none-eabi-7-2017-q4-major/bin/../lib/gcc/arm-none-eabi/7.2.1/thumb/v7e-m/fpv4-sp/hard/crtbegin.o
LOAD /home/albino/ti/ccs1020/ccs/tools/compiler/gcc-arm-none-eabi-7-2017-q4-major/bin/../lib/gcc/arm-none-eabi/7.2.1/../../../../arm-none-eabi/lib/thumb/v7e-m/fpv4-sp/hard/crt0.o
LOAD ./main.o
LOAD ./tm4c1294ncpdt_startup_ccs_gcc.o
LOAD ./FreeRTOS/croutine.o
LOAD ./FreeRTOS/event_groups.o
LOAD ./FreeRTOS/list.o
LOAD ./FreeRTOS/queue.o
LOAD ./FreeRTOS/stream_buffer.o
LOAD ./FreeRTOS/tasks.o
LOAD ./FreeRTOS/timers.o
LOAD ./FreeRTOS/portable/GCC/ARM_CM4F/port.o
LOAD ./FreeRTOS/portable/MemMang/heap_4.o
LOAD ./FreeRTOS-Plus-CLI/FreeRTOS_CLI.o
                0x0000000000000000                PROVIDE (_intvecs_base_address, 0x0)

.intvecs        0x0000000000000000      0x208
 *(.intvecs)
 .intvecs       0x0000000000000000      0x208 ./tm4c1294ncpdt_startup_ccs_gcc.o
                0x0000000000000000                g_pfnVectors
                0x0000000020000000                PROVIDE (_vtable_base_address, 0x20000000)

.vtable
 *(.vtable)

.text           0x0000000000000240     0xc02c
 CREATE_OBJECT_SYMBOLS
 *(.text)
 .text          0x0000000000000240        0x0 /home/albino/ti/ccs1020/ccs/tools/compiler/gcc-arm-none-eabi-7-2017-q4-major/bin/../lib/gcc/arm-none-eabi/7.2.1/thumb/v7e-m/fpv4-sp/hard/crti.o
 .text          0x0000000000000240       0x40 /home/albino/ti/ccs1020/ccs/tools/compiler/gcc-arm-none-eabi-7-2017-q4-major/bin/../lib/gcc/arm-none-eabi/7.2.1/thumb/v7e-m/fpv4-sp/hard/crtbegin.o
 .text          0x0000000000000280       0x74 /home/albino/ti/ccs1020/ccs/tools/compiler/gcc-arm-none-eabi-7-2017-q4-major/bin/../lib/gcc/arm-none-eabi/7.2.1/../../../../arm-none-eabi/lib/thumb/v7e-m/fpv4-sp/hard/crt0.o
                0x0000000000000280                _mainCRTStartup
                0x0000000000000280                _start
 .text          0x00000000000002f4        0x0 ./main.o
 .text          0x00000000000002f4        0x0 ./tm4c1294ncpdt_startup_ccs_gcc.o
 .text          0x00000000000002f4        0x0 ./FreeRTOS/croutine.o
 .text          0x00000000000002f4        0x0 ./FreeRTOS/event_groups.o
 .text          0x00000000000002f4        0x0 ./FreeRTOS/list.o
 .text          0x00000000000002f4        0x0 ./FreeRTOS/queue.o
 .text          0x00000000000002f4        0x0 ./FreeRTOS/stream_buffer.o
 .text          0x00000000000002f4        0x0 ./FreeRTOS/tasks.o
 .text          0x00000000000002f4        0x0 ./FreeRTOS/timers.o
 .text          0x00000000000002f4        0x0 ./FreeRTOS/portable/GCC/ARM_CM4F/port.o
 .text          0x00000000000002f4        0x0 ./FreeRTOS/portable/MemMang/heap_4.o
 .text          0x00000000000002f4        0x0 ./FreeRTOS-Plus-CLI/FreeRTOS_CLI.o
 .text          0x00000000000002f4        0x0 /home/albino/ti/ccs1020/ccs/tools/compiler/gcc-arm-none-eabi-7-2017-q4-major/bin/../lib/gcc/arm-none-eabi/7.2.1/../../../../arm-none-eabi/lib/thumb/v7e-m/fpv4-sp/hard/libc.a(lib_a-exit.o)
 .text          0x00000000000002f4        0x0 /home/albino/ti/ccs1020/ccs/tools/compiler/gcc-arm-none-eabi-7-2017-q4-major/bin/../lib/gcc/arm-none-eabi/7.2.1/../../../../arm-none-eabi/lib/thumb/v7e-m/fpv4-sp/hard/libc.a(lib_a-impure.o)
 .text          0x00000000000002f4        0x0 /home/albino/ti/ccs1020/ccs/tools/compiler/gcc-arm-none-eabi-7-2017-q4-major/bin/../lib/gcc/arm-none-eabi/7.2.1/../../../../arm-none-eabi/lib/thumb/v7e-m/fpv4-sp/hard/libc.a(lib_a-init.o)
 .text          0x00000000000002f4      0x134 /home/albino/ti/ccs1020/ccs/tools/compiler/gcc-arm-none-eabi-7-2017-q4-major/bin/../lib/gcc/arm-none-eabi/7.2.1/../../../../arm-none-eabi/lib/thumb/v7e-m/fpv4-sp/hard/libc.a(lib_a-memcpy.o)
                0x00000000000002f4                memcpy
 .text          0x0000000000000428        0x0 /home/albino/ti/ccs1020/ccs/tools/compiler/gcc-arm-none-eabi-7-2017-q4-major/bin/../lib/gcc/arm-none-eabi/7.2.1/../../../../arm-none-eabi/lib/thumb/v7e-m/fpv4-sp/hard/libc.a(lib_a-memset.o)
 .text          0x0000000000000428        0x0 /home/albino/ti/ccs1020/ccs/tools/compiler/gcc-arm-none-eabi-7-2017-q4-major/bin/../lib/gcc/arm-none-eabi/7.2.1/../../../../arm-none-eabi/lib/thumb/v7e-m/fpv4-sp/hard/libc.a(lib_a-sprintf.o)
 *fill*         0x0000000000000428       0x18 
 .text          0x0000000000000440      0x2dc /home/albino/ti/ccs1020/ccs/tools/compiler/gcc-arm-none-eabi-7-2017-q4-major/bin/../lib/gcc/arm-none-eabi/7.2.1/../../../../arm-none-eabi/lib/thumb/v7e-m/fpv4-sp/hard/libc.a(lib_a-strcmp.o)
                0x0000000000000448                strcmp
 .text          0x000000000000071c        0x0 /home/albino/ti/ccs1020/ccs/tools/compiler/gcc-arm-none-eabi-7-2017-q4-major/bin/../lib/gcc/arm-none-eabi/7.2.1/../../../../arm-none-eabi/lib/thumb/v7e-m/fpv4-sp/hard/libc.a(lib_a-strcpy.o)
 *fill*         0x000000000000071c       0x24 
 .text          0x0000000000000740       0xdc /home/albino/ti/ccs1020/ccs/tools/compiler/gcc-arm-none-eabi-7-2017-q4-major/bin/../lib/gcc/arm-none-eabi/7.2.1/../../../../arm-none-eabi/lib/thumb/v7e-m/fpv4-sp/hard/libc.a(lib_a-strlen.o)
                0x0000000000000740                strlen
 .text          0x000000000000081c        0x0 /home/albino/ti/ccs1020/ccs/tools/compiler/gcc-arm-none-eabi-7-2017-q4-major/bin/../lib/gcc/arm-none-eabi/7.2.1/../../../../arm-none-eabi/lib/thumb/v7e-m/fpv4-sp/hard/libc.a(lib_a-strncmp.o)
 .text          0x000000000000081c        0x0 /home/albino/ti/ccs1020/ccs/tools/compiler/gcc-arm-none-eabi-7-2017-q4-major/bin/../lib/gcc/arm-none-eabi/7.2.1/../../../../arm-none-eabi/lib/thumb/v7e-m/fpv4-sp/hard/libc.a(lib_a-strncpy.o)
 .text          0x000000000000081c        0x0 /home/albino/ti/ccs1020/ccs/tools/compiler/gcc-arm-none-eabi-7-2017-q4-major/bin/../lib/gcc/arm-none-eabi/7.2.1/../../../../arm-none-eabi/lib/thumb/v7e-m/fpv4-sp/hard/libc.a(lib_a-svfprintf.o)
 .text          0x000000000000081c        0x0 /home/albino/ti/ccs1020/ccs/tools/compiler/gcc-arm-none-eabi-7-2017-q4-major/bin/../lib/gcc/arm-none-eabi/7.2.1/../../../../arm-none-eabi/lib/thumb/v7e-m/fpv4-sp/hard/libc.a(lib_a-__call_atexit.o)
 .text          0x000000000000081c        0x0 /home/albino/ti/ccs1020/ccs/tools/compiler/gcc-arm-none-eabi-7-2017-q4-major/bin/../lib/gcc/arm-none-eabi/7.2.1/../../../../arm-none-eabi/lib/thumb/v7e-m/fpv4-sp/hard/libc.a(lib_a-atexit.o)
 .text          0x000000000000081c        0x0 /home/albino/ti/ccs1020/ccs/tools/compiler/gcc-arm-none-eabi-7-2017-q4-major/bin/../lib/gcc/arm-none-eabi/7.2.1/../../../../arm-none-eabi/lib/thumb/v7e-m/fpv4-sp/hard/libc.a(lib_a-dtoa.o)
 .text          0x000000000000081c        0x0 /home/albino/ti/ccs1020/ccs/tools/compiler/gcc-arm-none-eabi-7-2017-q4-major/bin/../lib/gcc/arm-none-eabi/7.2.1/../../../../arm-none-eabi/lib/thumb/v7e-m/fpv4-sp/hard/libc.a(lib_a-fini.o)
 .text          0x000000000000081c        0x0 /home/albino/ti/ccs1020/ccs/tools/compiler/gcc-arm-none-eabi-7-2017-q4-major/bin/../lib/gcc/arm-none-eabi/7.2.1/../../../../arm-none-eabi/lib/thumb/v7e-m/fpv4-sp/hard/libc.a(lib_a-localeconv.o)
 .text          0x000000000000081c        0x0 /home/albino/ti/ccs1020/ccs/tools/compiler/gcc-arm-none-eabi-7-2017-q4-major/bin/../lib/gcc/arm-none-eabi/7.2.1/../../../../arm-none-eabi/lib/thumb/v7e-m/fpv4-sp/hard/libc.a(lib_a-lock.o)
 .text          0x000000000000081c        0x0 /home/albino/ti/ccs1020/ccs/tools/compiler/gcc-arm-none-eabi-7-2017-q4-major/bin/../lib/gcc/arm-none-eabi/7.2.1/../../../../arm-none-eabi/lib/thumb/v7e-m/fpv4-sp/hard/libc.a(lib_a-mallocr.o)
 *fill*         0x000000000000081c        0x4 
 .text          0x0000000000000820       0xa0 /home/albino/ti/ccs1020/ccs/tools/compiler/gcc-arm-none-eabi-7-2017-q4-major/bin/../lib/gcc/arm-none-eabi/7.2.1/../../../../arm-none-eabi/lib/thumb/v7e-m/fpv4-sp/hard/libc.a(lib_a-memchr.o)
                0x0000000000000820                memchr
 .text          0x00000000000008c0        0x0 /home/albino/ti/ccs1020/ccs/tools/compiler/gcc-arm-none-eabi-7-2017-q4-major/bin/../lib/gcc/arm-none-eabi/7.2.1/../../../../arm-none-eabi/lib/thumb/v7e-m/fpv4-sp/hard/libc.a(lib_a-mlock.o)
 .text          0x00000000000008c0        0x0 /home/albino/ti/ccs1020/ccs/tools/compiler/gcc-arm-none-eabi-7-2017-q4-major/bin/../lib/gcc/arm-none-eabi/7.2.1/../../../../arm-none-eabi/lib/thumb/v7e-m/fpv4-sp/hard/libc.a(lib_a-mprec.o)
 .text          0x00000000000008c0        0x0 /home/albino/ti/ccs1020/ccs/tools/compiler/gcc-arm-none-eabi-7-2017-q4-major/bin/../lib/gcc/arm-none-eabi/7.2.1/../../../../arm-none-eabi/lib/thumb/v7e-m/fpv4-sp/hard/libc.a(lib_a-sbrkr.o)
 .text          0x00000000000008c0        0x0 /home/albino/ti/ccs1020/ccs/tools/compiler/gcc-arm-none-eabi-7-2017-q4-major/bin/../lib/gcc/arm-none-eabi/7.2.1/../../../../arm-none-eabi/lib/thumb/v7e-m/fpv4-sp/hard/libc.a(lib_a-svfiprintf.o)
 .text          0x00000000000008c0        0x0 /home/albino/ti/ccs1020/ccs/tools/compiler/gcc-arm-none-eabi-7-2017-q4-major/bin/../lib/gcc/arm-none-eabi/7.2.1/../../../../arm-none-eabi/lib/thumb/v7e-m/fpv4-sp/hard/libc.a(lib_a-__atexit.o)
 .text          0x00000000000008c0        0x0 /home/albino/ti/ccs1020/ccs/tools/compiler/gcc-arm-none-eabi-7-2017-q4-major/bin/../lib/gcc/arm-none-eabi/7.2.1/../../../../arm-none-eabi/lib/thumb/v7e-m/fpv4-sp/hard/libc.a(lib_a-callocr.o)
 .text          0x00000000000008c0        0x0 /home/albino/ti/ccs1020/ccs/tools/compiler/gcc-arm-none-eabi-7-2017-q4-major/bin/../lib/gcc/arm-none-eabi/7.2.1/../../../../arm-none-eabi/lib/thumb/v7e-m/fpv4-sp/hard/libc.a(lib_a-freer.o)
 .text          0x00000000000008c0        0x0 /home/albino/ti/ccs1020/ccs/tools/compiler/gcc-arm-none-eabi-7-2017-q4-major/bin/../lib/gcc/arm-none-eabi/7.2.1/../../../../arm-none-eabi/lib/thumb/v7e-m/fpv4-sp/hard/libc.a(lib_a-locale.o)
 .text          0x00000000000008c0        0x0 /home/albino/ti/ccs1020/ccs/tools/compiler/gcc-arm-none-eabi-7-2017-q4-major/bin/../lib/gcc/arm-none-eabi/7.2.1/../../../../arm-none-eabi/lib/thumb/v7e-m/fpv4-sp/hard/libc.a(lib_a-mbtowc_r.o)
 .text          0x00000000000008c0        0x0 /home/albino/ti/ccs1020/ccs/tools/compiler/gcc-arm-none-eabi-7-2017-q4-major/bin/../lib/gcc/arm-none-eabi/7.2.1/../../../../arm-none-eabi/lib/thumb/v7e-m/fpv4-sp/hard/libc.a(lib_a-memmove.o)
 .text          0x00000000000008c0        0x0 /home/albino/ti/ccs1020/ccs/tools/compiler/gcc-arm-none-eabi-7-2017-q4-major/bin/../lib/gcc/arm-none-eabi/7.2.1/../../../../arm-none-eabi/lib/thumb/v7e-m/fpv4-sp/hard/libc.a(lib_a-reallocr.o)
 .text          0x00000000000008c0        0x0 /home/albino/ti/ccs1020/ccs/tools/compiler/gcc-arm-none-eabi-7-2017-q4-major/bin/../lib/gcc/arm-none-eabi/7.2.1/../../../../arm-none-eabi/lib/thumb/v7e-m/fpv4-sp/hard/libc.a(lib_a-reent.o)
 .text          0x00000000000008c0        0x0 /home/albino/ti/ccs1020/ccs/tools/compiler/gcc-arm-none-eabi-7-2017-q4-major/bin/../lib/gcc/arm-none-eabi/7.2.1/../../../../arm-none-eabi/lib/thumb/v7e-m/fpv4-sp/hard/libc.a(lib_a-wctomb_r.o)
 .text          0x00000000000008c0        0x0 /home/albino/ti/ccs1020/ccs/tools/compiler/gcc-arm-none-eabi-7-2017-q4-major/bin/../lib/gcc/arm-none-eabi/7.2.1/../../../../arm-none-eabi/lib/thumb/v7e-m/fpv4-sp/hard/libc.a(lib_a-ctype_.o)
 .text          0x00000000000008c0        0x0 /home/albino/ti/tivaware/driverlib/gcc/libdriver.a(gpio.o)
 .text          0x00000000000008c0        0x0 /home/albino/ti/tivaware/driverlib/gcc/libdriver.a(interrupt.o)
 .text          0x00000000000008c0        0x0 /home/albino/ti/tivaware/driverlib/gcc/libdriver.a(sysctl.o)
 .text          0x00000000000008c0        0x0 /home/albino/ti/tivaware/driverlib/gcc/libdriver.a(uart.o)
 .text          0x00000000000008c0        0x0 /home/albino/ti/tivaware/driverlib/gcc/libdriver.a(cpu.o)
 .text          0x00000000000008c0      0x378 /home/albino/ti/ccs1020/ccs/tools/compiler/gcc-arm-none-eabi-7-2017-q4-major/bin/../lib/gcc/arm-none-eabi/7.2.1/thumb/v7e-m/fpv4-sp/hard/libgcc.a(_arm_addsubdf3.o)
                0x00000000000008c0                __aeabi_drsub
                0x00000000000008c8                __aeabi_dsub
                0x00000000000008c8                __subdf3
                0x00000000000008cc                __adddf3
                0x00000000000008cc                __aeabi_dadd
                0x0000000000000b44                __aeabi_ui2d
                0x0000000000000b44                __floatunsidf
                0x0000000000000b64                __floatsidf
                0x0000000000000b64                __aeabi_i2d
                0x0000000000000b88                __extendsfdf2
                0x0000000000000b88                __aeabi_f2d
                0x0000000000000bcc                __aeabi_ul2d
                0x0000000000000bcc                __floatundidf
                0x0000000000000bdc                __floatdidf
                0x0000000000000bdc                __aeabi_l2d
 .text          0x0000000000000c38      0x424 /home/albino/ti/ccs1020/ccs/tools/compiler/gcc-arm-none-eabi-7-2017-q4-major/bin/../lib/gcc/arm-none-eabi/7.2.1/thumb/v7e-m/fpv4-sp/hard/libgcc.a(_arm_muldivdf3.o)
                0x0000000000000c38                __aeabi_dmul
                0x0000000000000c38                __muldf3
                0x0000000000000e8c                __aeabi_ddiv
                0x0000000000000e8c                __divdf3
 .text          0x000000000000105c      0x110 /home/albino/ti/ccs1020/ccs/tools/compiler/gcc-arm-none-eabi-7-2017-q4-major/bin/../lib/gcc/arm-none-eabi/7.2.1/thumb/v7e-m/fpv4-sp/hard/libgcc.a(_arm_cmpdf2.o)
                0x000000000000105c                __gtdf2
                0x000000000000105c                __gedf2
                0x0000000000001064                __ltdf2
                0x0000000000001064                __ledf2
                0x000000000000106c                __cmpdf2
                0x000000000000106c                __eqdf2
                0x000000000000106c                __nedf2
                0x00000000000010e8                __aeabi_cdrcmple
                0x00000000000010f8                __aeabi_cdcmple
                0x00000000000010f8                __aeabi_cdcmpeq
                0x0000000000001108                __aeabi_dcmpeq
                0x000000000000111c                __aeabi_dcmplt
                0x0000000000001130                __aeabi_dcmple
                0x0000000000001144                __aeabi_dcmpge
                0x0000000000001158                __aeabi_dcmpgt
 .text          0x000000000000116c       0x2c /home/albino/ti/ccs1020/ccs/tools/compiler/gcc-arm-none-eabi-7-2017-q4-major/bin/../lib/gcc/arm-none-eabi/7.2.1/thumb/v7e-m/fpv4-sp/hard/libgcc.a(_arm_unorddf2.o)
                0x000000000000116c                __aeabi_dcmpun
                0x000000000000116c                __unorddf2
 .text          0x0000000000001198       0x50 /home/albino/ti/ccs1020/ccs/tools/compiler/gcc-arm-none-eabi-7-2017-q4-major/bin/../lib/gcc/arm-none-eabi/7.2.1/thumb/v7e-m/fpv4-sp/hard/libgcc.a(_arm_fixdfsi.o)
                0x0000000000001198                __fixdfsi
                0x0000000000001198                __aeabi_d2iz
 .text          0x00000000000011e8       0x30 /home/albino/ti/ccs1020/ccs/tools/compiler/gcc-arm-none-eabi-7-2017-q4-major/bin/../lib/gcc/arm-none-eabi/7.2.1/thumb/v7e-m/fpv4-sp/hard/libgcc.a(_aeabi_uldivmod.o)
                0x00000000000011e8                __aeabi_uldivmod
 .text          0x0000000000001218      0x2cc /home/albino/ti/ccs1020/ccs/tools/compiler/gcc-arm-none-eabi-7-2017-q4-major/bin/../lib/gcc/arm-none-eabi/7.2.1/thumb/v7e-m/fpv4-sp/hard/libgcc.a(_udivmoddi4.o)
                0x0000000000001218                __udivmoddi4
 .text          0x00000000000014e4        0x4 /home/albino/ti/ccs1020/ccs/tools/compiler/gcc-arm-none-eabi-7-2017-q4-major/bin/../lib/gcc/arm-none-eabi/7.2.1/thumb/v7e-m/fpv4-sp/hard/libgcc.a(_dvmd_tls.o)
                0x00000000000014e4                __aeabi_ldiv0
                0x00000000000014e4                __aeabi_idiv0
 .text          0x00000000000014e8        0x0 /home/albino/ti/ccs1020/ccs/tools/compiler/gcc-arm-none-eabi-7-2017-q4-major/bin/../lib/gcc/arm-none-eabi/7.2.1/../../../../arm-none-eabi/lib/thumb/v7e-m/fpv4-sp/hard/libnosys.a(sbrk.o)
 .text          0x00000000000014e8        0x0 /home/albino/ti/ccs1020/ccs/tools/compiler/gcc-arm-none-eabi-7-2017-q4-major/bin/../lib/gcc/arm-none-eabi/7.2.1/../../../../arm-none-eabi/lib/thumb/v7e-m/fpv4-sp/hard/libnosys.a(_exit.o)
 .text          0x00000000000014e8        0x0 /home/albino/ti/ccs1020/ccs/tools/compiler/gcc-arm-none-eabi-7-2017-q4-major/bin/../lib/gcc/arm-none-eabi/7.2.1/thumb/v7e-m/fpv4-sp/hard/crtend.o
 .text          0x00000000000014e8        0x0 /home/albino/ti/ccs1020/ccs/tools/compiler/gcc-arm-none-eabi-7-2017-q4-major/bin/../lib/gcc/arm-none-eabi/7.2.1/thumb/v7e-m/fpv4-sp/hard/crtn.o
 *(.text.*)
 .text.prvClearCommand
                0x00000000000014e8       0x14 ./main.o
 .text.prvEchoCommand
                0x00000000000014fc       0x50 ./main.o
 .text.prvLEDOnOffCommand
                0x000000000000154c       0xb0 ./main.o
 .text.task1    0x00000000000015fc       0x54 ./main.o
                0x00000000000015fc                task1
 .text.task2    0x0000000000001650       0x54 ./main.o
                0x0000000000001650                task2
 .text.UARTIntHandler
                0x00000000000016a4       0xf0 ./main.o
                0x00000000000016a4                UARTIntHandler
 .text.main     0x0000000000001794       0x88 ./main.o
                0x0000000000001794                main
 .text.UARTGetChar
                0x000000000000181c       0x14 ./main.o
                0x000000000000181c                UARTGetChar
 .text.UARTPutChar
                0x0000000000001830       0x54 ./main.o
                0x0000000000001830                UARTPutChar
 .text.UARTPutString
                0x0000000000001884       0x94 ./main.o
                0x0000000000001884                UARTPutString
 .text.print_task
                0x0000000000001918       0x24 ./main.o
                0x0000000000001918                print_task
 .text.Terminal
                0x000000000000193c      0x1dc ./main.o
                0x000000000000193c                Terminal
 .text.NmiSR    0x0000000000001b18        0x2 ./tm4c1294ncpdt_startup_ccs_gcc.o
 .text.FaultISR
                0x0000000000001b1a        0x2 ./tm4c1294ncpdt_startup_ccs_gcc.o
 .text.IntDefaultHandler
                0x0000000000001b1c        0x2 ./tm4c1294ncpdt_startup_ccs_gcc.o
 *fill*         0x0000000000001b1e        0x2 
 .text.ResetISR
                0x0000000000001b20       0x50 ./tm4c1294ncpdt_startup_ccs_gcc.o
                0x0000000000001b20                ResetISR
 .text.prvTestWaitCondition
                0x0000000000001b70       0x1c ./FreeRTOS/event_groups.o
 .text.xEventGroupCreate
                0x0000000000001b8c       0x1a ./FreeRTOS/event_groups.o
                0x0000000000001b8c                xEventGroupCreate
 *fill*         0x0000000000001ba6        0x2 
 .text.xEventGroupWaitBits
                0x0000000000001ba8      0x10c ./FreeRTOS/event_groups.o
                0x0000000000001ba8                xEventGroupWaitBits
 .text.xEventGroupClearBits
                0x0000000000001cb4       0x46 ./FreeRTOS/event_groups.o
                0x0000000000001cb4                xEventGroupClearBits
 .text.xEventGroupGetBitsFromISR
                0x0000000000001cfa       0x1c ./FreeRTOS/event_groups.o
                0x0000000000001cfa                xEventGroupGetBitsFromISR
 .text.xEventGroupSetBits
                0x0000000000001d16       0x8c ./FreeRTOS/event_groups.o
                0x0000000000001d16                xEventGroupSetBits
 *fill*         0x0000000000001da2        0x2 
 .text.xEventGroupSync
                0x0000000000001da4       0xd4 ./FreeRTOS/event_groups.o
                0x0000000000001da4                xEventGroupSync
 .text.vEventGroupDelete
                0x0000000000001e78       0x3e ./FreeRTOS/event_groups.o
                0x0000000000001e78                vEventGroupDelete
 .text.vEventGroupSetBitsCallback
                0x0000000000001eb6        0x8 ./FreeRTOS/event_groups.o
                0x0000000000001eb6                vEventGroupSetBitsCallback
 .text.vEventGroupClearBitsCallback
                0x0000000000001ebe        0x8 ./FreeRTOS/event_groups.o
                0x0000000000001ebe                vEventGroupClearBitsCallback
 .text.uxEventGroupGetNumber
                0x0000000000001ec6        0xa ./FreeRTOS/event_groups.o
                0x0000000000001ec6                uxEventGroupGetNumber
 .text.vEventGroupSetNumber
                0x0000000000001ed0        0x4 ./FreeRTOS/event_groups.o
                0x0000000000001ed0                vEventGroupSetNumber
 .text.vListInitialise
                0x0000000000001ed4       0x16 ./FreeRTOS/list.o
                0x0000000000001ed4                vListInitialise
 .text.vListInitialiseItem
                0x0000000000001eea        0x6 ./FreeRTOS/list.o
                0x0000000000001eea                vListInitialiseItem
 .text.vListInsertEnd
                0x0000000000001ef0       0x18 ./FreeRTOS/list.o
                0x0000000000001ef0                vListInsertEnd
 .text.vListInsert
                0x0000000000001f08       0x34 ./FreeRTOS/list.o
                0x0000000000001f08                vListInsert
 .text.uxListRemove
                0x0000000000001f3c       0x28 ./FreeRTOS/list.o
                0x0000000000001f3c                uxListRemove
 .text.prvGetDisinheritPriorityAfterTimeout
                0x0000000000001f64       0x12 ./FreeRTOS/queue.o
 .text.prvIsQueueFull
                0x0000000000001f76       0x1e ./FreeRTOS/queue.o
 .text.prvIsQueueEmpty
                0x0000000000001f94       0x1a ./FreeRTOS/queue.o
 .text.prvCopyDataToQueue
                0x0000000000001fae       0x76 ./FreeRTOS/queue.o
 .text.prvCopyDataFromQueue
                0x0000000000002024       0x24 ./FreeRTOS/queue.o
 .text.prvUnlockQueue
                0x0000000000002048       0x6e ./FreeRTOS/queue.o
 *fill*         0x00000000000020b6        0x2 
 .text.xQueueGenericReset
                0x00000000000020b8       0x84 ./FreeRTOS/queue.o
                0x00000000000020b8                xQueueGenericReset
 .text.prvInitialiseNewQueue
                0x000000000000213c       0x22 ./FreeRTOS/queue.o
 .text.xQueueGenericCreate
                0x000000000000215e       0x76 ./FreeRTOS/queue.o
                0x000000000000215e                xQueueGenericCreate
 .text.xQueueCreateCountingSemaphore
                0x00000000000021d4       0x40 ./FreeRTOS/queue.o
                0x00000000000021d4                xQueueCreateCountingSemaphore
 .text.xQueueGenericSend
                0x0000000000002214      0x17c ./FreeRTOS/queue.o
                0x0000000000002214                xQueueGenericSend
 .text.prvInitialiseMutex
                0x0000000000002390       0x18 ./FreeRTOS/queue.o
 .text.xQueueCreateMutex
                0x00000000000023a8       0x16 ./FreeRTOS/queue.o
                0x00000000000023a8                xQueueCreateMutex
 .text.xQueueGiveMutexRecursive
                0x00000000000023be       0x40 ./FreeRTOS/queue.o
                0x00000000000023be                xQueueGiveMutexRecursive
 .text.xQueueGenericSendFromISR
                0x00000000000023fe       0xe4 ./FreeRTOS/queue.o
                0x00000000000023fe                xQueueGenericSendFromISR
 .text.xQueueGiveFromISR
                0x00000000000024e2       0xc8 ./FreeRTOS/queue.o
                0x00000000000024e2                xQueueGiveFromISR
 *fill*         0x00000000000025aa        0x2 
 .text.xQueueReceive
                0x00000000000025ac      0x158 ./FreeRTOS/queue.o
                0x00000000000025ac                xQueueReceive
 .text.xQueueSemaphoreTake
                0x0000000000002704      0x19c ./FreeRTOS/queue.o
                0x0000000000002704                xQueueSemaphoreTake
 .text.xQueueTakeMutexRecursive
                0x00000000000028a0       0x44 ./FreeRTOS/queue.o
                0x00000000000028a0                xQueueTakeMutexRecursive
 .text.xQueuePeek
                0x00000000000028e4      0x158 ./FreeRTOS/queue.o
                0x00000000000028e4                xQueuePeek
 .text.xQueueReceiveFromISR
                0x0000000000002a3c       0xc0 ./FreeRTOS/queue.o
                0x0000000000002a3c                xQueueReceiveFromISR
 .text.xQueuePeekFromISR
                0x0000000000002afc       0x7c ./FreeRTOS/queue.o
                0x0000000000002afc                xQueuePeekFromISR
 .text.uxQueueMessagesWaiting
                0x0000000000002b78       0x26 ./FreeRTOS/queue.o
                0x0000000000002b78                uxQueueMessagesWaiting
 .text.uxQueueSpacesAvailable
                0x0000000000002b9e       0x2a ./FreeRTOS/queue.o
                0x0000000000002b9e                uxQueueSpacesAvailable
 .text.uxQueueMessagesWaitingFromISR
                0x0000000000002bc8       0x18 ./FreeRTOS/queue.o
                0x0000000000002bc8                uxQueueMessagesWaitingFromISR
 .text.uxQueueGetQueueNumber
                0x0000000000002be0        0x4 ./FreeRTOS/queue.o
                0x0000000000002be0                uxQueueGetQueueNumber
 .text.vQueueSetQueueNumber
                0x0000000000002be4        0x4 ./FreeRTOS/queue.o
                0x0000000000002be4                vQueueSetQueueNumber
 .text.ucQueueGetQueueType
                0x0000000000002be8        0x6 ./FreeRTOS/queue.o
                0x0000000000002be8                ucQueueGetQueueType
 .text.xQueueIsQueueEmptyFromISR
                0x0000000000002bee       0x20 ./FreeRTOS/queue.o
                0x0000000000002bee                xQueueIsQueueEmptyFromISR
 .text.xQueueIsQueueFullFromISR
                0x0000000000002c0e       0x24 ./FreeRTOS/queue.o
                0x0000000000002c0e                xQueueIsQueueFullFromISR
 *fill*         0x0000000000002c32        0x2 
 .text.vQueueAddToRegistry
                0x0000000000002c34       0x28 ./FreeRTOS/queue.o
                0x0000000000002c34                vQueueAddToRegistry
 .text.pcQueueGetName
                0x0000000000002c5c       0x28 ./FreeRTOS/queue.o
                0x0000000000002c5c                pcQueueGetName
 .text.vQueueUnregisterQueue
                0x0000000000002c84       0x2c ./FreeRTOS/queue.o
                0x0000000000002c84                vQueueUnregisterQueue
 .text.vQueueDelete
                0x0000000000002cb0       0x24 ./FreeRTOS/queue.o
                0x0000000000002cb0                vQueueDelete
 .text.vQueueWaitForMessageRestricted
                0x0000000000002cd4       0x52 ./FreeRTOS/queue.o
                0x0000000000002cd4                vQueueWaitForMessageRestricted
 .text.prvBytesInBuffer
                0x0000000000002d26       0x12 ./FreeRTOS/stream_buffer.o
 .text.prvInitialiseNewStreamBuffer
                0x0000000000002d38       0x40 ./FreeRTOS/stream_buffer.o
 .text.prvWriteBytesToBuffer
                0x0000000000002d78       0x8c ./FreeRTOS/stream_buffer.o
 .text.prvWriteMessageToBuffer
                0x0000000000002e04       0x48 ./FreeRTOS/stream_buffer.o
 .text.prvReadBytesFromBuffer
                0x0000000000002e4c       0x96 ./FreeRTOS/stream_buffer.o
 .text.prvReadMessageFromBuffer
                0x0000000000002ee2       0x44 ./FreeRTOS/stream_buffer.o
 .text.xStreamBufferGenericCreate
                0x0000000000002f26       0x7e ./FreeRTOS/stream_buffer.o
                0x0000000000002f26                xStreamBufferGenericCreate
 .text.vStreamBufferDelete
                0x0000000000002fa4       0x2e ./FreeRTOS/stream_buffer.o
                0x0000000000002fa4                vStreamBufferDelete
 .text.xStreamBufferReset
                0x0000000000002fd2       0x4e ./FreeRTOS/stream_buffer.o
                0x0000000000002fd2                xStreamBufferReset
 .text.xStreamBufferSetTriggerLevel
                0x0000000000003020       0x2a ./FreeRTOS/stream_buffer.o
                0x0000000000003020                xStreamBufferSetTriggerLevel
 .text.xStreamBufferSpacesAvailable
                0x000000000000304a       0x2a ./FreeRTOS/stream_buffer.o
                0x000000000000304a                xStreamBufferSpacesAvailable
 .text.xStreamBufferBytesAvailable
                0x0000000000003074       0x1c ./FreeRTOS/stream_buffer.o
                0x0000000000003074                xStreamBufferBytesAvailable
 .text.xStreamBufferSend
                0x0000000000003090      0x12c ./FreeRTOS/stream_buffer.o
                0x0000000000003090                xStreamBufferSend
 .text.xStreamBufferSendFromISR
                0x00000000000031bc       0xa2 ./FreeRTOS/stream_buffer.o
                0x00000000000031bc                xStreamBufferSendFromISR
 .text.xStreamBufferReceive
                0x000000000000325e       0xe6 ./FreeRTOS/stream_buffer.o
                0x000000000000325e                xStreamBufferReceive
 .text.xStreamBufferNextMessageLengthBytes
                0x0000000000003344       0x5a ./FreeRTOS/stream_buffer.o
                0x0000000000003344                xStreamBufferNextMessageLengthBytes
 .text.xStreamBufferReceiveFromISR
                0x000000000000339e       0x9c ./FreeRTOS/stream_buffer.o
                0x000000000000339e                xStreamBufferReceiveFromISR
 .text.xStreamBufferIsEmpty
                0x000000000000343a       0x24 ./FreeRTOS/stream_buffer.o
                0x000000000000343a                xStreamBufferIsEmpty
 .text.xStreamBufferIsFull
                0x000000000000345e       0x38 ./FreeRTOS/stream_buffer.o
                0x000000000000345e                xStreamBufferIsFull
 .text.xStreamBufferSendCompletedFromISR
                0x0000000000003496       0x54 ./FreeRTOS/stream_buffer.o
                0x0000000000003496                xStreamBufferSendCompletedFromISR
 .text.xStreamBufferReceiveCompletedFromISR
                0x00000000000034ea       0x54 ./FreeRTOS/stream_buffer.o
                0x00000000000034ea                xStreamBufferReceiveCompletedFromISR
 .text.uxStreamBufferGetStreamBufferNumber
                0x000000000000353e        0x4 ./FreeRTOS/stream_buffer.o
                0x000000000000353e                uxStreamBufferGetStreamBufferNumber
 .text.vStreamBufferSetStreamBufferNumber
                0x0000000000003542        0x4 ./FreeRTOS/stream_buffer.o
                0x0000000000003542                vStreamBufferSetStreamBufferNumber
 .text.ucStreamBufferGetStreamBufferType
                0x0000000000003546        0x8 ./FreeRTOS/stream_buffer.o
                0x0000000000003546                ucStreamBufferGetStreamBufferType
 *fill*         0x000000000000354e        0x2 
 .text.prvTaskIsTaskSuspended
                0x0000000000003550       0x40 ./FreeRTOS/tasks.o
 .text.prvTaskCheckFreeStackSpace
                0x0000000000003590       0x14 ./FreeRTOS/tasks.o
 .text.prvResetNextTaskUnblockTime
                0x00000000000035a4       0x28 ./FreeRTOS/tasks.o
 .text.prvDeleteTCB
                0x00000000000035cc       0x12 ./FreeRTOS/tasks.o
 .text.prvInitialiseNewTask
                0x00000000000035de       0x9a ./FreeRTOS/tasks.o
 .text.prvInitialiseTaskLists
                0x0000000000003678       0x68 ./FreeRTOS/tasks.o
 .text.prvAddNewTaskToReadyList
                0x00000000000036e0       0xac ./FreeRTOS/tasks.o
 .text.prvCheckTasksWaitingTermination
                0x000000000000378c       0x4c ./FreeRTOS/tasks.o
 .text.prvIdleTask
                0x00000000000037d8       0x28 ./FreeRTOS/tasks.o
 .text.prvAddCurrentTaskToDelayedList
                0x0000000000003800       0x98 ./FreeRTOS/tasks.o
 .text.prvWriteNameToBuffer
                0x0000000000003898       0x22 ./FreeRTOS/tasks.o
 .text.xTaskCreate
                0x00000000000038ba       0x62 ./FreeRTOS/tasks.o
                0x00000000000038ba                xTaskCreate
 .text.vTaskDelete
                0x000000000000391c       0xe0 ./FreeRTOS/tasks.o
                0x000000000000391c                vTaskDelete
 .text.eTaskGetState
                0x00000000000039fc       0x9c ./FreeRTOS/tasks.o
                0x00000000000039fc                eTaskGetState
 .text.uxTaskPriorityGet
                0x0000000000003a98       0x20 ./FreeRTOS/tasks.o
                0x0000000000003a98                uxTaskPriorityGet
 .text.uxTaskPriorityGetFromISR
                0x0000000000003ab8       0x30 ./FreeRTOS/tasks.o
                0x0000000000003ab8                uxTaskPriorityGetFromISR
 .text.vTaskPrioritySet
                0x0000000000003ae8       0xdc ./FreeRTOS/tasks.o
                0x0000000000003ae8                vTaskPrioritySet
 .text.vTaskResume
                0x0000000000003bc4       0x84 ./FreeRTOS/tasks.o
                0x0000000000003bc4                vTaskResume
 .text.xTaskResumeFromISR
                0x0000000000003c48       0xac ./FreeRTOS/tasks.o
                0x0000000000003c48                xTaskResumeFromISR
 .text.vTaskStartScheduler
                0x0000000000003cf4       0x90 ./FreeRTOS/tasks.o
                0x0000000000003cf4                vTaskStartScheduler
 .text.vTaskEndScheduler
                0x0000000000003d84       0x24 ./FreeRTOS/tasks.o
                0x0000000000003d84                vTaskEndScheduler
 .text.vTaskSuspendAll
                0x0000000000003da8       0x10 ./FreeRTOS/tasks.o
                0x0000000000003da8                vTaskSuspendAll
 .text.xTaskGetTickCount
                0x0000000000003db8        0xc ./FreeRTOS/tasks.o
                0x0000000000003db8                xTaskGetTickCount
 .text.xTaskGetTickCountFromISR
                0x0000000000003dc4       0x10 ./FreeRTOS/tasks.o
                0x0000000000003dc4                xTaskGetTickCountFromISR
 .text.uxTaskGetNumberOfTasks
                0x0000000000003dd4        0xc ./FreeRTOS/tasks.o
                0x0000000000003dd4                uxTaskGetNumberOfTasks
 .text.pcTaskGetName
                0x0000000000003de0       0x28 ./FreeRTOS/tasks.o
                0x0000000000003de0                pcTaskGetName
 .text.xTaskIncrementTick
                0x0000000000003e08      0x118 ./FreeRTOS/tasks.o
                0x0000000000003e08                xTaskIncrementTick
 .text.xTaskResumeAll
                0x0000000000003f20       0xf4 ./FreeRTOS/tasks.o
                0x0000000000003f20                xTaskResumeAll
 .text.xTaskDelayUntil
                0x0000000000004014       0xb0 ./FreeRTOS/tasks.o
                0x0000000000004014                xTaskDelayUntil
 .text.vTaskDelay
                0x00000000000040c4       0x4c ./FreeRTOS/tasks.o
                0x00000000000040c4                vTaskDelay
 .text.xTaskCatchUpTicks
                0x0000000000004110       0x38 ./FreeRTOS/tasks.o
                0x0000000000004110                xTaskCatchUpTicks
 .text.vTaskSwitchContext
                0x0000000000004148       0x98 ./FreeRTOS/tasks.o
                0x0000000000004148                vTaskSwitchContext
 .text.vTaskSuspend
                0x00000000000041e0       0xf8 ./FreeRTOS/tasks.o
                0x00000000000041e0                vTaskSuspend
 .text.vTaskPlaceOnEventList
                0x00000000000042d8       0x30 ./FreeRTOS/tasks.o
                0x00000000000042d8                vTaskPlaceOnEventList
 .text.vTaskPlaceOnUnorderedEventList
                0x0000000000004308       0x5c ./FreeRTOS/tasks.o
                0x0000000000004308                vTaskPlaceOnUnorderedEventList
 .text.vTaskPlaceOnEventListRestricted
                0x0000000000004364       0x38 ./FreeRTOS/tasks.o
                0x0000000000004364                vTaskPlaceOnEventListRestricted
 .text.xTaskRemoveFromEventList
                0x000000000000439c       0x8c ./FreeRTOS/tasks.o
                0x000000000000439c                xTaskRemoveFromEventList
 .text.vTaskRemoveFromUnorderedEventList
                0x0000000000004428       0x88 ./FreeRTOS/tasks.o
                0x0000000000004428                vTaskRemoveFromUnorderedEventList
 .text.vTaskSetTimeOutState
                0x00000000000044b0       0x38 ./FreeRTOS/tasks.o
                0x00000000000044b0                vTaskSetTimeOutState
 .text.vTaskInternalSetTimeOutState
                0x00000000000044e8       0x18 ./FreeRTOS/tasks.o
                0x00000000000044e8                vTaskInternalSetTimeOutState
 .text.xTaskCheckForTimeOut
                0x0000000000004500       0x84 ./FreeRTOS/tasks.o
                0x0000000000004500                xTaskCheckForTimeOut
 .text.vTaskMissedYield
                0x0000000000004584        0xc ./FreeRTOS/tasks.o
                0x0000000000004584                vTaskMissedYield
 .text.uxTaskGetTaskNumber
                0x0000000000004590        0xa ./FreeRTOS/tasks.o
                0x0000000000004590                uxTaskGetTaskNumber
 .text.vTaskSetTaskNumber
                0x000000000000459a        0x6 ./FreeRTOS/tasks.o
                0x000000000000459a                vTaskSetTaskNumber
 .text.vTaskGetInfo
                0x00000000000045a0       0x78 ./FreeRTOS/tasks.o
                0x00000000000045a0                vTaskGetInfo
 .text.prvListTasksWithinSingleList
                0x0000000000004618       0x60 ./FreeRTOS/tasks.o
 .text.uxTaskGetSystemState
                0x0000000000004678       0xb0 ./FreeRTOS/tasks.o
                0x0000000000004678                uxTaskGetSystemState
 .text.xTaskGetCurrentTaskHandle
                0x0000000000004728        0xc ./FreeRTOS/tasks.o
                0x0000000000004728                xTaskGetCurrentTaskHandle
 .text.xTaskGetSchedulerState
                0x0000000000004734       0x20 ./FreeRTOS/tasks.o
                0x0000000000004734                xTaskGetSchedulerState
 .text.xTaskPriorityInherit
                0x0000000000004754       0xac ./FreeRTOS/tasks.o
                0x0000000000004754                xTaskPriorityInherit
 .text.xTaskPriorityDisinherit
                0x0000000000004800       0xa4 ./FreeRTOS/tasks.o
                0x0000000000004800                xTaskPriorityDisinherit
 .text.vTaskPriorityDisinheritAfterTimeout
                0x00000000000048a4       0xb4 ./FreeRTOS/tasks.o
                0x00000000000048a4                vTaskPriorityDisinheritAfterTimeout
 .text.vTaskList
                0x0000000000004958       0xb8 ./FreeRTOS/tasks.o
                0x0000000000004958                vTaskList
 .text.uxTaskResetEventItemValue
                0x0000000000004a10       0x18 ./FreeRTOS/tasks.o
                0x0000000000004a10                uxTaskResetEventItemValue
 .text.pvTaskIncrementMutexHeldCount
                0x0000000000004a28       0x1c ./FreeRTOS/tasks.o
                0x0000000000004a28                pvTaskIncrementMutexHeldCount
 .text.ulTaskGenericNotifyTake
                0x0000000000004a44       0xac ./FreeRTOS/tasks.o
                0x0000000000004a44                ulTaskGenericNotifyTake
 .text.xTaskGenericNotifyWait
                0x0000000000004af0       0xd0 ./FreeRTOS/tasks.o
                0x0000000000004af0                xTaskGenericNotifyWait
 .text.xTaskGenericNotify
                0x0000000000004bc0      0x14c ./FreeRTOS/tasks.o
                0x0000000000004bc0                xTaskGenericNotify
 .text.xTaskGenericNotifyFromISR
                0x0000000000004d0c      0x180 ./FreeRTOS/tasks.o
                0x0000000000004d0c                xTaskGenericNotifyFromISR
 .text.vTaskGenericNotifyGiveFromISR
                0x0000000000004e8c       0xec ./FreeRTOS/tasks.o
                0x0000000000004e8c                vTaskGenericNotifyGiveFromISR
 .text.xTaskGenericNotifyStateClear
                0x0000000000004f78       0x4c ./FreeRTOS/tasks.o
                0x0000000000004f78                xTaskGenericNotifyStateClear
 .text.ulTaskGenericNotifyValueClear
                0x0000000000004fc4       0x34 ./FreeRTOS/tasks.o
                0x0000000000004fc4                ulTaskGenericNotifyValueClear
 .text.prvGetNextExpireTime
                0x0000000000004ff8       0x20 ./FreeRTOS/timers.o
 .text.prvInsertTimerInActiveList
                0x0000000000005018       0x48 ./FreeRTOS/timers.o
 .text.prvCheckForValidListAndQueue
                0x0000000000005060       0x5c ./FreeRTOS/timers.o
 .text.prvInitialiseNewTimer
                0x00000000000050bc       0x4c ./FreeRTOS/timers.o
 .text.xTimerCreateTimerTask
                0x0000000000005108       0x50 ./FreeRTOS/timers.o
                0x0000000000005108                xTimerCreateTimerTask
 .text.xTimerCreate
                0x0000000000005158       0x38 ./FreeRTOS/timers.o
                0x0000000000005158                xTimerCreate
 .text.xTimerGenericCommand
                0x0000000000005190       0x6c ./FreeRTOS/timers.o
                0x0000000000005190                xTimerGenericCommand
 .text.prvSwitchTimerLists
                0x00000000000051fc       0x7c ./FreeRTOS/timers.o
 .text.prvSampleTimeNow
                0x0000000000005278       0x2c ./FreeRTOS/timers.o
 .text.prvProcessExpiredTimer
                0x00000000000052a4       0x6c ./FreeRTOS/timers.o
 .text.prvProcessTimerOrBlockTask
                0x0000000000005310       0x74 ./FreeRTOS/timers.o
 .text.prvProcessReceivedCommands
                0x0000000000005384       0xfc ./FreeRTOS/timers.o
 .text.prvTimerTask
                0x0000000000005480       0x16 ./FreeRTOS/timers.o
 *fill*         0x0000000000005496        0x2 
 .text.xTimerGetTimerDaemonTaskHandle
                0x0000000000005498       0x20 ./FreeRTOS/timers.o
                0x0000000000005498                xTimerGetTimerDaemonTaskHandle
 .text.xTimerGetPeriod
                0x00000000000054b8       0x18 ./FreeRTOS/timers.o
                0x00000000000054b8                xTimerGetPeriod
 .text.vTimerSetReloadMode
                0x00000000000054d0       0x40 ./FreeRTOS/timers.o
                0x00000000000054d0                vTimerSetReloadMode
 .text.uxTimerGetReloadMode
                0x0000000000005510       0x34 ./FreeRTOS/timers.o
                0x0000000000005510                uxTimerGetReloadMode
 .text.xTimerGetExpiryTime
                0x0000000000005544       0x18 ./FreeRTOS/timers.o
                0x0000000000005544                xTimerGetExpiryTime
 .text.pcTimerGetName
                0x000000000000555c       0x18 ./FreeRTOS/timers.o
                0x000000000000555c                pcTimerGetName
 .text.xTimerIsTimerActive
                0x0000000000005574       0x34 ./FreeRTOS/timers.o
                0x0000000000005574                xTimerIsTimerActive
 .text.pvTimerGetTimerID
                0x00000000000055a8       0x26 ./FreeRTOS/timers.o
                0x00000000000055a8                pvTimerGetTimerID
 .text.vTimerSetTimerID
                0x00000000000055ce       0x26 ./FreeRTOS/timers.o
                0x00000000000055ce                vTimerSetTimerID
 .text.uxTimerGetTimerNumber
                0x00000000000055f4        0x4 ./FreeRTOS/timers.o
                0x00000000000055f4                uxTimerGetTimerNumber
 .text.vTimerSetTimerNumber
                0x00000000000055f8        0x4 ./FreeRTOS/timers.o
                0x00000000000055f8                vTimerSetTimerNumber
 .text.prvTaskExitError
                0x00000000000055fc       0x40 ./FreeRTOS/portable/GCC/ARM_CM4F/port.o
 .text.prvPortStartFirstTask
                0x000000000000563c       0x28 ./FreeRTOS/portable/GCC/ARM_CM4F/port.o
 .text.vPortEnableVFP
                0x0000000000005664       0x14 ./FreeRTOS/portable/GCC/ARM_CM4F/port.o
 .text.pxPortInitialiseStack
                0x0000000000005678       0x2c ./FreeRTOS/portable/GCC/ARM_CM4F/port.o
                0x0000000000005678                pxPortInitialiseStack
 *fill*         0x00000000000056a4        0xc 
 .text.vPortSVCHandler
                0x00000000000056b0       0x24 ./FreeRTOS/portable/GCC/ARM_CM4F/port.o
                0x00000000000056b0                vPortSVCHandler
 .text.vPortEndScheduler
                0x00000000000056d4       0x24 ./FreeRTOS/portable/GCC/ARM_CM4F/port.o
                0x00000000000056d4                vPortEndScheduler
 .text.vPortEnterCritical
                0x00000000000056f8       0x44 ./FreeRTOS/portable/GCC/ARM_CM4F/port.o
                0x00000000000056f8                vPortEnterCritical
 .text.vPortExitCritical
                0x000000000000573c       0x2c ./FreeRTOS/portable/GCC/ARM_CM4F/port.o
                0x000000000000573c                vPortExitCritical
 *fill*         0x0000000000005768        0x8 
 .text.xPortPendSVHandler
                0x0000000000005770       0x64 ./FreeRTOS/portable/GCC/ARM_CM4F/port.o
                0x0000000000005770                xPortPendSVHandler
 .text.xPortSysTickHandler
                0x00000000000057d4       0x2c ./FreeRTOS/portable/GCC/ARM_CM4F/port.o
                0x00000000000057d4                xPortSysTickHandler
 .text.vPortSetupTimerInterrupt
                0x0000000000005800       0x28 ./FreeRTOS/portable/GCC/ARM_CM4F/port.o
                0x0000000000005800                vPortSetupTimerInterrupt
 .text.xPortStartScheduler
                0x0000000000005828      0x110 ./FreeRTOS/portable/GCC/ARM_CM4F/port.o
                0x0000000000005828                xPortStartScheduler
 .text.vPortValidateInterruptPriority
                0x0000000000005938       0x5c ./FreeRTOS/portable/GCC/ARM_CM4F/port.o
                0x0000000000005938                vPortValidateInterruptPriority
 .text.prvHeapInit
                0x0000000000005994       0x64 ./FreeRTOS/portable/MemMang/heap_4.o
 .text.prvInsertBlockIntoFreeList
                0x00000000000059f8       0x58 ./FreeRTOS/portable/MemMang/heap_4.o
 .text.pvPortMalloc
                0x0000000000005a50      0x128 ./FreeRTOS/portable/MemMang/heap_4.o
                0x0000000000005a50                pvPortMalloc
 .text.vPortFree
                0x0000000000005b78       0x7c ./FreeRTOS/portable/MemMang/heap_4.o
                0x0000000000005b78                vPortFree
 .text.xPortGetFreeHeapSize
                0x0000000000005bf4        0xc ./FreeRTOS/portable/MemMang/heap_4.o
                0x0000000000005bf4                xPortGetFreeHeapSize
 .text.xPortGetMinimumEverFreeHeapSize
                0x0000000000005c00        0xc ./FreeRTOS/portable/MemMang/heap_4.o
                0x0000000000005c00                xPortGetMinimumEverFreeHeapSize
 .text.vPortInitialiseBlocks
                0x0000000000005c0c        0x2 ./FreeRTOS/portable/MemMang/heap_4.o
                0x0000000000005c0c                vPortInitialiseBlocks
 *fill*         0x0000000000005c0e        0x2 
 .text.vPortGetHeapStats
                0x0000000000005c10       0x80 ./FreeRTOS/portable/MemMang/heap_4.o
                0x0000000000005c10                vPortGetHeapStats
 .text.prvGetNumberOfParameters
                0x0000000000005c90       0x28 ./FreeRTOS-Plus-CLI/FreeRTOS_CLI.o
 .text.prvHelpCommand
                0x0000000000005cb8       0x34 ./FreeRTOS-Plus-CLI/FreeRTOS_CLI.o
 .text.FreeRTOS_CLIRegisterCommand
                0x0000000000005cec       0x54 ./FreeRTOS-Plus-CLI/FreeRTOS_CLI.o
                0x0000000000005cec                FreeRTOS_CLIRegisterCommand
 .text.FreeRTOS_CLIProcessCommand
                0x0000000000005d40       0xcc ./FreeRTOS-Plus-CLI/FreeRTOS_CLI.o
                0x0000000000005d40                FreeRTOS_CLIProcessCommand
 .text.FreeRTOS_CLIGetOutputBuffer
                0x0000000000005e0c        0x8 ./FreeRTOS-Plus-CLI/FreeRTOS_CLI.o
                0x0000000000005e0c                FreeRTOS_CLIGetOutputBuffer
 .text.FreeRTOS_CLIGetParameter
                0x0000000000005e14       0x52 ./FreeRTOS-Plus-CLI/FreeRTOS_CLI.o
                0x0000000000005e14                FreeRTOS_CLIGetParameter
 *fill*         0x0000000000005e66        0x2 
 .text.exit     0x0000000000005e68       0x20 /home/albino/ti/ccs1020/ccs/tools/compiler/gcc-arm-none-eabi-7-2017-q4-major/bin/../lib/gcc/arm-none-eabi/7.2.1/../../../../arm-none-eabi/lib/thumb/v7e-m/fpv4-sp/hard/libc.a(lib_a-exit.o)
                0x0000000000005e68                exit
 .text.__libc_init_array
                0x0000000000005e88       0x48 /home/albino/ti/ccs1020/ccs/tools/compiler/gcc-arm-none-eabi-7-2017-q4-major/bin/../lib/gcc/arm-none-eabi/7.2.1/../../../../arm-none-eabi/lib/thumb/v7e-m/fpv4-sp/hard/libc.a(lib_a-init.o)
                0x0000000000005e88                __libc_init_array
 .text.memset   0x0000000000005ed0       0x94 /home/albino/ti/ccs1020/ccs/tools/compiler/gcc-arm-none-eabi-7-2017-q4-major/bin/../lib/gcc/arm-none-eabi/7.2.1/../../../../arm-none-eabi/lib/thumb/v7e-m/fpv4-sp/hard/libc.a(lib_a-memset.o)
                0x0000000000005ed0                memset
 .text._sprintf_r
                0x0000000000005f64       0x3c /home/albino/ti/ccs1020/ccs/tools/compiler/gcc-arm-none-eabi-7-2017-q4-major/bin/../lib/gcc/arm-none-eabi/7.2.1/../../../../arm-none-eabi/lib/thumb/v7e-m/fpv4-sp/hard/libc.a(lib_a-sprintf.o)
                0x0000000000005f64                _sprintf_r
 .text.sprintf  0x0000000000005fa0       0x44 /home/albino/ti/ccs1020/ccs/tools/compiler/gcc-arm-none-eabi-7-2017-q4-major/bin/../lib/gcc/arm-none-eabi/7.2.1/../../../../arm-none-eabi/lib/thumb/v7e-m/fpv4-sp/hard/libc.a(lib_a-sprintf.o)
                0x0000000000005fa0                sprintf
 .text.strcpy   0x0000000000005fe4       0xbc /home/albino/ti/ccs1020/ccs/tools/compiler/gcc-arm-none-eabi-7-2017-q4-major/bin/../lib/gcc/arm-none-eabi/7.2.1/../../../../arm-none-eabi/lib/thumb/v7e-m/fpv4-sp/hard/libc.a(lib_a-strcpy.o)
                0x0000000000005fe4                strcpy
 .text.strncmp  0x00000000000060a0       0x98 /home/albino/ti/ccs1020/ccs/tools/compiler/gcc-arm-none-eabi-7-2017-q4-major/bin/../lib/gcc/arm-none-eabi/7.2.1/../../../../arm-none-eabi/lib/thumb/v7e-m/fpv4-sp/hard/libc.a(lib_a-strncmp.o)
                0x00000000000060a0                strncmp
 .text.strncpy  0x0000000000006138       0x64 /home/albino/ti/ccs1020/ccs/tools/compiler/gcc-arm-none-eabi-7-2017-q4-major/bin/../lib/gcc/arm-none-eabi/7.2.1/../../../../arm-none-eabi/lib/thumb/v7e-m/fpv4-sp/hard/libc.a(lib_a-strncpy.o)
                0x0000000000006138                strncpy
 *fill*         0x000000000000619c        0x4 
 .text._svfprintf_r
                0x00000000000061a0     0x144c /home/albino/ti/ccs1020/ccs/tools/compiler/gcc-arm-none-eabi-7-2017-q4-major/bin/../lib/gcc/arm-none-eabi/7.2.1/../../../../arm-none-eabi/lib/thumb/v7e-m/fpv4-sp/hard/libc.a(lib_a-svfprintf.o)
                0x00000000000061a0                _svfprintf_r
 .text.startup.register_fini
                0x00000000000075ec       0x14 /home/albino/ti/ccs1020/ccs/tools/compiler/gcc-arm-none-eabi-7-2017-q4-major/bin/../lib/gcc/arm-none-eabi/7.2.1/../../../../arm-none-eabi/lib/thumb/v7e-m/fpv4-sp/hard/libc.a(lib_a-__call_atexit.o)
 .text.__call_exitprocs
                0x0000000000007600       0xe8 /home/albino/ti/ccs1020/ccs/tools/compiler/gcc-arm-none-eabi-7-2017-q4-major/bin/../lib/gcc/arm-none-eabi/7.2.1/../../../../arm-none-eabi/lib/thumb/v7e-m/fpv4-sp/hard/libc.a(lib_a-__call_atexit.o)
                0x0000000000007600                __call_exitprocs
 .text.atexit   0x00000000000076e8        0xc /home/albino/ti/ccs1020/ccs/tools/compiler/gcc-arm-none-eabi-7-2017-q4-major/bin/../lib/gcc/arm-none-eabi/7.2.1/../../../../arm-none-eabi/lib/thumb/v7e-m/fpv4-sp/hard/libc.a(lib_a-atexit.o)
                0x00000000000076e8                atexit
 .text.quorem   0x00000000000076f4      0x124 /home/albino/ti/ccs1020/ccs/tools/compiler/gcc-arm-none-eabi-7-2017-q4-major/bin/../lib/gcc/arm-none-eabi/7.2.1/../../../../arm-none-eabi/lib/thumb/v7e-m/fpv4-sp/hard/libc.a(lib_a-dtoa.o)
 .text._dtoa_r  0x0000000000007818      0xe28 /home/albino/ti/ccs1020/ccs/tools/compiler/gcc-arm-none-eabi-7-2017-q4-major/bin/../lib/gcc/arm-none-eabi/7.2.1/../../../../arm-none-eabi/lib/thumb/v7e-m/fpv4-sp/hard/libc.a(lib_a-dtoa.o)
                0x0000000000007818                _dtoa_r
 .text.__libc_fini_array
                0x0000000000008640       0x34 /home/albino/ti/ccs1020/ccs/tools/compiler/gcc-arm-none-eabi-7-2017-q4-major/bin/../lib/gcc/arm-none-eabi/7.2.1/../../../../arm-none-eabi/lib/thumb/v7e-m/fpv4-sp/hard/libc.a(lib_a-fini.o)
                0x0000000000008640                __libc_fini_array
 .text.__localeconv_l
                0x0000000000008674        0x4 /home/albino/ti/ccs1020/ccs/tools/compiler/gcc-arm-none-eabi-7-2017-q4-major/bin/../lib/gcc/arm-none-eabi/7.2.1/../../../../arm-none-eabi/lib/thumb/v7e-m/fpv4-sp/hard/libc.a(lib_a-localeconv.o)
                0x0000000000008674                __localeconv_l
 .text._localeconv_r
                0x0000000000008678       0x1c /home/albino/ti/ccs1020/ccs/tools/compiler/gcc-arm-none-eabi-7-2017-q4-major/bin/../lib/gcc/arm-none-eabi/7.2.1/../../../../arm-none-eabi/lib/thumb/v7e-m/fpv4-sp/hard/libc.a(lib_a-localeconv.o)
                0x0000000000008678                _localeconv_r
 .text.localeconv
                0x0000000000008694       0x1c /home/albino/ti/ccs1020/ccs/tools/compiler/gcc-arm-none-eabi-7-2017-q4-major/bin/../lib/gcc/arm-none-eabi/7.2.1/../../../../arm-none-eabi/lib/thumb/v7e-m/fpv4-sp/hard/libc.a(lib_a-localeconv.o)
                0x0000000000008694                localeconv
 .text.__retarget_lock_init
                0x00000000000086b0        0x4 /home/albino/ti/ccs1020/ccs/tools/compiler/gcc-arm-none-eabi-7-2017-q4-major/bin/../lib/gcc/arm-none-eabi/7.2.1/../../../../arm-none-eabi/lib/thumb/v7e-m/fpv4-sp/hard/libc.a(lib_a-lock.o)
                0x00000000000086b0                __retarget_lock_init
 .text.__retarget_lock_init_recursive
                0x00000000000086b4        0x4 /home/albino/ti/ccs1020/ccs/tools/compiler/gcc-arm-none-eabi-7-2017-q4-major/bin/../lib/gcc/arm-none-eabi/7.2.1/../../../../arm-none-eabi/lib/thumb/v7e-m/fpv4-sp/hard/libc.a(lib_a-lock.o)
                0x00000000000086b4                __retarget_lock_init_recursive
 .text.__retarget_lock_close
                0x00000000000086b8        0x4 /home/albino/ti/ccs1020/ccs/tools/compiler/gcc-arm-none-eabi-7-2017-q4-major/bin/../lib/gcc/arm-none-eabi/7.2.1/../../../../arm-none-eabi/lib/thumb/v7e-m/fpv4-sp/hard/libc.a(lib_a-lock.o)
                0x00000000000086b8                __retarget_lock_close
 .text.__retarget_lock_close_recursive
                0x00000000000086bc        0x4 /home/albino/ti/ccs1020/ccs/tools/compiler/gcc-arm-none-eabi-7-2017-q4-major/bin/../lib/gcc/arm-none-eabi/7.2.1/../../../../arm-none-eabi/lib/thumb/v7e-m/fpv4-sp/hard/libc.a(lib_a-lock.o)
                0x00000000000086bc                __retarget_lock_close_recursive
 .text.__retarget_lock_acquire
                0x00000000000086c0        0x4 /home/albino/ti/ccs1020/ccs/tools/compiler/gcc-arm-none-eabi-7-2017-q4-major/bin/../lib/gcc/arm-none-eabi/7.2.1/../../../../arm-none-eabi/lib/thumb/v7e-m/fpv4-sp/hard/libc.a(lib_a-lock.o)
                0x00000000000086c0                __retarget_lock_acquire
 .text.__retarget_lock_acquire_recursive
                0x00000000000086c4        0x4 /home/albino/ti/ccs1020/ccs/tools/compiler/gcc-arm-none-eabi-7-2017-q4-major/bin/../lib/gcc/arm-none-eabi/7.2.1/../../../../arm-none-eabi/lib/thumb/v7e-m/fpv4-sp/hard/libc.a(lib_a-lock.o)
                0x00000000000086c4                __retarget_lock_acquire_recursive
 .text.__retarget_lock_try_acquire
                0x00000000000086c8        0x4 /home/albino/ti/ccs1020/ccs/tools/compiler/gcc-arm-none-eabi-7-2017-q4-major/bin/../lib/gcc/arm-none-eabi/7.2.1/../../../../arm-none-eabi/lib/thumb/v7e-m/fpv4-sp/hard/libc.a(lib_a-lock.o)
                0x00000000000086c8                __retarget_lock_try_acquire
 .text.__retarget_lock_try_acquire_recursive
                0x00000000000086cc        0x4 /home/albino/ti/ccs1020/ccs/tools/compiler/gcc-arm-none-eabi-7-2017-q4-major/bin/../lib/gcc/arm-none-eabi/7.2.1/../../../../arm-none-eabi/lib/thumb/v7e-m/fpv4-sp/hard/libc.a(lib_a-lock.o)
                0x00000000000086cc                __retarget_lock_try_acquire_recursive
 .text.__retarget_lock_release
                0x00000000000086d0        0x4 /home/albino/ti/ccs1020/ccs/tools/compiler/gcc-arm-none-eabi-7-2017-q4-major/bin/../lib/gcc/arm-none-eabi/7.2.1/../../../../arm-none-eabi/lib/thumb/v7e-m/fpv4-sp/hard/libc.a(lib_a-lock.o)
                0x00000000000086d0                __retarget_lock_release
 .text.__retarget_lock_release_recursive
                0x00000000000086d4        0x4 /home/albino/ti/ccs1020/ccs/tools/compiler/gcc-arm-none-eabi-7-2017-q4-major/bin/../lib/gcc/arm-none-eabi/7.2.1/../../../../arm-none-eabi/lib/thumb/v7e-m/fpv4-sp/hard/libc.a(lib_a-lock.o)
                0x00000000000086d4                __retarget_lock_release_recursive
 .text._malloc_r
                0x00000000000086d8      0x548 /home/albino/ti/ccs1020/ccs/tools/compiler/gcc-arm-none-eabi-7-2017-q4-major/bin/../lib/gcc/arm-none-eabi/7.2.1/../../../../arm-none-eabi/lib/thumb/v7e-m/fpv4-sp/hard/libc.a(lib_a-mallocr.o)
                0x00000000000086d8                _malloc_r
 .text.__malloc_lock
                0x0000000000008c20        0xc /home/albino/ti/ccs1020/ccs/tools/compiler/gcc-arm-none-eabi-7-2017-q4-major/bin/../lib/gcc/arm-none-eabi/7.2.1/../../../../arm-none-eabi/lib/thumb/v7e-m/fpv4-sp/hard/libc.a(lib_a-mlock.o)
                0x0000000000008c20                __malloc_lock
 .text.__malloc_unlock
                0x0000000000008c2c        0xc /home/albino/ti/ccs1020/ccs/tools/compiler/gcc-arm-none-eabi-7-2017-q4-major/bin/../lib/gcc/arm-none-eabi/7.2.1/../../../../arm-none-eabi/lib/thumb/v7e-m/fpv4-sp/hard/libc.a(lib_a-mlock.o)
                0x0000000000008c2c                __malloc_unlock
 .text._Balloc  0x0000000000008c38       0x4c /home/albino/ti/ccs1020/ccs/tools/compiler/gcc-arm-none-eabi-7-2017-q4-major/bin/../lib/gcc/arm-none-eabi/7.2.1/../../../../arm-none-eabi/lib/thumb/v7e-m/fpv4-sp/hard/libc.a(lib_a-mprec.o)
                0x0000000000008c38                _Balloc
 .text._Bfree   0x0000000000008c84       0x14 /home/albino/ti/ccs1020/ccs/tools/compiler/gcc-arm-none-eabi-7-2017-q4-major/bin/../lib/gcc/arm-none-eabi/7.2.1/../../../../arm-none-eabi/lib/thumb/v7e-m/fpv4-sp/hard/libc.a(lib_a-mprec.o)
                0x0000000000008c84                _Bfree
 .text.__multadd
                0x0000000000008c98       0x80 /home/albino/ti/ccs1020/ccs/tools/compiler/gcc-arm-none-eabi-7-2017-q4-major/bin/../lib/gcc/arm-none-eabi/7.2.1/../../../../arm-none-eabi/lib/thumb/v7e-m/fpv4-sp/hard/libc.a(lib_a-mprec.o)
                0x0000000000008c98                __multadd
 .text.__s2b    0x0000000000008d18       0x98 /home/albino/ti/ccs1020/ccs/tools/compiler/gcc-arm-none-eabi-7-2017-q4-major/bin/../lib/gcc/arm-none-eabi/7.2.1/../../../../arm-none-eabi/lib/thumb/v7e-m/fpv4-sp/hard/libc.a(lib_a-mprec.o)
                0x0000000000008d18                __s2b
 .text.__hi0bits
                0x0000000000008db0       0x40 /home/albino/ti/ccs1020/ccs/tools/compiler/gcc-arm-none-eabi-7-2017-q4-major/bin/../lib/gcc/arm-none-eabi/7.2.1/../../../../arm-none-eabi/lib/thumb/v7e-m/fpv4-sp/hard/libc.a(lib_a-mprec.o)
                0x0000000000008db0                __hi0bits
 .text.__lo0bits
                0x0000000000008df0       0x60 /home/albino/ti/ccs1020/ccs/tools/compiler/gcc-arm-none-eabi-7-2017-q4-major/bin/../lib/gcc/arm-none-eabi/7.2.1/../../../../arm-none-eabi/lib/thumb/v7e-m/fpv4-sp/hard/libc.a(lib_a-mprec.o)
                0x0000000000008df0                __lo0bits
 .text.__i2b    0x0000000000008e50       0x14 /home/albino/ti/ccs1020/ccs/tools/compiler/gcc-arm-none-eabi-7-2017-q4-major/bin/../lib/gcc/arm-none-eabi/7.2.1/../../../../arm-none-eabi/lib/thumb/v7e-m/fpv4-sp/hard/libc.a(lib_a-mprec.o)
                0x0000000000008e50                __i2b
 .text.__multiply
                0x0000000000008e64      0x14c /home/albino/ti/ccs1020/ccs/tools/compiler/gcc-arm-none-eabi-7-2017-q4-major/bin/../lib/gcc/arm-none-eabi/7.2.1/../../../../arm-none-eabi/lib/thumb/v7e-m/fpv4-sp/hard/libc.a(lib_a-mprec.o)
                0x0000000000008e64                __multiply
 .text.__pow5mult
                0x0000000000008fb0       0xa0 /home/albino/ti/ccs1020/ccs/tools/compiler/gcc-arm-none-eabi-7-2017-q4-major/bin/../lib/gcc/arm-none-eabi/7.2.1/../../../../arm-none-eabi/lib/thumb/v7e-m/fpv4-sp/hard/libc.a(lib_a-mprec.o)
                0x0000000000008fb0                __pow5mult
 .text.__lshift
                0x0000000000009050       0xac /home/albino/ti/ccs1020/ccs/tools/compiler/gcc-arm-none-eabi-7-2017-q4-major/bin/../lib/gcc/arm-none-eabi/7.2.1/../../../../arm-none-eabi/lib/thumb/v7e-m/fpv4-sp/hard/libc.a(lib_a-mprec.o)
                0x0000000000009050                __lshift
 .text.__mcmp   0x00000000000090fc       0x38 /home/albino/ti/ccs1020/ccs/tools/compiler/gcc-arm-none-eabi-7-2017-q4-major/bin/../lib/gcc/arm-none-eabi/7.2.1/../../../../arm-none-eabi/lib/thumb/v7e-m/fpv4-sp/hard/libc.a(lib_a-mprec.o)
                0x00000000000090fc                __mcmp
 .text.__mdiff  0x0000000000009134       0xec /home/albino/ti/ccs1020/ccs/tools/compiler/gcc-arm-none-eabi-7-2017-q4-major/bin/../lib/gcc/arm-none-eabi/7.2.1/../../../../arm-none-eabi/lib/thumb/v7e-m/fpv4-sp/hard/libc.a(lib_a-mprec.o)
                0x0000000000009134                __mdiff
 .text.__ulp    0x0000000000009220       0x54 /home/albino/ti/ccs1020/ccs/tools/compiler/gcc-arm-none-eabi-7-2017-q4-major/bin/../lib/gcc/arm-none-eabi/7.2.1/../../../../arm-none-eabi/lib/thumb/v7e-m/fpv4-sp/hard/libc.a(lib_a-mprec.o)
                0x0000000000009220                __ulp
 .text.__b2d    0x0000000000009274       0xbc /home/albino/ti/ccs1020/ccs/tools/compiler/gcc-arm-none-eabi-7-2017-q4-major/bin/../lib/gcc/arm-none-eabi/7.2.1/../../../../arm-none-eabi/lib/thumb/v7e-m/fpv4-sp/hard/libc.a(lib_a-mprec.o)
                0x0000000000009274                __b2d
 .text.__d2b    0x0000000000009330       0xc4 /home/albino/ti/ccs1020/ccs/tools/compiler/gcc-arm-none-eabi-7-2017-q4-major/bin/../lib/gcc/arm-none-eabi/7.2.1/../../../../arm-none-eabi/lib/thumb/v7e-m/fpv4-sp/hard/libc.a(lib_a-mprec.o)
                0x0000000000009330                __d2b
 .text.__ratio  0x00000000000093f4       0x60 /home/albino/ti/ccs1020/ccs/tools/compiler/gcc-arm-none-eabi-7-2017-q4-major/bin/../lib/gcc/arm-none-eabi/7.2.1/../../../../arm-none-eabi/lib/thumb/v7e-m/fpv4-sp/hard/libc.a(lib_a-mprec.o)
                0x00000000000093f4                __ratio
 .text._mprec_log10
                0x0000000000009454       0x40 /home/albino/ti/ccs1020/ccs/tools/compiler/gcc-arm-none-eabi-7-2017-q4-major/bin/../lib/gcc/arm-none-eabi/7.2.1/../../../../arm-none-eabi/lib/thumb/v7e-m/fpv4-sp/hard/libc.a(lib_a-mprec.o)
                0x0000000000009454                _mprec_log10
 .text.__copybits
                0x0000000000009494       0x48 /home/albino/ti/ccs1020/ccs/tools/compiler/gcc-arm-none-eabi-7-2017-q4-major/bin/../lib/gcc/arm-none-eabi/7.2.1/../../../../arm-none-eabi/lib/thumb/v7e-m/fpv4-sp/hard/libc.a(lib_a-mprec.o)
                0x0000000000009494                __copybits
 .text.__any_on
                0x00000000000094dc       0x58 /home/albino/ti/ccs1020/ccs/tools/compiler/gcc-arm-none-eabi-7-2017-q4-major/bin/../lib/gcc/arm-none-eabi/7.2.1/../../../../arm-none-eabi/lib/thumb/v7e-m/fpv4-sp/hard/libc.a(lib_a-mprec.o)
                0x00000000000094dc                __any_on
 .text._sbrk_r  0x0000000000009534       0x24 /home/albino/ti/ccs1020/ccs/tools/compiler/gcc-arm-none-eabi-7-2017-q4-major/bin/../lib/gcc/arm-none-eabi/7.2.1/../../../../arm-none-eabi/lib/thumb/v7e-m/fpv4-sp/hard/libc.a(lib_a-sbrkr.o)
                0x0000000000009534                _sbrk_r
 .text.__ssprint_r
                0x0000000000009558       0xf4 /home/albino/ti/ccs1020/ccs/tools/compiler/gcc-arm-none-eabi-7-2017-q4-major/bin/../lib/gcc/arm-none-eabi/7.2.1/../../../../arm-none-eabi/lib/thumb/v7e-m/fpv4-sp/hard/libc.a(lib_a-svfiprintf.o)
                0x0000000000009558                __ssprint_r
 .text._svfiprintf_r
                0x000000000000964c      0xa68 /home/albino/ti/ccs1020/ccs/tools/compiler/gcc-arm-none-eabi-7-2017-q4-major/bin/../lib/gcc/arm-none-eabi/7.2.1/../../../../arm-none-eabi/lib/thumb/v7e-m/fpv4-sp/hard/libc.a(lib_a-svfiprintf.o)
                0x000000000000964c                _svfiprintf_r
 .text.__register_exitproc
                0x000000000000a0b4       0xc0 /home/albino/ti/ccs1020/ccs/tools/compiler/gcc-arm-none-eabi-7-2017-q4-major/bin/../lib/gcc/arm-none-eabi/7.2.1/../../../../arm-none-eabi/lib/thumb/v7e-m/fpv4-sp/hard/libc.a(lib_a-__atexit.o)
                0x000000000000a0b4                __register_exitproc
 .text._calloc_r
                0x000000000000a174       0x68 /home/albino/ti/ccs1020/ccs/tools/compiler/gcc-arm-none-eabi-7-2017-q4-major/bin/../lib/gcc/arm-none-eabi/7.2.1/../../../../arm-none-eabi/lib/thumb/v7e-m/fpv4-sp/hard/libc.a(lib_a-callocr.o)
                0x000000000000a174                _calloc_r
 .text._malloc_trim_r
                0x000000000000a1dc       0xa0 /home/albino/ti/ccs1020/ccs/tools/compiler/gcc-arm-none-eabi-7-2017-q4-major/bin/../lib/gcc/arm-none-eabi/7.2.1/../../../../arm-none-eabi/lib/thumb/v7e-m/fpv4-sp/hard/libc.a(lib_a-freer.o)
                0x000000000000a1dc                _malloc_trim_r
 .text._free_r  0x000000000000a27c      0x1e8 /home/albino/ti/ccs1020/ccs/tools/compiler/gcc-arm-none-eabi-7-2017-q4-major/bin/../lib/gcc/arm-none-eabi/7.2.1/../../../../arm-none-eabi/lib/thumb/v7e-m/fpv4-sp/hard/libc.a(lib_a-freer.o)
                0x000000000000a27c                _free_r
 .text._setlocale_r
                0x000000000000a464       0x40 /home/albino/ti/ccs1020/ccs/tools/compiler/gcc-arm-none-eabi-7-2017-q4-major/bin/../lib/gcc/arm-none-eabi/7.2.1/../../../../arm-none-eabi/lib/thumb/v7e-m/fpv4-sp/hard/libc.a(lib_a-locale.o)
                0x000000000000a464                _setlocale_r
 .text.__locale_mb_cur_max
                0x000000000000a4a4       0x1c /home/albino/ti/ccs1020/ccs/tools/compiler/gcc-arm-none-eabi-7-2017-q4-major/bin/../lib/gcc/arm-none-eabi/7.2.1/../../../../arm-none-eabi/lib/thumb/v7e-m/fpv4-sp/hard/libc.a(lib_a-locale.o)
                0x000000000000a4a4                __locale_mb_cur_max
 .text.__locale_ctype_ptr_l
                0x000000000000a4c0        0x8 /home/albino/ti/ccs1020/ccs/tools/compiler/gcc-arm-none-eabi-7-2017-q4-major/bin/../lib/gcc/arm-none-eabi/7.2.1/../../../../arm-none-eabi/lib/thumb/v7e-m/fpv4-sp/hard/libc.a(lib_a-locale.o)
                0x000000000000a4c0                __locale_ctype_ptr_l
 .text.__locale_ctype_ptr
                0x000000000000a4c8       0x1c /home/albino/ti/ccs1020/ccs/tools/compiler/gcc-arm-none-eabi-7-2017-q4-major/bin/../lib/gcc/arm-none-eabi/7.2.1/../../../../arm-none-eabi/lib/thumb/v7e-m/fpv4-sp/hard/libc.a(lib_a-locale.o)
                0x000000000000a4c8                __locale_ctype_ptr
 .text.setlocale
                0x000000000000a4e4       0x10 /home/albino/ti/ccs1020/ccs/tools/compiler/gcc-arm-none-eabi-7-2017-q4-major/bin/../lib/gcc/arm-none-eabi/7.2.1/../../../../arm-none-eabi/lib/thumb/v7e-m/fpv4-sp/hard/libc.a(lib_a-locale.o)
                0x000000000000a4e4                setlocale
 .text._mbtowc_r
                0x000000000000a4f4       0x24 /home/albino/ti/ccs1020/ccs/tools/compiler/gcc-arm-none-eabi-7-2017-q4-major/bin/../lib/gcc/arm-none-eabi/7.2.1/../../../../arm-none-eabi/lib/thumb/v7e-m/fpv4-sp/hard/libc.a(lib_a-mbtowc_r.o)
                0x000000000000a4f4                _mbtowc_r
 .text.__ascii_mbtowc
                0x000000000000a518       0x2c /home/albino/ti/ccs1020/ccs/tools/compiler/gcc-arm-none-eabi-7-2017-q4-major/bin/../lib/gcc/arm-none-eabi/7.2.1/../../../../arm-none-eabi/lib/thumb/v7e-m/fpv4-sp/hard/libc.a(lib_a-mbtowc_r.o)
                0x000000000000a518                __ascii_mbtowc
 .text.memmove  0x000000000000a544       0xc8 /home/albino/ti/ccs1020/ccs/tools/compiler/gcc-arm-none-eabi-7-2017-q4-major/bin/../lib/gcc/arm-none-eabi/7.2.1/../../../../arm-none-eabi/lib/thumb/v7e-m/fpv4-sp/hard/libc.a(lib_a-memmove.o)
                0x000000000000a544                memmove
 .text._realloc_r
                0x000000000000a60c      0x35c /home/albino/ti/ccs1020/ccs/tools/compiler/gcc-arm-none-eabi-7-2017-q4-major/bin/../lib/gcc/arm-none-eabi/7.2.1/../../../../arm-none-eabi/lib/thumb/v7e-m/fpv4-sp/hard/libc.a(lib_a-reallocr.o)
                0x000000000000a60c                _realloc_r
 .text.cleanup_glue
                0x000000000000a968       0x28 /home/albino/ti/ccs1020/ccs/tools/compiler/gcc-arm-none-eabi-7-2017-q4-major/bin/../lib/gcc/arm-none-eabi/7.2.1/../../../../arm-none-eabi/lib/thumb/v7e-m/fpv4-sp/hard/libc.a(lib_a-reent.o)
                0x000000000000a968                cleanup_glue
 .text._reclaim_reent
                0x000000000000a990       0x88 /home/albino/ti/ccs1020/ccs/tools/compiler/gcc-arm-none-eabi-7-2017-q4-major/bin/../lib/gcc/arm-none-eabi/7.2.1/../../../../arm-none-eabi/lib/thumb/v7e-m/fpv4-sp/hard/libc.a(lib_a-reent.o)
                0x000000000000a990                _reclaim_reent
 .text._wctomb_r
                0x000000000000aa18       0x24 /home/albino/ti/ccs1020/ccs/tools/compiler/gcc-arm-none-eabi-7-2017-q4-major/bin/../lib/gcc/arm-none-eabi/7.2.1/../../../../arm-none-eabi/lib/thumb/v7e-m/fpv4-sp/hard/libc.a(lib_a-wctomb_r.o)
                0x000000000000aa18                _wctomb_r
 .text.__ascii_wctomb
                0x000000000000aa3c       0x1c /home/albino/ti/ccs1020/ccs/tools/compiler/gcc-arm-none-eabi-7-2017-q4-major/bin/../lib/gcc/arm-none-eabi/7.2.1/../../../../arm-none-eabi/lib/thumb/v7e-m/fpv4-sp/hard/libc.a(lib_a-wctomb_r.o)
                0x000000000000aa3c                __ascii_wctomb
 .text._GPIOIntNumberGet
                0x000000000000aa58       0x48 /home/albino/ti/tivaware/driverlib/gcc/libdriver.a(gpio.o)
 .text.GPIODirModeSet
                0x000000000000aaa0       0x2e /home/albino/ti/tivaware/driverlib/gcc/libdriver.a(gpio.o)
                0x000000000000aaa0                GPIODirModeSet
 .text.GPIODirModeGet
                0x000000000000aace       0x24 /home/albino/ti/tivaware/driverlib/gcc/libdriver.a(gpio.o)
                0x000000000000aace                GPIODirModeGet
 .text.GPIOIntTypeSet
                0x000000000000aaf2       0x5a /home/albino/ti/tivaware/driverlib/gcc/libdriver.a(gpio.o)
                0x000000000000aaf2                GPIOIntTypeSet
 .text.GPIOIntTypeGet
                0x000000000000ab4c       0x48 /home/albino/ti/tivaware/driverlib/gcc/libdriver.a(gpio.o)
                0x000000000000ab4c                GPIOIntTypeGet
 .text.GPIOPadConfigSet
                0x000000000000ab94      0x170 /home/albino/ti/tivaware/driverlib/gcc/libdriver.a(gpio.o)
                0x000000000000ab94                GPIOPadConfigSet
 .text.GPIOPadConfigGet
                0x000000000000ad04       0xe4 /home/albino/ti/tivaware/driverlib/gcc/libdriver.a(gpio.o)
                0x000000000000ad04                GPIOPadConfigGet
 .text.GPIOIntEnable
                0x000000000000ade8        0xc /home/albino/ti/tivaware/driverlib/gcc/libdriver.a(gpio.o)
                0x000000000000ade8                GPIOIntEnable
 .text.GPIOIntDisable
                0x000000000000adf4        0xe /home/albino/ti/tivaware/driverlib/gcc/libdriver.a(gpio.o)
                0x000000000000adf4                GPIOIntDisable
 .text.GPIOIntStatus
                0x000000000000ae02        0xe /home/albino/ti/tivaware/driverlib/gcc/libdriver.a(gpio.o)
                0x000000000000ae02                GPIOIntStatus
 .text.GPIOIntClear
                0x000000000000ae10        0x6 /home/albino/ti/tivaware/driverlib/gcc/libdriver.a(gpio.o)
                0x000000000000ae10                GPIOIntClear
 .text.GPIOIntRegister
                0x000000000000ae16       0x1a /home/albino/ti/tivaware/driverlib/gcc/libdriver.a(gpio.o)
                0x000000000000ae16                GPIOIntRegister
 .text.GPIOIntUnregister
                0x000000000000ae30       0x16 /home/albino/ti/tivaware/driverlib/gcc/libdriver.a(gpio.o)
                0x000000000000ae30                GPIOIntUnregister
 .text.GPIOIntRegisterPin
                0x000000000000ae46       0x1e /home/albino/ti/tivaware/driverlib/gcc/libdriver.a(gpio.o)
                0x000000000000ae46                GPIOIntRegisterPin
 .text.GPIOIntUnregisterPin
                0x000000000000ae64       0x1a /home/albino/ti/tivaware/driverlib/gcc/libdriver.a(gpio.o)
                0x000000000000ae64                GPIOIntUnregisterPin
 .text.GPIOPinRead
                0x000000000000ae7e        0x6 /home/albino/ti/tivaware/driverlib/gcc/libdriver.a(gpio.o)
                0x000000000000ae7e                GPIOPinRead
 .text.GPIOPinWrite
                0x000000000000ae84        0x6 /home/albino/ti/tivaware/driverlib/gcc/libdriver.a(gpio.o)
                0x000000000000ae84                GPIOPinWrite
 .text.GPIOPinTypeADC
                0x000000000000ae8a       0x1c /home/albino/ti/tivaware/driverlib/gcc/libdriver.a(gpio.o)
                0x000000000000ae8a                GPIOPinTypeADC
 .text.GPIOPinTypeCAN
                0x000000000000aea6       0x1c /home/albino/ti/tivaware/driverlib/gcc/libdriver.a(gpio.o)
                0x000000000000aea6                GPIOPinTypeCAN
 .text.GPIOPinTypeComparator
                0x000000000000aec2       0x1c /home/albino/ti/tivaware/driverlib/gcc/libdriver.a(gpio.o)
                0x000000000000aec2                GPIOPinTypeComparator
 .text.GPIOPinTypeComparatorOutput
                0x000000000000aede       0x1c /home/albino/ti/tivaware/driverlib/gcc/libdriver.a(gpio.o)
                0x000000000000aede                GPIOPinTypeComparatorOutput
 .text.GPIOPinTypeDIVSCLK
                0x000000000000aefa       0x1c /home/albino/ti/tivaware/driverlib/gcc/libdriver.a(gpio.o)
                0x000000000000aefa                GPIOPinTypeDIVSCLK
 .text.GPIOPinTypeEPI
                0x000000000000af16       0x1c /home/albino/ti/tivaware/driverlib/gcc/libdriver.a(gpio.o)
                0x000000000000af16                GPIOPinTypeEPI
 .text.GPIOPinTypeEthernetLED
                0x000000000000af32       0x1c /home/albino/ti/tivaware/driverlib/gcc/libdriver.a(gpio.o)
                0x000000000000af32                GPIOPinTypeEthernetLED
 .text.GPIOPinTypeEthernetMII
                0x000000000000af4e       0x1c /home/albino/ti/tivaware/driverlib/gcc/libdriver.a(gpio.o)
                0x000000000000af4e                GPIOPinTypeEthernetMII
 .text.GPIOPinTypeGPIOInput
                0x000000000000af6a       0x1c /home/albino/ti/tivaware/driverlib/gcc/libdriver.a(gpio.o)
                0x000000000000af6a                GPIOPinTypeGPIOInput
 .text.GPIOPinTypeGPIOOutput
                0x000000000000af86       0x1c /home/albino/ti/tivaware/driverlib/gcc/libdriver.a(gpio.o)
                0x000000000000af86                GPIOPinTypeGPIOOutput
 .text.GPIOPinTypeGPIOOutputOD
                0x000000000000afa2       0x1c /home/albino/ti/tivaware/driverlib/gcc/libdriver.a(gpio.o)
                0x000000000000afa2                GPIOPinTypeGPIOOutputOD
 .text.GPIOPinTypeHibernateRTCCLK
                0x000000000000afbe       0x1c /home/albino/ti/tivaware/driverlib/gcc/libdriver.a(gpio.o)
                0x000000000000afbe                GPIOPinTypeHibernateRTCCLK
 .text.GPIOPinTypeI2C
                0x000000000000afda       0x1c /home/albino/ti/tivaware/driverlib/gcc/libdriver.a(gpio.o)
                0x000000000000afda                GPIOPinTypeI2C
 .text.GPIOPinTypeI2CSCL
                0x000000000000aff6       0x1c /home/albino/ti/tivaware/driverlib/gcc/libdriver.a(gpio.o)
                0x000000000000aff6                GPIOPinTypeI2CSCL
 .text.GPIOPinTypeLCD
                0x000000000000b012       0x1c /home/albino/ti/tivaware/driverlib/gcc/libdriver.a(gpio.o)
                0x000000000000b012                GPIOPinTypeLCD
 .text.GPIOPinTypeOneWire
                0x000000000000b02e       0x1c /home/albino/ti/tivaware/driverlib/gcc/libdriver.a(gpio.o)
                0x000000000000b02e                GPIOPinTypeOneWire
 .text.GPIOPinTypePWM
                0x000000000000b04a       0x1c /home/albino/ti/tivaware/driverlib/gcc/libdriver.a(gpio.o)
                0x000000000000b04a                GPIOPinTypePWM
 .text.GPIOPinTypeQEI
                0x000000000000b066       0x1c /home/albino/ti/tivaware/driverlib/gcc/libdriver.a(gpio.o)
                0x000000000000b066                GPIOPinTypeQEI
 .text.GPIOPinTypeSSI
                0x000000000000b082       0x1c /home/albino/ti/tivaware/driverlib/gcc/libdriver.a(gpio.o)
                0x000000000000b082                GPIOPinTypeSSI
 .text.GPIOPinTypeTimer
                0x000000000000b09e       0x1c /home/albino/ti/tivaware/driverlib/gcc/libdriver.a(gpio.o)
                0x000000000000b09e                GPIOPinTypeTimer
 .text.GPIOPinTypeTrace
                0x000000000000b0ba       0x1c /home/albino/ti/tivaware/driverlib/gcc/libdriver.a(gpio.o)
                0x000000000000b0ba                GPIOPinTypeTrace
 .text.GPIOPinTypeUART
                0x000000000000b0d6       0x1c /home/albino/ti/tivaware/driverlib/gcc/libdriver.a(gpio.o)
                0x000000000000b0d6                GPIOPinTypeUART
 .text.GPIOPinTypeUSBAnalog
                0x000000000000b0f2       0x1c /home/albino/ti/tivaware/driverlib/gcc/libdriver.a(gpio.o)
                0x000000000000b0f2                GPIOPinTypeUSBAnalog
 .text.GPIOPinTypeUSBDigital
                0x000000000000b10e       0x1c /home/albino/ti/tivaware/driverlib/gcc/libdriver.a(gpio.o)
                0x000000000000b10e                GPIOPinTypeUSBDigital
 .text.GPIOPinTypeWakeHigh
                0x000000000000b12a       0x1e /home/albino/ti/tivaware/driverlib/gcc/libdriver.a(gpio.o)
                0x000000000000b12a                GPIOPinTypeWakeHigh
 .text.GPIOPinTypeWakeLow
                0x000000000000b148       0x1e /home/albino/ti/tivaware/driverlib/gcc/libdriver.a(gpio.o)
                0x000000000000b148                GPIOPinTypeWakeLow
 .text.GPIOPinWakeStatus
                0x000000000000b166        0x6 /home/albino/ti/tivaware/driverlib/gcc/libdriver.a(gpio.o)
                0x000000000000b166                GPIOPinWakeStatus
 .text.GPIOPinConfigure
                0x000000000000b16c       0x4c /home/albino/ti/tivaware/driverlib/gcc/libdriver.a(gpio.o)
                0x000000000000b16c                GPIOPinConfigure
 .text.GPIODMATriggerEnable
                0x000000000000b1b8        0xc /home/albino/ti/tivaware/driverlib/gcc/libdriver.a(gpio.o)
                0x000000000000b1b8                GPIODMATriggerEnable
 .text.GPIODMATriggerDisable
                0x000000000000b1c4        0xe /home/albino/ti/tivaware/driverlib/gcc/libdriver.a(gpio.o)
                0x000000000000b1c4                GPIODMATriggerDisable
 .text.GPIOADCTriggerEnable
                0x000000000000b1d2        0xc /home/albino/ti/tivaware/driverlib/gcc/libdriver.a(gpio.o)
                0x000000000000b1d2                GPIOADCTriggerEnable
 .text.GPIOADCTriggerDisable
                0x000000000000b1de        0xe /home/albino/ti/tivaware/driverlib/gcc/libdriver.a(gpio.o)
                0x000000000000b1de                GPIOADCTriggerDisable
 .text.GPIOUnlockPin
                0x000000000000b1ec       0x18 /home/albino/ti/tivaware/driverlib/gcc/libdriver.a(gpio.o)
                0x000000000000b1ec                GPIOUnlockPin
 .text._IntDefaultHandler
                0x000000000000b204        0x2 /home/albino/ti/tivaware/driverlib/gcc/libdriver.a(interrupt.o)
 .text.IntMasterEnable
                0x000000000000b206        0xe /home/albino/ti/tivaware/driverlib/gcc/libdriver.a(interrupt.o)
                0x000000000000b206                IntMasterEnable
 .text.IntMasterDisable
                0x000000000000b214        0xe /home/albino/ti/tivaware/driverlib/gcc/libdriver.a(interrupt.o)
                0x000000000000b214                IntMasterDisable
 *fill*         0x000000000000b222        0x2 
 .text.IntRegister
                0x000000000000b224       0x34 /home/albino/ti/tivaware/driverlib/gcc/libdriver.a(interrupt.o)
                0x000000000000b224                IntRegister
 .text.IntUnregister
                0x000000000000b258       0x14 /home/albino/ti/tivaware/driverlib/gcc/libdriver.a(interrupt.o)
                0x000000000000b258                IntUnregister
 .text.IntPriorityGroupingSet
                0x000000000000b26c       0x1c /home/albino/ti/tivaware/driverlib/gcc/libdriver.a(interrupt.o)
                0x000000000000b26c                IntPriorityGroupingSet
 .text.IntPriorityGroupingGet
                0x000000000000b288       0x24 /home/albino/ti/tivaware/driverlib/gcc/libdriver.a(interrupt.o)
                0x000000000000b288                IntPriorityGroupingGet
 .text.IntPrioritySet
                0x000000000000b2ac       0x2c /home/albino/ti/tivaware/driverlib/gcc/libdriver.a(interrupt.o)
                0x000000000000b2ac                IntPrioritySet
 .text.IntPriorityGet
                0x000000000000b2d8       0x1c /home/albino/ti/tivaware/driverlib/gcc/libdriver.a(interrupt.o)
                0x000000000000b2d8                IntPriorityGet
 .text.IntEnable
                0x000000000000b2f4       0x60 /home/albino/ti/tivaware/driverlib/gcc/libdriver.a(interrupt.o)
                0x000000000000b2f4                IntEnable
 .text.IntDisable
                0x000000000000b354       0x60 /home/albino/ti/tivaware/driverlib/gcc/libdriver.a(interrupt.o)
                0x000000000000b354                IntDisable
 .text.IntIsEnabled
                0x000000000000b3b4       0x64 /home/albino/ti/tivaware/driverlib/gcc/libdriver.a(interrupt.o)
                0x000000000000b3b4                IntIsEnabled
 .text.IntPendSet
                0x000000000000b418       0x50 /home/albino/ti/tivaware/driverlib/gcc/libdriver.a(interrupt.o)
                0x000000000000b418                IntPendSet
 .text.IntPendClear
                0x000000000000b468       0x40 /home/albino/ti/tivaware/driverlib/gcc/libdriver.a(interrupt.o)
                0x000000000000b468                IntPendClear
 .text.IntPriorityMaskSet
                0x000000000000b4a8        0x4 /home/albino/ti/tivaware/driverlib/gcc/libdriver.a(interrupt.o)
                0x000000000000b4a8                IntPriorityMaskSet
 .text.IntPriorityMaskGet
                0x000000000000b4ac        0x4 /home/albino/ti/tivaware/driverlib/gcc/libdriver.a(interrupt.o)
                0x000000000000b4ac                IntPriorityMaskGet
 .text.IntTrigger
                0x000000000000b4b0        0xc /home/albino/ti/tivaware/driverlib/gcc/libdriver.a(interrupt.o)
                0x000000000000b4b0                IntTrigger
 .text._SysCtlMemTimingGet
                0x000000000000b4bc       0x24 /home/albino/ti/tivaware/driverlib/gcc/libdriver.a(sysctl.o)
 .text.SysCtlSRAMSizeGet
                0x000000000000b4e0       0x10 /home/albino/ti/tivaware/driverlib/gcc/libdriver.a(sysctl.o)
                0x000000000000b4e0                SysCtlSRAMSizeGet
 .text.SysCtlFlashSizeGet
                0x000000000000b4f0       0x3c /home/albino/ti/tivaware/driverlib/gcc/libdriver.a(sysctl.o)
                0x000000000000b4f0                SysCtlFlashSizeGet
 .text.SysCtlFlashSectorSizeGet
                0x000000000000b52c       0x38 /home/albino/ti/tivaware/driverlib/gcc/libdriver.a(sysctl.o)
                0x000000000000b52c                SysCtlFlashSectorSizeGet
 .text.SysCtlPeripheralPresent
                0x000000000000b564       0x26 /home/albino/ti/tivaware/driverlib/gcc/libdriver.a(sysctl.o)
                0x000000000000b564                SysCtlPeripheralPresent
 .text.SysCtlPeripheralReady
                0x000000000000b58a       0x26 /home/albino/ti/tivaware/driverlib/gcc/libdriver.a(sysctl.o)
                0x000000000000b58a                SysCtlPeripheralReady
 .text.SysCtlPeripheralPowerOn
                0x000000000000b5b0       0x22 /home/albino/ti/tivaware/driverlib/gcc/libdriver.a(sysctl.o)
                0x000000000000b5b0                SysCtlPeripheralPowerOn
 .text.SysCtlPeripheralPowerOff
                0x000000000000b5d2       0x22 /home/albino/ti/tivaware/driverlib/gcc/libdriver.a(sysctl.o)
                0x000000000000b5d2                SysCtlPeripheralPowerOff
 .text.SysCtlPeripheralReset
                0x000000000000b5f4       0x3a /home/albino/ti/tivaware/driverlib/gcc/libdriver.a(sysctl.o)
                0x000000000000b5f4                SysCtlPeripheralReset
 .text.SysCtlPeripheralEnable
                0x000000000000b62e       0x22 /home/albino/ti/tivaware/driverlib/gcc/libdriver.a(sysctl.o)
                0x000000000000b62e                SysCtlPeripheralEnable
 .text.SysCtlPeripheralDisable
                0x000000000000b650       0x22 /home/albino/ti/tivaware/driverlib/gcc/libdriver.a(sysctl.o)
                0x000000000000b650                SysCtlPeripheralDisable
 .text.SysCtlPeripheralSleepEnable
                0x000000000000b672       0x22 /home/albino/ti/tivaware/driverlib/gcc/libdriver.a(sysctl.o)
                0x000000000000b672                SysCtlPeripheralSleepEnable
 .text.SysCtlPeripheralSleepDisable
                0x000000000000b694       0x22 /home/albino/ti/tivaware/driverlib/gcc/libdriver.a(sysctl.o)
                0x000000000000b694                SysCtlPeripheralSleepDisable
 .text.SysCtlPeripheralDeepSleepEnable
                0x000000000000b6b6       0x22 /home/albino/ti/tivaware/driverlib/gcc/libdriver.a(sysctl.o)
                0x000000000000b6b6                SysCtlPeripheralDeepSleepEnable
 .text.SysCtlPeripheralDeepSleepDisable
                0x000000000000b6d8       0x22 /home/albino/ti/tivaware/driverlib/gcc/libdriver.a(sysctl.o)
                0x000000000000b6d8                SysCtlPeripheralDeepSleepDisable
 *fill*         0x000000000000b6fa        0x2 
 .text.SysCtlPeripheralClockGating
                0x000000000000b6fc       0x48 /home/albino/ti/tivaware/driverlib/gcc/libdriver.a(sysctl.o)
                0x000000000000b6fc                SysCtlPeripheralClockGating
 .text.SysCtlIntRegister
                0x000000000000b744       0x14 /home/albino/ti/tivaware/driverlib/gcc/libdriver.a(sysctl.o)
                0x000000000000b744                SysCtlIntRegister
 .text.SysCtlIntUnregister
                0x000000000000b758       0x12 /home/albino/ti/tivaware/driverlib/gcc/libdriver.a(sysctl.o)
                0x000000000000b758                SysCtlIntUnregister
 *fill*         0x000000000000b76a        0x2 
 .text.SysCtlIntEnable
                0x000000000000b76c       0x10 /home/albino/ti/tivaware/driverlib/gcc/libdriver.a(sysctl.o)
                0x000000000000b76c                SysCtlIntEnable
 .text.SysCtlIntDisable
                0x000000000000b77c       0x10 /home/albino/ti/tivaware/driverlib/gcc/libdriver.a(sysctl.o)
                0x000000000000b77c                SysCtlIntDisable
 .text.SysCtlIntClear
                0x000000000000b78c        0xc /home/albino/ti/tivaware/driverlib/gcc/libdriver.a(sysctl.o)
                0x000000000000b78c                SysCtlIntClear
 .text.SysCtlIntStatus
                0x000000000000b798       0x14 /home/albino/ti/tivaware/driverlib/gcc/libdriver.a(sysctl.o)
                0x000000000000b798                SysCtlIntStatus
 .text.SysCtlLDOSleepSet
                0x000000000000b7ac        0xc /home/albino/ti/tivaware/driverlib/gcc/libdriver.a(sysctl.o)
                0x000000000000b7ac                SysCtlLDOSleepSet
 .text.SysCtlLDOSleepGet
                0x000000000000b7b8        0xc /home/albino/ti/tivaware/driverlib/gcc/libdriver.a(sysctl.o)
                0x000000000000b7b8                SysCtlLDOSleepGet
 .text.SysCtlLDODeepSleepSet
                0x000000000000b7c4        0xc /home/albino/ti/tivaware/driverlib/gcc/libdriver.a(sysctl.o)
                0x000000000000b7c4                SysCtlLDODeepSleepSet
 .text.SysCtlLDODeepSleepGet
                0x000000000000b7d0        0xc /home/albino/ti/tivaware/driverlib/gcc/libdriver.a(sysctl.o)
                0x000000000000b7d0                SysCtlLDODeepSleepGet
 .text.SysCtlSleepPowerSet
                0x000000000000b7dc        0xc /home/albino/ti/tivaware/driverlib/gcc/libdriver.a(sysctl.o)
                0x000000000000b7dc                SysCtlSleepPowerSet
 .text.SysCtlDeepSleepPowerSet
                0x000000000000b7e8        0xc /home/albino/ti/tivaware/driverlib/gcc/libdriver.a(sysctl.o)
                0x000000000000b7e8                SysCtlDeepSleepPowerSet
 .text.SysCtlReset
                0x000000000000b7f4       0x10 /home/albino/ti/tivaware/driverlib/gcc/libdriver.a(sysctl.o)
                0x000000000000b7f4                SysCtlReset
 .text.SysCtlSleep
                0x000000000000b804        0x4 /home/albino/ti/tivaware/driverlib/gcc/libdriver.a(sysctl.o)
                0x000000000000b804                SysCtlSleep
 .text.SysCtlDeepSleep
                0x000000000000b808       0x20 /home/albino/ti/tivaware/driverlib/gcc/libdriver.a(sysctl.o)
                0x000000000000b808                SysCtlDeepSleep
 .text.SysCtlResetCauseGet
                0x000000000000b828        0xc /home/albino/ti/tivaware/driverlib/gcc/libdriver.a(sysctl.o)
                0x000000000000b828                SysCtlResetCauseGet
 .text.SysCtlResetCauseClear
                0x000000000000b834       0x10 /home/albino/ti/tivaware/driverlib/gcc/libdriver.a(sysctl.o)
                0x000000000000b834                SysCtlResetCauseClear
 .text.SysCtlDelay
                0x000000000000b844        0x8 /home/albino/ti/tivaware/driverlib/gcc/libdriver.a(sysctl.o)
                0x000000000000b844                SysCtlDelay
 .text.SysCtlMOSCConfigSet
                0x000000000000b84c        0xc /home/albino/ti/tivaware/driverlib/gcc/libdriver.a(sysctl.o)
                0x000000000000b84c                SysCtlMOSCConfigSet
 .text.SysCtlPIOSCCalibrate
                0x000000000000b858       0x48 /home/albino/ti/tivaware/driverlib/gcc/libdriver.a(sysctl.o)
                0x000000000000b858                SysCtlPIOSCCalibrate
 .text.SysCtlResetBehaviorSet
                0x000000000000b8a0        0xc /home/albino/ti/tivaware/driverlib/gcc/libdriver.a(sysctl.o)
                0x000000000000b8a0                SysCtlResetBehaviorSet
 .text.SysCtlResetBehaviorGet
                0x000000000000b8ac        0xc /home/albino/ti/tivaware/driverlib/gcc/libdriver.a(sysctl.o)
                0x000000000000b8ac                SysCtlResetBehaviorGet
 .text.SysCtlClockFreqSet
                0x000000000000b8b8      0x248 /home/albino/ti/tivaware/driverlib/gcc/libdriver.a(sysctl.o)
                0x000000000000b8b8                SysCtlClockFreqSet
 .text.SysCtlClockSet
                0x000000000000bb00      0x11c /home/albino/ti/tivaware/driverlib/gcc/libdriver.a(sysctl.o)
                0x000000000000bb00                SysCtlClockSet
 .text.SysCtlClockGet
                0x000000000000bc1c      0x12c /home/albino/ti/tivaware/driverlib/gcc/libdriver.a(sysctl.o)
                0x000000000000bc1c                SysCtlClockGet
 .text.SysCtlDeepSleepClockSet
                0x000000000000bd48        0xc /home/albino/ti/tivaware/driverlib/gcc/libdriver.a(sysctl.o)
                0x000000000000bd48                SysCtlDeepSleepClockSet
 .text.SysCtlDeepSleepClockConfigSet
                0x000000000000bd54       0x60 /home/albino/ti/tivaware/driverlib/gcc/libdriver.a(sysctl.o)
                0x000000000000bd54                SysCtlDeepSleepClockConfigSet
 .text.SysCtlPWMClockSet
                0x000000000000bdb4       0x14 /home/albino/ti/tivaware/driverlib/gcc/libdriver.a(sysctl.o)
                0x000000000000bdb4                SysCtlPWMClockSet
 .text.SysCtlPWMClockGet
                0x000000000000bdc8       0x18 /home/albino/ti/tivaware/driverlib/gcc/libdriver.a(sysctl.o)
                0x000000000000bdc8                SysCtlPWMClockGet
 .text.SysCtlGPIOAHBEnable
                0x000000000000bde0       0x18 /home/albino/ti/tivaware/driverlib/gcc/libdriver.a(sysctl.o)
                0x000000000000bde0                SysCtlGPIOAHBEnable
 .text.SysCtlGPIOAHBDisable
                0x000000000000bdf8       0x1c /home/albino/ti/tivaware/driverlib/gcc/libdriver.a(sysctl.o)
                0x000000000000bdf8                SysCtlGPIOAHBDisable
 .text.SysCtlUSBPLLEnable
                0x000000000000be14       0x10 /home/albino/ti/tivaware/driverlib/gcc/libdriver.a(sysctl.o)
                0x000000000000be14                SysCtlUSBPLLEnable
 .text.SysCtlUSBPLLDisable
                0x000000000000be24       0x10 /home/albino/ti/tivaware/driverlib/gcc/libdriver.a(sysctl.o)
                0x000000000000be24                SysCtlUSBPLLDisable
 .text.SysCtlVoltageEventConfig
                0x000000000000be34        0xc /home/albino/ti/tivaware/driverlib/gcc/libdriver.a(sysctl.o)
                0x000000000000be34                SysCtlVoltageEventConfig
 .text.SysCtlVoltageEventStatus
                0x000000000000be40        0xc /home/albino/ti/tivaware/driverlib/gcc/libdriver.a(sysctl.o)
                0x000000000000be40                SysCtlVoltageEventStatus
 .text.SysCtlVoltageEventClear
                0x000000000000be4c       0x10 /home/albino/ti/tivaware/driverlib/gcc/libdriver.a(sysctl.o)
                0x000000000000be4c                SysCtlVoltageEventClear
 .text.SysCtlVCOGet
                0x000000000000be5c       0x78 /home/albino/ti/tivaware/driverlib/gcc/libdriver.a(sysctl.o)
                0x000000000000be5c                SysCtlVCOGet
 .text.SysCtlNMIStatus
                0x000000000000bed4        0xc /home/albino/ti/tivaware/driverlib/gcc/libdriver.a(sysctl.o)
                0x000000000000bed4                SysCtlNMIStatus
 .text.SysCtlNMIClear