Archive member included to satisfy reference by file (symbol)

/home/albino/ti/ccs1020/ccs/tools/compiler/gcc-arm-none-eabi-7-2017-q4-major/bin/../lib/gcc/arm-none-eabi/7.2.1/../../../../arm-none-eabi/lib/thumb/v7e-m/fpv4-sp/hard/libc.a(lib_a-exit.o)
                              /home/albino/ti/ccs1020/ccs/tools/compiler/gcc-arm-none-eabi-7-2017-q4-major/bin/../lib/gcc/arm-none-eabi/7.2.1/../../../../arm-none-eabi/lib/thumb/v7e-m/fpv4-sp/hard/crt0.o (exit)
/home/albino/ti/ccs1020/ccs/tools/compiler/gcc-arm-none-eabi-7-2017-q4-major/bin/../lib/gcc/arm-none-eabi/7.2.1/../../../../arm-none-eabi/lib/thumb/v7e-m/fpv4-sp/hard/libc.a(lib_a-impure.o)
                              /home/albino/ti/ccs1020/ccs/tools/compiler/gcc-arm-none-eabi-7-2017-q4-major/bin/../lib/gcc/arm-none-eabi/7.2.1/../../../../arm-none-eabi/lib/thumb/v7e-m/fpv4-sp/hard/libc.a(lib_a-exit.o) (_global_impure_ptr)
/home/albino/ti/ccs1020/ccs/tools/compiler/gcc-arm-none-eabi-7-2017-q4-major/bin/../lib/gcc/arm-none-eabi/7.2.1/../../../../arm-none-eabi/lib/thumb/v7e-m/fpv4-sp/hard/libc.a(lib_a-init.o)
                              /home/albino/ti/ccs1020/ccs/tools/compiler/gcc-arm-none-eabi-7-2017-q4-major/bin/../lib/gcc/arm-none-eabi/7.2.1/../../../../arm-none-eabi/lib/thumb/v7e-m/fpv4-sp/hard/crt0.o (__libc_init_array)
/home/albino/ti/ccs1020/ccs/tools/compiler/gcc-arm-none-eabi-7-2017-q4-major/bin/../lib/gcc/arm-none-eabi/7.2.1/../../../../arm-none-eabi/lib/thumb/v7e-m/fpv4-sp/hard/libc.a(lib_a-memcpy.o)
                              ./FreeRTOS/queue.o (memcpy)
/home/albino/ti/ccs1020/ccs/tools/compiler/gcc-arm-none-eabi-7-2017-q4-major/bin/../lib/gcc/arm-none-eabi/7.2.1/../../../../arm-none-eabi/lib/thumb/v7e-m/fpv4-sp/hard/libc.a(lib_a-memset.o)
                              /home/albino/ti/ccs1020/ccs/tools/compiler/gcc-arm-none-eabi-7-2017-q4-major/bin/../lib/gcc/arm-none-eabi/7.2.1/../../../../arm-none-eabi/lib/thumb/v7e-m/fpv4-sp/hard/crt0.o (memset)
/home/albino/ti/ccs1020/ccs/tools/compiler/gcc-arm-none-eabi-7-2017-q4-major/bin/../lib/gcc/arm-none-eabi/7.2.1/../../../../arm-none-eabi/lib/thumb/v7e-m/fpv4-sp/hard/libc.a(lib_a-__call_atexit.o)
                              /home/albino/ti/ccs1020/ccs/tools/compiler/gcc-arm-none-eabi-7-2017-q4-major/bin/../lib/gcc/arm-none-eabi/7.2.1/../../../../arm-none-eabi/lib/thumb/v7e-m/fpv4-sp/hard/libc.a(lib_a-exit.o) (__call_exitprocs)
/home/albino/ti/ccs1020/ccs/tools/compiler/gcc-arm-none-eabi-7-2017-q4-major/bin/../lib/gcc/arm-none-eabi/7.2.1/../../../../arm-none-eabi/lib/thumb/v7e-m/fpv4-sp/hard/libc.a(lib_a-atexit.o)
                              /home/albino/ti/ccs1020/ccs/tools/compiler/gcc-arm-none-eabi-7-2017-q4-major/bin/../lib/gcc/arm-none-eabi/7.2.1/../../../../arm-none-eabi/lib/thumb/v7e-m/fpv4-sp/hard/libc.a(lib_a-__call_atexit.o) (atexit)
/home/albino/ti/ccs1020/ccs/tools/compiler/gcc-arm-none-eabi-7-2017-q4-major/bin/../lib/gcc/arm-none-eabi/7.2.1/../../../../arm-none-eabi/lib/thumb/v7e-m/fpv4-sp/hard/libc.a(lib_a-fini.o)
                              /home/albino/ti/ccs1020/ccs/tools/compiler/gcc-arm-none-eabi-7-2017-q4-major/bin/../lib/gcc/arm-none-eabi/7.2.1/../../../../arm-none-eabi/lib/thumb/v7e-m/fpv4-sp/hard/libc.a(lib_a-__call_atexit.o) (__libc_fini_array)
/home/albino/ti/ccs1020/ccs/tools/compiler/gcc-arm-none-eabi-7-2017-q4-major/bin/../lib/gcc/arm-none-eabi/7.2.1/../../../../arm-none-eabi/lib/thumb/v7e-m/fpv4-sp/hard/libc.a(lib_a-lock.o)
                              /home/albino/ti/ccs1020/ccs/tools/compiler/gcc-arm-none-eabi-7-2017-q4-major/bin/../lib/gcc/arm-none-eabi/7.2.1/../../../../arm-none-eabi/lib/thumb/v7e-m/fpv4-sp/hard/libc.a(lib_a-__call_atexit.o) (__retarget_lock_acquire_recursive)
/home/albino/ti/ccs1020/ccs/tools/compiler/gcc-arm-none-eabi-7-2017-q4-major/bin/../lib/gcc/arm-none-eabi/7.2.1/../../../../arm-none-eabi/lib/thumb/v7e-m/fpv4-sp/hard/libc.a(lib_a-__atexit.o)
                              /home/albino/ti/ccs1020/ccs/tools/compiler/gcc-arm-none-eabi-7-2017-q4-major/bin/../lib/gcc/arm-none-eabi/7.2.1/../../../../arm-none-eabi/lib/thumb/v7e-m/fpv4-sp/hard/libc.a(lib_a-atexit.o) (__register_exitproc)
/home/albino/ti/tivaware/driverlib/gcc/libdriver.a(gpio.o)
                              ./main.o (GPIOPinWrite)
/home/albino/ti/tivaware/driverlib/gcc/libdriver.a(interrupt.o)
                              /home/albino/ti/tivaware/driverlib/gcc/libdriver.a(gpio.o) (IntRegister)
/home/albino/ti/tivaware/driverlib/gcc/libdriver.a(sysctl.o)
                              ./main.o (SysCtlPeripheralReady)
/home/albino/ti/tivaware/driverlib/gcc/libdriver.a(cpu.o)
                              /home/albino/ti/tivaware/driverlib/gcc/libdriver.a(interrupt.o) (CPUcpsid)
/home/albino/ti/ccs1020/ccs/tools/compiler/gcc-arm-none-eabi-7-2017-q4-major/bin/../lib/gcc/arm-none-eabi/7.2.1/../../../../arm-none-eabi/lib/thumb/v7e-m/fpv4-sp/hard/libnosys.a(_exit.o)
[...]
Memory Configuration

Name             Origin             Length             Attributes
FLASH            0x0000000000000000 0x0000000000100000 xr
SRAM             0x0000000020000000 0x0000000000040000 xw
*default*        0x0000000000000000 0xffffffffffffffff

Linker script and memory map

LOAD /home/albino/ti/ccs1020/ccs/tools/compiler/gcc-arm-none-eabi-7-2017-q4-major/bin/../lib/gcc/arm-none-eabi/7.2.1/thumb/v7e-m/fpv4-sp/hard/crti.o
LOAD /home/albino/ti/ccs1020/ccs/tools/compiler/gcc-arm-none-eabi-7-2017-q4-major/bin/../lib/gcc/arm-none-eabi/7.2.1/thumb/v7e-m/fpv4-sp/hard/crtbegin.o
LOAD /home/albino/ti/ccs1020/ccs/tools/compiler/gcc-arm-none-eabi-7-2017-q4-major/bin/../lib/gcc/arm-none-eabi/7.2.1/../../../../arm-none-eabi/lib/thumb/v7e-m/fpv4-sp/hard/crt0.o
LOAD ./main.o
LOAD ./tm4c1294ncpdt_startup_ccs_gcc.o
LOAD ./FreeRTOS/croutine.o
LOAD ./FreeRTOS/event_groups.o
LOAD ./FreeRTOS/list.o
LOAD ./FreeRTOS/queue.o
LOAD ./FreeRTOS/stream_buffer.o
LOAD ./FreeRTOS/tasks.o
LOAD ./FreeRTOS/timers.o
LOAD ./FreeRTOS/portable/GCC/ARM_CM4F/port.o
LOAD ./FreeRTOS/portable/MemMang/heap_4.o
                0x0000000000000000                PROVIDE (_intvecs_base_address, 0x0)

.intvecs        0x0000000000000000      0x208
 *(.intvecs)
 .intvecs       0x0000000000000000      0x208 ./tm4c1294ncpdt_startup_ccs_gcc.o
                0x0000000000000000                g_pfnVectors
                0x0000000020000000                PROVIDE (_vtable_base_address, 0x20000000)

.vtable
 *(.vtable)

.text           0x0000000000000210     0x5914
 CREATE_OBJECT_SYMBOLS
 *(.text)
 .text          0x0000000000000210        0x0 /home/albino/ti/ccs1020/ccs/tools/compiler/gcc-arm-none-eabi-7-2017-q4-major/bin/../lib/gcc/arm-none-eabi/7.2.1/thumb/v7e-m/fpv4-sp/hard/crti.o
 .text          0x0000000000000210       0x40 /home/albino/ti/ccs1020/ccs/tools/compiler/gcc-arm-none-eabi-7-2017-q4-major/bin/../lib/gcc/arm-none-eabi/7.2.1/thumb/v7e-m/fpv4-sp/hard/crtbegin.o
 .text          0x0000000000000250       0x74 /home/albino/ti/ccs1020/ccs/tools/compiler/gcc-arm-none-eabi-7-2017-q4-major/bin/../lib/gcc/arm-none-eabi/7.2.1/../../../../arm-none-eabi/lib/thumb/v7e-m/fpv4-sp/hard/crt0.o
                0x0000000000000250                _mainCRTStartup
                0x0000000000000250                _start
 .text          0x00000000000002c4        0x0 ./main.o
 .text          0x00000000000002c4        0x0 ./tm4c1294ncpdt_startup_ccs_gcc.o
 .text          0x00000000000002c4        0x0 ./FreeRTOS/croutine.o
 .text          0x00000000000002c4        0x0 ./FreeRTOS/event_groups.o
 .text          0x00000000000002c4        0x0 ./FreeRTOS/list.o
 .text          0x00000000000002c4        0x0 ./FreeRTOS/queue.o
 .text          0x00000000000002c4        0x0 ./FreeRTOS/stream_buffer.o
 .text          0x00000000000002c4        0x0 ./FreeRTOS/tasks.o
 .text          0x00000000000002c4        0x0 ./FreeRTOS/timers.o
 .text          0x00000000000002c4        0x0 ./FreeRTOS/portable/GCC/ARM_CM4F/port.o
 .text          0x00000000000002c4        0x0 ./FreeRTOS/portable/MemMang/heap_4.o
 .text          0x00000000000002c4        0x0 /home/albino/ti/ccs1020/ccs/tools/compiler/gcc-arm-none-eabi-7-2017-q4-major/bin/../lib/gcc/arm-none-eabi/7.2.1/../../../../arm-none-eabi/lib/thumb/v7e-m/fpv4-sp/hard/libc.a(lib_a-exit.o)
 .text          0x00000000000002c4        0x0 /home/albino/ti/ccs1020/ccs/tools/compiler/gcc-arm-none-eabi-7-2017-q4-major/bin/../lib/gcc/arm-none-eabi/7.2.1/../../../../arm-none-eabi/lib/thumb/v7e-m/fpv4-sp/hard/libc.a(lib_a-impure.o)
 .text          0x00000000000002c4        0x0 /home/albino/ti/ccs1020/ccs/tools/compiler/gcc-arm-none-eabi-7-2017-q4-major/bin/../lib/gcc/arm-none-eabi/7.2.1/../../../../arm-none-eabi/lib/thumb/v7e-m/fpv4-sp/hard/libc.a(lib_a-init.o)
 .text          0x00000000000002c4      0x134 /home/albino/ti/ccs1020/ccs/tools/compiler/gcc-arm-none-eabi-7-2017-q4-major/bin/../lib/gcc/arm-none-eabi/7.2.1/../../../../arm-none-eabi/lib/thumb/v7e-m/fpv4-sp/hard/libc.a(lib_a-memcpy.o)
                0x00000000000002c4                memcpy
 .text          0x00000000000003f8        0x0 /home/albino/ti/ccs1020/ccs/tools/compiler/gcc-arm-none-eabi-7-2017-q4-major/bin/../lib/gcc/arm-none-eabi/7.2.1/../../../../arm-none-eabi/lib/thumb/v7e-m/fpv4-sp/hard/libc.a(lib_a-memset.o)
 .text          0x00000000000003f8        0x0 /home/albino/ti/ccs1020/ccs/tools/compiler/gcc-arm-none-eabi-7-2017-q4-major/bin/../lib/gcc/arm-none-eabi/7.2.1/../../../../arm-none-eabi/lib/thumb/v7e-m/fpv4-sp/hard/libc.a(lib_a-__call_atexit.o)
 .text          0x00000000000003f8        0x0 /home/albino/ti/ccs1020/ccs/tools/compiler/gcc-arm-none-eabi-7-2017-q4-major/bin/../lib/gcc/arm-none-eabi/7.2.1/../../../../arm-none-eabi/lib/thumb/v7e-m/fpv4-sp/hard/libc.a(lib_a-atexit.o)
 .text          0x00000000000003f8        0x0 /home/albino/ti/ccs1020/ccs/tools/compiler/gcc-arm-none-eabi-7-2017-q4-major/bin/../lib/gcc/arm-none-eabi/7.2.1/../../../../arm-none-eabi/lib/thumb/v7e-m/fpv4-sp/hard/libc.a(lib_a-fini.o)
 .text          0x00000000000003f8        0x0 /home/albino/ti/ccs1020/ccs/tools/compiler/gcc-arm-none-eabi-7-2017-q4-major/bin/../lib/gcc/arm-none-eabi/7.2.1/../../../../arm-none-eabi/lib/thumb/v7e-m/fpv4-sp/hard/libc.a(lib_a-lock.o)
 .text          0x00000000000003f8        0x0 /home/albino/ti/ccs1020/ccs/tools/compiler/gcc-arm-none-eabi-7-2017-q4-major/bin/../lib/gcc/arm-none-eabi/7.2.1/../../../../arm-none-eabi/lib/thumb/v7e-m/fpv4-sp/hard/libc.a(lib_a-__atexit.o)
 .text          0x00000000000003f8        0x0 /home/albino/ti/tivaware/driverlib/gcc/libdriver.a(gpio.o)
 .text          0x00000000000003f8        0x0 /home/albino/ti/tivaware/driverlib/gcc/libdriver.a(interrupt.o)
 .text          0x00000000000003f8        0x0 /home/albino/ti/tivaware/driverlib/gcc/libdriver.a(sysctl.o)
 .text          0x00000000000003f8        0x0 /home/albino/ti/tivaware/driverlib/gcc/libdriver.a(cpu.o)
 .text          0x00000000000003f8        0x0 /home/albino/ti/ccs1020/ccs/tools/compiler/gcc-arm-none-eabi-7-2017-q4-major/bin/../lib/gcc/arm-none-eabi/7.2.1/../../../../arm-none-eabi/lib/thumb/v7e-m/fpv4-sp/hard/libnosys.a(_exit.o)
 .text          0x00000000000003f8        0x0 /home/albino/ti/ccs1020/ccs/tools/compiler/gcc-arm-none-eabi-7-2017-q4-major/bin/../lib/gcc/arm-none-eabi/7.2.1/thumb/v7e-m/fpv4-sp/hard/crtend.o
 .text          0x00000000000003f8        0x0 /home/albino/ti/ccs1020/ccs/tools/compiler/gcc-arm-none-eabi-7-2017-q4-major/bin/../lib/gcc/arm-none-eabi/7.2.1/thumb/v7e-m/fpv4-sp/hard/crtn.o
 *(.text.*)
 .text.task1    0x00000000000003f8       0x54 ./main.o
                0x00000000000003f8                task1
 .text.task2    0x000000000000044c       0x54 ./main.o
                0x000000000000044c                task2
 .text.main     0x00000000000004a0       0x60 ./main.o
                0x00000000000004a0                main
 .text.NmiSR    0x0000000000000500        0x2 ./tm4c1294ncpdt_startup_ccs_gcc.o
 .text.FaultISR
                0x0000000000000502        0x2 ./tm4c1294ncpdt_startup_ccs_gcc.o
 .text.IntDefaultHandler
                0x0000000000000504        0x2 ./tm4c1294ncpdt_startup_ccs_gcc.o
 *fill*         0x0000000000000506        0x2 
 .text.ResetISR
                0x0000000000000508       0x50 ./tm4c1294ncpdt_startup_ccs_gcc.o
                0x0000000000000508                ResetISR
 .text.prvTestWaitCondition
                0x0000000000000558       0x1c ./FreeRTOS/event_groups.o
 .text.xEventGroupCreate
                0x0000000000000574       0x1a ./FreeRTOS/event_groups.o
                0x0000000000000574                xEventGroupCreate
 *fill*         0x000000000000058e        0x2 
 .text.xEventGroupWaitBits
                0x0000000000000590      0x10c ./FreeRTOS/event_groups.o
                0x0000000000000590                xEventGroupWaitBits
 .text.xEventGroupClearBits
                0x000000000000069c       0x46 ./FreeRTOS/event_groups.o
                0x000000000000069c                xEventGroupClearBits
 .text.xEventGroupGetBitsFromISR
                0x00000000000006e2       0x1c ./FreeRTOS/event_groups.o
                0x00000000000006e2                xEventGroupGetBitsFromISR
 .text.xEventGroupSetBits
                0x00000000000006fe       0x8c ./FreeRTOS/event_groups.o
                0x00000000000006fe                xEventGroupSetBits
 *fill*         0x000000000000078a        0x2 
 .text.xEventGroupSync
                0x000000000000078c       0xd4 ./FreeRTOS/event_groups.o
                0x000000000000078c                xEventGroupSync
 .text.vEventGroupDelete
                0x0000000000000860       0x3e ./FreeRTOS/event_groups.o
                0x0000000000000860                vEventGroupDelete
 .text.vEventGroupSetBitsCallback
                0x000000000000089e        0x8 ./FreeRTOS/event_groups.o
                0x000000000000089e                vEventGroupSetBitsCallback
 .text.vEventGroupClearBitsCallback
                0x00000000000008a6        0x8 ./FreeRTOS/event_groups.o
                0x00000000000008a6                vEventGroupClearBitsCallback
 .text.vListInitialise
                0x00000000000008ae       0x16 ./FreeRTOS/list.o
                0x00000000000008ae                vListInitialise
 .text.vListInitialiseItem
                0x00000000000008c4        0x6 ./FreeRTOS/list.o
                0x00000000000008c4                vListInitialiseItem
 .text.vListInsertEnd
                0x00000000000008ca       0x18 ./FreeRTOS/list.o
                0x00000000000008ca                vListInsertEnd
 .text.vListInsert
                0x00000000000008e2       0x34 ./FreeRTOS/list.o
                0x00000000000008e2                vListInsert
 .text.uxListRemove
                0x0000000000000916       0x28 ./FreeRTOS/list.o
                0x0000000000000916                uxListRemove
 .text.prvGetDisinheritPriorityAfterTimeout
                0x000000000000093e       0x12 ./FreeRTOS/queue.o
 .text.prvIsQueueFull
                0x0000000000000950       0x1e ./FreeRTOS/queue.o
 .text.prvIsQueueEmpty
                0x000000000000096e       0x1a ./FreeRTOS/queue.o
 .text.prvCopyDataToQueue
                0x0000000000000988       0x76 ./FreeRTOS/queue.o
 .text.prvCopyDataFromQueue
                0x00000000000009fe       0x24 ./FreeRTOS/queue.o
 .text.prvUnlockQueue
                0x0000000000000a22       0x6e ./FreeRTOS/queue.o
 .text.xQueueGenericReset
                0x0000000000000a90       0x84 ./FreeRTOS/queue.o
                0x0000000000000a90                xQueueGenericReset
 .text.prvInitialiseNewQueue
                0x0000000000000b14       0x1c ./FreeRTOS/queue.o
 .text.xQueueGenericCreate
                0x0000000000000b30       0x76 ./FreeRTOS/queue.o
                0x0000000000000b30                xQueueGenericCreate
 .text.xQueueCreateCountingSemaphore
                0x0000000000000ba6       0x40 ./FreeRTOS/queue.o
                0x0000000000000ba6                xQueueCreateCountingSemaphore
 *fill*         0x0000000000000be6        0x2 
 .text.xQueueGenericSend
                0x0000000000000be8      0x17c ./FreeRTOS/queue.o
                0x0000000000000be8                xQueueGenericSend
 .text.prvInitialiseMutex
                0x0000000000000d64       0x18 ./FreeRTOS/queue.o
 .text.xQueueCreateMutex
                0x0000000000000d7c       0x16 ./FreeRTOS/queue.o
                0x0000000000000d7c                xQueueCreateMutex
 .text.xQueueGiveMutexRecursive
                0x0000000000000d92       0x40 ./FreeRTOS/queue.o
                0x0000000000000d92                xQueueGiveMutexRecursive
 .text.xQueueGenericSendFromISR
                0x0000000000000dd2       0xe4 ./FreeRTOS/queue.o
                0x0000000000000dd2                xQueueGenericSendFromISR
 .text.xQueueGiveFromISR
                0x0000000000000eb6       0xc8 ./FreeRTOS/queue.o
                0x0000000000000eb6                xQueueGiveFromISR
 *fill*         0x0000000000000f7e        0x2 
 .text.xQueueReceive
                0x0000000000000f80      0x158 ./FreeRTOS/queue.o
                0x0000000000000f80                xQueueReceive
 .text.xQueueSemaphoreTake
                0x00000000000010d8      0x19c ./FreeRTOS/queue.o
                0x00000000000010d8                xQueueSemaphoreTake
 .text.xQueueTakeMutexRecursive
                0x0000000000001274       0x44 ./FreeRTOS/queue.o
                0x0000000000001274                xQueueTakeMutexRecursive
 .text.xQueuePeek
                0x00000000000012b8      0x158 ./FreeRTOS/queue.o
                0x00000000000012b8                xQueuePeek
 .text.xQueueReceiveFromISR
                0x0000000000001410       0xc0 ./FreeRTOS/queue.o
                0x0000000000001410                xQueueReceiveFromISR
 .text.xQueuePeekFromISR
                0x00000000000014d0       0x7c ./FreeRTOS/queue.o
                0x00000000000014d0                xQueuePeekFromISR
 .text.uxQueueMessagesWaiting
                0x000000000000154c       0x26 ./FreeRTOS/queue.o
                0x000000000000154c                uxQueueMessagesWaiting
 .text.uxQueueSpacesAvailable
                0x0000000000001572       0x2a ./FreeRTOS/queue.o
                0x0000000000001572                uxQueueSpacesAvailable
 .text.uxQueueMessagesWaitingFromISR
                0x000000000000159c       0x18 ./FreeRTOS/queue.o
                0x000000000000159c                uxQueueMessagesWaitingFromISR
 .text.xQueueIsQueueEmptyFromISR
                0x00000000000015b4       0x20 ./FreeRTOS/queue.o
                0x00000000000015b4                xQueueIsQueueEmptyFromISR
 .text.xQueueIsQueueFullFromISR
                0x00000000000015d4       0x24 ./FreeRTOS/queue.o
                0x00000000000015d4                xQueueIsQueueFullFromISR
 .text.vQueueAddToRegistry
                0x00000000000015f8       0x28 ./FreeRTOS/queue.o
                0x00000000000015f8                vQueueAddToRegistry
 .text.pcQueueGetName
                0x0000000000001620       0x28 ./FreeRTOS/queue.o
                0x0000000000001620                pcQueueGetName
 .text.vQueueUnregisterQueue
                0x0000000000001648       0x2c ./FreeRTOS/queue.o
                0x0000000000001648                vQueueUnregisterQueue
 .text.vQueueDelete
                0x0000000000001674       0x24 ./FreeRTOS/queue.o
                0x0000000000001674                vQueueDelete
 .text.vQueueWaitForMessageRestricted
                0x0000000000001698       0x52 ./FreeRTOS/queue.o
                0x0000000000001698                vQueueWaitForMessageRestricted
 .text.prvBytesInBuffer
                0x00000000000016ea       0x12 ./FreeRTOS/stream_buffer.o
 .text.prvInitialiseNewStreamBuffer
                0x00000000000016fc       0x40 ./FreeRTOS/stream_buffer.o
 .text.prvWriteBytesToBuffer
                0x000000000000173c       0x8c ./FreeRTOS/stream_buffer.o
 .text.prvWriteMessageToBuffer
                0x00000000000017c8       0x48 ./FreeRTOS/stream_buffer.o
 .text.prvReadBytesFromBuffer
                0x0000000000001810       0x96 ./FreeRTOS/stream_buffer.o
 .text.prvReadMessageFromBuffer
                0x00000000000018a6       0x44 ./FreeRTOS/stream_buffer.o
 .text.xStreamBufferGenericCreate
                0x00000000000018ea       0x7e ./FreeRTOS/stream_buffer.o
                0x00000000000018ea                xStreamBufferGenericCreate
 .text.vStreamBufferDelete
                0x0000000000001968       0x2e ./FreeRTOS/stream_buffer.o
                0x0000000000001968                vStreamBufferDelete
 .text.xStreamBufferReset
                0x0000000000001996       0x4a ./FreeRTOS/stream_buffer.o
                0x0000000000001996                xStreamBufferReset
 .text.xStreamBufferSetTriggerLevel
                0x00000000000019e0       0x2a ./FreeRTOS/stream_buffer.o
                0x00000000000019e0                xStreamBufferSetTriggerLevel
 .text.xStreamBufferSpacesAvailable
                0x0000000000001a0a       0x2a ./FreeRTOS/stream_buffer.o
                0x0000000000001a0a                xStreamBufferSpacesAvailable
 .text.xStreamBufferBytesAvailable
                0x0000000000001a34       0x1c ./FreeRTOS/stream_buffer.o
                0x0000000000001a34                xStreamBufferBytesAvailable
 .text.xStreamBufferSend
                0x0000000000001a50      0x12c ./FreeRTOS/stream_buffer.o
                0x0000000000001a50                xStreamBufferSend
 .text.xStreamBufferSendFromISR
                0x0000000000001b7c       0xa2 ./FreeRTOS/stream_buffer.o
                0x0000000000001b7c                xStreamBufferSendFromISR
 .text.xStreamBufferReceive
                0x0000000000001c1e       0xe6 ./FreeRTOS/stream_buffer.o
                0x0000000000001c1e                xStreamBufferReceive
 .text.xStreamBufferNextMessageLengthBytes
                0x0000000000001d04       0x5a ./FreeRTOS/stream_buffer.o
                0x0000000000001d04                xStreamBufferNextMessageLengthBytes
 .text.xStreamBufferReceiveFromISR
                0x0000000000001d5e       0x9c ./FreeRTOS/stream_buffer.o
                0x0000000000001d5e                xStreamBufferReceiveFromISR
 .text.xStreamBufferIsEmpty
                0x0000000000001dfa       0x24 ./FreeRTOS/stream_buffer.o
                0x0000000000001dfa                xStreamBufferIsEmpty
 .text.xStreamBufferIsFull
                0x0000000000001e1e       0x38 ./FreeRTOS/stream_buffer.o
                0x0000000000001e1e                xStreamBufferIsFull
 .text.xStreamBufferSendCompletedFromISR
                0x0000000000001e56       0x54 ./FreeRTOS/stream_buffer.o
                0x0000000000001e56                xStreamBufferSendCompletedFromISR
 .text.xStreamBufferReceiveCompletedFromISR
                0x0000000000001eaa       0x54 ./FreeRTOS/stream_buffer.o
                0x0000000000001eaa                xStreamBufferReceiveCompletedFromISR
 *fill*         0x0000000000001efe        0x2 
 .text.prvTaskIsTaskSuspended
                0x0000000000001f00       0x40 ./FreeRTOS/tasks.o
 .text.prvResetNextTaskUnblockTime
                0x0000000000001f40       0x28 ./FreeRTOS/tasks.o
 .text.prvDeleteTCB
                0x0000000000001f68       0x12 ./FreeRTOS/tasks.o
 .text.prvInitialiseNewTask
                0x0000000000001f7a       0x8c ./FreeRTOS/tasks.o
 *fill*         0x0000000000002006        0x2 
 .text.prvInitialiseTaskLists
                0x0000000000002008       0x68 ./FreeRTOS/tasks.o
 .text.prvAddNewTaskToReadyList
                0x0000000000002070       0xa8 ./FreeRTOS/tasks.o
 .text.prvCheckTasksWaitingTermination
                0x0000000000002118       0x4c ./FreeRTOS/tasks.o
 .text.prvIdleTask
                0x0000000000002164       0x28 ./FreeRTOS/tasks.o
 .text.prvAddCurrentTaskToDelayedList
                0x000000000000218c       0x98 ./FreeRTOS/tasks.o
 .text.xTaskCreate
                0x0000000000002224       0x62 ./FreeRTOS/tasks.o
                0x0000000000002224                xTaskCreate
 *fill*         0x0000000000002286        0x2 
 .text.vTaskDelete
                0x0000000000002288       0xe0 ./FreeRTOS/tasks.o
                0x0000000000002288                vTaskDelete
 .text.uxTaskPriorityGet
                0x0000000000002368       0x20 ./FreeRTOS/tasks.o
                0x0000000000002368                uxTaskPriorityGet
 .text.uxTaskPriorityGetFromISR
                0x0000000000002388       0x30 ./FreeRTOS/tasks.o
                0x0000000000002388                uxTaskPriorityGetFromISR
 .text.vTaskPrioritySet
                0x00000000000023b8       0xdc ./FreeRTOS/tasks.o
                0x00000000000023b8                vTaskPrioritySet
 .text.vTaskResume
                0x0000000000002494       0x84 ./FreeRTOS/tasks.o
                0x0000000000002494                vTaskResume
 .text.xTaskResumeFromISR
                0x0000000000002518       0xac ./FreeRTOS/tasks.o
                0x0000000000002518                xTaskResumeFromISR
 .text.vTaskStartScheduler
                0x00000000000025c4       0x90 ./FreeRTOS/tasks.o
                0x00000000000025c4                vTaskStartScheduler
 .text.vTaskEndScheduler
                0x0000000000002654       0x24 ./FreeRTOS/tasks.o
                0x0000000000002654                vTaskEndScheduler
 .text.vTaskSuspendAll
                0x0000000000002678       0x10 ./FreeRTOS/tasks.o
                0x0000000000002678                vTaskSuspendAll
 .text.xTaskGetTickCount
                0x0000000000002688        0xc ./FreeRTOS/tasks.o
                0x0000000000002688                xTaskGetTickCount
 .text.xTaskGetTickCountFromISR
                0x0000000000002694       0x10 ./FreeRTOS/tasks.o
                0x0000000000002694                xTaskGetTickCountFromISR
 .text.uxTaskGetNumberOfTasks
                0x00000000000026a4        0xc ./FreeRTOS/tasks.o
                0x00000000000026a4                uxTaskGetNumberOfTasks
 .text.pcTaskGetName
                0x00000000000026b0       0x28 ./FreeRTOS/tasks.o
                0x00000000000026b0                pcTaskGetName
 .text.xTaskIncrementTick
                0x00000000000026d8      0x118 ./FreeRTOS/tasks.o
                0x00000000000026d8                xTaskIncrementTick
 .text.xTaskResumeAll
                0x00000000000027f0       0xf4 ./FreeRTOS/tasks.o
                0x00000000000027f0                xTaskResumeAll
 .text.xTaskDelayUntil
                0x00000000000028e4       0xb0 ./FreeRTOS/tasks.o
                0x00000000000028e4                xTaskDelayUntil
 .text.vTaskDelay
                0x0000000000002994       0x4c ./FreeRTOS/tasks.o
                0x0000000000002994                vTaskDelay
 .text.xTaskCatchUpTicks
                0x00000000000029e0       0x38 ./FreeRTOS/tasks.o
                0x00000000000029e0                xTaskCatchUpTicks
 .text.vTaskSwitchContext
                0x0000000000002a18       0x98 ./FreeRTOS/tasks.o
                0x0000000000002a18                vTaskSwitchContext
 .text.vTaskSuspend
                0x0000000000002ab0       0xf8 ./FreeRTOS/tasks.o
                0x0000000000002ab0                vTaskSuspend
 .text.vTaskPlaceOnEventList
                0x0000000000002ba8       0x30 ./FreeRTOS/tasks.o
                0x0000000000002ba8                vTaskPlaceOnEventList
 .text.vTaskPlaceOnUnorderedEventList
                0x0000000000002bd8       0x5c ./FreeRTOS/tasks.o
                0x0000000000002bd8                vTaskPlaceOnUnorderedEventList
 .text.vTaskPlaceOnEventListRestricted
                0x0000000000002c34       0x38 ./FreeRTOS/tasks.o
                0x0000000000002c34                vTaskPlaceOnEventListRestricted
 .text.xTaskRemoveFromEventList
                0x0000000000002c6c       0x8c ./FreeRTOS/tasks.o
                0x0000000000002c6c                xTaskRemoveFromEventList
 .text.vTaskRemoveFromUnorderedEventList
                0x0000000000002cf8       0x88 ./FreeRTOS/tasks.o
                0x0000000000002cf8                vTaskRemoveFromUnorderedEventList
 .text.vTaskSetTimeOutState
                0x0000000000002d80       0x38 ./FreeRTOS/tasks.o
                0x0000000000002d80                vTaskSetTimeOutState
 .text.vTaskInternalSetTimeOutState
                0x0000000000002db8       0x18 ./FreeRTOS/tasks.o
                0x0000000000002db8                vTaskInternalSetTimeOutState
 .text.xTaskCheckForTimeOut
                0x0000000000002dd0       0x84 ./FreeRTOS/tasks.o
                0x0000000000002dd0                xTaskCheckForTimeOut
 .text.vTaskMissedYield
                0x0000000000002e54        0xc ./FreeRTOS/tasks.o
                0x0000000000002e54                vTaskMissedYield
 .text.xTaskGetCurrentTaskHandle
                0x0000000000002e60        0xc ./FreeRTOS/tasks.o
                0x0000000000002e60                xTaskGetCurrentTaskHandle
 .text.xTaskGetSchedulerState
                0x0000000000002e6c       0x20 ./FreeRTOS/tasks.o
                0x0000000000002e6c                xTaskGetSchedulerState
 .text.xTaskPriorityInherit
                0x0000000000002e8c       0xac ./FreeRTOS/tasks.o
                0x0000000000002e8c                xTaskPriorityInherit
 .text.xTaskPriorityDisinherit
                0x0000000000002f38       0xa4 ./FreeRTOS/tasks.o
                0x0000000000002f38                xTaskPriorityDisinherit
 .text.vTaskPriorityDisinheritAfterTimeout
                0x0000000000002fdc       0xb4 ./FreeRTOS/tasks.o
                0x0000000000002fdc                vTaskPriorityDisinheritAfterTimeout
 .text.uxTaskResetEventItemValue
                0x0000000000003090       0x18 ./FreeRTOS/tasks.o
                0x0000000000003090                uxTaskResetEventItemValue
 .text.pvTaskIncrementMutexHeldCount
                0x00000000000030a8       0x1c ./FreeRTOS/tasks.o
                0x00000000000030a8                pvTaskIncrementMutexHeldCount
 .text.ulTaskGenericNotifyTake
                0x00000000000030c4       0xac ./FreeRTOS/tasks.o
                0x00000000000030c4                ulTaskGenericNotifyTake
 .text.xTaskGenericNotifyWait
                0x0000000000003170       0xd0 ./FreeRTOS/tasks.o
                0x0000000000003170                xTaskGenericNotifyWait
 .text.xTaskGenericNotify
                0x0000000000003240      0x14c ./FreeRTOS/tasks.o
                0x0000000000003240                xTaskGenericNotify
 .text.xTaskGenericNotifyFromISR
                0x000000000000338c      0x180 ./FreeRTOS/tasks.o
                0x000000000000338c                xTaskGenericNotifyFromISR
 .text.vTaskGenericNotifyGiveFromISR
                0x000000000000350c       0xec ./FreeRTOS/tasks.o
                0x000000000000350c                vTaskGenericNotifyGiveFromISR
 .text.xTaskGenericNotifyStateClear
                0x00000000000035f8       0x4c ./FreeRTOS/tasks.o
                0x00000000000035f8                xTaskGenericNotifyStateClear
 .text.ulTaskGenericNotifyValueClear
                0x0000000000003644       0x34 ./FreeRTOS/tasks.o
                0x0000000000003644                ulTaskGenericNotifyValueClear
 .text.prvGetNextExpireTime
                0x0000000000003678       0x20 ./FreeRTOS/timers.o
 .text.prvInsertTimerInActiveList
                0x0000000000003698       0x48 ./FreeRTOS/timers.o
 .text.prvCheckForValidListAndQueue
                0x00000000000036e0       0x5c ./FreeRTOS/timers.o
 .text.prvInitialiseNewTimer
                0x000000000000373c       0x4c ./FreeRTOS/timers.o
 .text.xTimerCreateTimerTask
                0x0000000000003788       0x50 ./FreeRTOS/timers.o
                0x0000000000003788                xTimerCreateTimerTask
 .text.xTimerCreate
                0x00000000000037d8       0x38 ./FreeRTOS/timers.o
                0x00000000000037d8                xTimerCreate
 .text.xTimerGenericCommand
                0x0000000000003810       0x6c ./FreeRTOS/timers.o
                0x0000000000003810                xTimerGenericCommand
 .text.prvSwitchTimerLists
                0x000000000000387c       0x7c ./FreeRTOS/timers.o
 .text.prvSampleTimeNow
                0x00000000000038f8       0x2c ./FreeRTOS/timers.o
 .text.prvProcessExpiredTimer
                0x0000000000003924       0x6c ./FreeRTOS/timers.o
 .text.prvProcessTimerOrBlockTask
                0x0000000000003990       0x74 ./FreeRTOS/timers.o
 .text.prvProcessReceivedCommands
                0x0000000000003a04       0xfc ./FreeRTOS/timers.o
 .text.prvTimerTask
                0x0000000000003b00       0x16 ./FreeRTOS/timers.o
 *fill*         0x0000000000003b16        0x2 
 .text.xTimerGetTimerDaemonTaskHandle
                0x0000000000003b18       0x20 ./FreeRTOS/timers.o
                0x0000000000003b18                xTimerGetTimerDaemonTaskHandle
 .text.xTimerGetPeriod
                0x0000000000003b38       0x18 ./FreeRTOS/timers.o
                0x0000000000003b38                xTimerGetPeriod
 .text.vTimerSetReloadMode
                0x0000000000003b50       0x40 ./FreeRTOS/timers.o
                0x0000000000003b50                vTimerSetReloadMode
 .text.uxTimerGetReloadMode
                0x0000000000003b90       0x34 ./FreeRTOS/timers.o
                0x0000000000003b90                uxTimerGetReloadMode
 .text.xTimerGetExpiryTime
                0x0000000000003bc4       0x18 ./FreeRTOS/timers.o
                0x0000000000003bc4                xTimerGetExpiryTime
 .text.pcTimerGetName
                0x0000000000003bdc       0x18 ./FreeRTOS/timers.o
                0x0000000000003bdc                pcTimerGetName
 .text.xTimerIsTimerActive
                0x0000000000003bf4       0x34 ./FreeRTOS/timers.o
                0x0000000000003bf4                xTimerIsTimerActive
 .text.pvTimerGetTimerID
                0x0000000000003c28       0x26 ./FreeRTOS/timers.o
                0x0000000000003c28                pvTimerGetTimerID
 .text.vTimerSetTimerID
                0x0000000000003c4e       0x26 ./FreeRTOS/timers.o
                0x0000000000003c4e                vTimerSetTimerID
 .text.prvTaskExitError
                0x0000000000003c74       0x40 ./FreeRTOS/portable/GCC/ARM_CM4F/port.o
 .text.prvPortStartFirstTask
                0x0000000000003cb4       0x28 ./FreeRTOS/portable/GCC/ARM_CM4F/port.o
 .text.vPortEnableVFP
                0x0000000000003cdc       0x14 ./FreeRTOS/portable/GCC/ARM_CM4F/port.o
 .text.pxPortInitialiseStack
                0x0000000000003cf0       0x2c ./FreeRTOS/portable/GCC/ARM_CM4F/port.o
                0x0000000000003cf0                pxPortInitialiseStack
 *fill*         0x0000000000003d1c        0x4 
 .text.vPortSVCHandler
                0x0000000000003d20       0x24 ./FreeRTOS/portable/GCC/ARM_CM4F/port.o
                0x0000000000003d20                vPortSVCHandler
 .text.vPortEndScheduler
                0x0000000000003d44       0x24 ./FreeRTOS/portable/GCC/ARM_CM4F/port.o
                0x0000000000003d44                vPortEndScheduler
 .text.vPortEnterCritical
                0x0000000000003d68       0x44 ./FreeRTOS/portable/GCC/ARM_CM4F/port.o
                0x0000000000003d68                vPortEnterCritical
 .text.vPortExitCritical
                0x0000000000003dac       0x2c ./FreeRTOS/portable/GCC/ARM_CM4F/port.o
                0x0000000000003dac                vPortExitCritical
 *fill*         0x0000000000003dd8        0x8 
 .text.xPortPendSVHandler
                0x0000000000003de0       0x64 ./FreeRTOS/portable/GCC/ARM_CM4F/port.o
                0x0000000000003de0                xPortPendSVHandler
 .text.xPortSysTickHandler
                0x0000000000003e44       0x2c ./FreeRTOS/portable/GCC/ARM_CM4F/port.o
                0x0000000000003e44                xPortSysTickHandler
 .text.vPortSetupTimerInterrupt
                0x0000000000003e70       0x28 ./FreeRTOS/portable/GCC/ARM_CM4F/port.o
                0x0000000000003e70                vPortSetupTimerInterrupt
 .text.xPortStartScheduler
                0x0000000000003e98      0x110 ./FreeRTOS/portable/GCC/ARM_CM4F/port.o
                0x0000000000003e98                xPortStartScheduler
 .text.vPortValidateInterruptPriority
                0x0000000000003fa8       0x5c ./FreeRTOS/portable/GCC/ARM_CM4F/port.o
                0x0000000000003fa8                vPortValidateInterruptPriority
 .text.prvHeapInit
                0x0000000000004004       0x64 ./FreeRTOS/portable/MemMang/heap_4.o
 .text.prvInsertBlockIntoFreeList
                0x0000000000004068       0x58 ./FreeRTOS/portable/MemMang/heap_4.o
 .text.pvPortMalloc
                0x00000000000040c0      0x128 ./FreeRTOS/portable/MemMang/heap_4.o
                0x00000000000040c0                pvPortMalloc
 .text.vPortFree
                0x00000000000041e8       0x7c ./FreeRTOS/portable/MemMang/heap_4.o
                0x00000000000041e8                vPortFree
 .text.xPortGetFreeHeapSize
                0x0000000000004264        0xc ./FreeRTOS/portable/MemMang/heap_4.o
                0x0000000000004264                xPortGetFreeHeapSize
 .text.xPortGetMinimumEverFreeHeapSize
                0x0000000000004270        0xc ./FreeRTOS/portable/MemMang/heap_4.o
                0x0000000000004270                xPortGetMinimumEverFreeHeapSize
 .text.vPortInitialiseBlocks
                0x000000000000427c        0x2 ./FreeRTOS/portable/MemMang/heap_4.o
                0x000000000000427c                vPortInitialiseBlocks
 *fill*         0x000000000000427e        0x2 
 .text.vPortGetHeapStats
                0x0000000000004280       0x80 ./FreeRTOS/portable/MemMang/heap_4.o
                0x0000000000004280                vPortGetHeapStats
 .text.exit     0x0000000000004300       0x20 /home/albino/ti/ccs1020/ccs/tools/compiler/gcc-arm-none-eabi-7-2017-q4-major/bin/../lib/gcc/arm-none-eabi/7.2.1/../../../../arm-none-eabi/lib/thumb/v7e-m/fpv4-sp/hard/libc.a(lib_a-exit.o)
                0x0000000000004300                exit
 .text.__libc_init_array
                0x0000000000004320       0x48 /home/albino/ti/ccs1020/ccs/tools/compiler/gcc-arm-none-eabi-7-2017-q4-major/bin/../lib/gcc/arm-none-eabi/7.2.1/../../../../arm-none-eabi/lib/thumb/v7e-m/fpv4-sp/hard/libc.a(lib_a-init.o)
                0x0000000000004320                __libc_init_array
 .text.memset   0x0000000000004368       0x94 /home/albino/ti/ccs1020/ccs/tools/compiler/gcc-arm-none-eabi-7-2017-q4-major/bin/../lib/gcc/arm-none-eabi/7.2.1/../../../../arm-none-eabi/lib/thumb/v7e-m/fpv4-sp/hard/libc.a(lib_a-memset.o)
                0x0000000000004368                memset
 .text.startup.register_fini
                0x00000000000043fc       0x14 /home/albino/ti/ccs1020/ccs/tools/compiler/gcc-arm-none-eabi-7-2017-q4-major/bin/../lib/gcc/arm-none-eabi/7.2.1/../../../../arm-none-eabi/lib/thumb/v7e-m/fpv4-sp/hard/libc.a(lib_a-__call_atexit.o)
 .text.__call_exitprocs
                0x0000000000004410       0xe8 /home/albino/ti/ccs1020/ccs/tools/compiler/gcc-arm-none-eabi-7-2017-q4-major/bin/../lib/gcc/arm-none-eabi/7.2.1/../../../../arm-none-eabi/lib/thumb/v7e-m/fpv4-sp/hard/libc.a(lib_a-__call_atexit.o)
                0x0000000000004410                __call_exitprocs
 .text.atexit   0x00000000000044f8        0xc /home/albino/ti/ccs1020/ccs/tools/compiler/gcc-arm-none-eabi-7-2017-q4-major/bin/../lib/gcc/arm-none-eabi/7.2.1/../../../../arm-none-eabi/lib/thumb/v7e-m/fpv4-sp/hard/libc.a(lib_a-atexit.o)
                0x00000000000044f8                atexit
 .text.__libc_fini_array
                0x0000000000004504       0x34 /home/albino/ti/ccs1020/ccs/tools/compiler/gcc-arm-none-eabi-7-2017-q4-major/bin/../lib/gcc/arm-none-eabi/7.2.1/../../../../arm-none-eabi/lib/thumb/v7e-m/fpv4-sp/hard/libc.a(lib_a-fini.o)
                0x0000000000004504                __libc_fini_array
 .text.__retarget_lock_init
                0x0000000000004538        0x4 /home/albino/ti/ccs1020/ccs/tools/compiler/gcc-arm-none-eabi-7-2017-q4-major/bin/../lib/gcc/arm-none-eabi/7.2.1/../../../../arm-none-eabi/lib/thumb/v7e-m/fpv4-sp/hard/libc.a(lib_a-lock.o)
                0x0000000000004538                __retarget_lock_init
 .text.__retarget_lock_init_recursive
                0x000000000000453c        0x4 /home/albino/ti/ccs1020/ccs/tools/compiler/gcc-arm-none-eabi-7-2017-q4-major/bin/../lib/gcc/arm-none-eabi/7.2.1/../../../../arm-none-eabi/lib/thumb/v7e-m/fpv4-sp/hard/libc.a(lib_a-lock.o)
                0x000000000000453c                __retarget_lock_init_recursive
 .text.__retarget_lock_close
                0x0000000000004540        0x4 /home/albino/ti/ccs1020/ccs/tools/compiler/gcc-arm-none-eabi-7-2017-q4-major/bin/../lib/gcc/arm-none-eabi/7.2.1/../../../../arm-none-eabi/lib/thumb/v7e-m/fpv4-sp/hard/libc.a(lib_a-lock.o)
                0x0000000000004540                __retarget_lock_close
 .text.__retarget_lock_close_recursive
                0x0000000000004544        0x4 /home/albino/ti/ccs1020/ccs/tools/compiler/gcc-arm-none-eabi-7-2017-q4-major/bin/../lib/gcc/arm-none-eabi/7.2.1/../../../../arm-none-eabi/lib/thumb/v7e-m/fpv4-sp/hard/libc.a(lib_a-lock.o)
                0x0000000000004544                __retarget_lock_close_recursive
 .text.__retarget_lock_acquire
                0x0000000000004548        0x4 /home/albino/ti/ccs1020/ccs/tools/compiler/gcc-arm-none-eabi-7-2017-q4-major/bin/../lib/gcc/arm-none-eabi/7.2.1/../../../../arm-none-eabi/lib/thumb/v7e-m/fpv4-sp/hard/libc.a(lib_a-lock.o)
                0x0000000000004548                __retarget_lock_acquire
 .text.__retarget_lock_acquire_recursive
                0x000000000000454c        0x4 /home/albino/ti/ccs1020/ccs/tools/compiler/gcc-arm-none-eabi-7-2017-q4-major/bin/../lib/gcc/arm-none-eabi/7.2.1/../../../../arm-none-eabi/lib/thumb/v7e-m/fpv4-sp/hard/libc.a(lib_a-lock.o)
                0x000000000000454c                __retarget_lock_acquire_recursive
 .text.__retarget_lock_try_acquire
                0x0000000000004550        0x4 /home/albino/ti/ccs1020/ccs/tools/compiler/gcc-arm-none-eabi-7-2017-q4-major/bin/../lib/gcc/arm-none-eabi/7.2.1/../../../../arm-none-eabi/lib/thumb/v7e-m/fpv4-sp/hard/libc.a(lib_a-lock.o)
                0x0000000000004550                __retarget_lock_try_acquire
 .text.__retarget_lock_try_acquire_recursive
                0x0000000000004554        0x4 /home/albino/ti/ccs1020/ccs/tools/compiler/gcc-arm-none-eabi-7-2017-q4-major/bin/../lib/gcc/arm-none-eabi/7.2.1/../../../../arm-none-eabi/lib/thumb/v7e-m/fpv4-sp/hard/libc.a(lib_a-lock.o)
                0x0000000000004554                __retarget_lock_try_acquire_recursive
 .text.__retarget_lock_release
                0x0000000000004558        0x4 /home/albino/ti/ccs1020/ccs/tools/compiler/gcc-arm-none-eabi-7-2017-q4-major/bin/../lib/gcc/arm-none-eabi/7.2.1/../../../../arm-none-eabi/lib/thumb/v7e-m/fpv4-sp/hard/libc.a(lib_a-lock.o)
                0x0000000000004558                __retarget_lock_release
 .text.__retarget_lock_release_recursive
                0x000000000000455c        0x4 /home/albino/ti/ccs1020/ccs/tools/compiler/gcc-arm-none-eabi-7-2017-q4-major/bin/../lib/gcc/arm-none-eabi/7.2.1/../../../../arm-none-eabi/lib/thumb/v7e-m/fpv4-sp/hard/libc.a(lib_a-lock.o)
                0x000000000000455c                __retarget_lock_release_recursive
 .text.__register_exitproc
                0x0000000000004560       0xc0 /home/albino/ti/ccs1020/ccs/tools/compiler/gcc-arm-none-eabi-7-2017-q4-major/bin/../lib/gcc/arm-none-eabi/7.2.1/../../../../arm-none-eabi/lib/thumb/v7e-m/fpv4-sp/hard/libc.a(lib_a-__atexit.o)
                0x0000000000004560                __register_exitproc
 .text._GPIOIntNumberGet
                0x0000000000004620       0x48 /home/albino/ti/tivaware/driverlib/gcc/libdriver.a(gpio.o)
 .text.GPIODirModeSet
                0x0000000000004668       0x2e /home/albino/ti/tivaware/driverlib/gcc/libdriver.a(gpio.o)
                0x0000000000004668                GPIODirModeSet
 .text.GPIODirModeGet
                0x0000000000004696       0x24 /home/albino/ti/tivaware/driverlib/gcc/libdriver.a(gpio.o)
                0x0000000000004696                GPIODirModeGet
 .text.GPIOIntTypeSet
                0x00000000000046ba       0x5a /home/albino/ti/tivaware/driverlib/gcc/libdriver.a(gpio.o)
                0x00000000000046ba                GPIOIntTypeSet
 .text.GPIOIntTypeGet
                0x0000000000004714       0x48 /home/albino/ti/tivaware/driverlib/gcc/libdriver.a(gpio.o)
                0x0000000000004714                GPIOIntTypeGet
 .text.GPIOPadConfigSet
                0x000000000000475c      0x170 /home/albino/ti/tivaware/driverlib/gcc/libdriver.a(gpio.o)
                0x000000000000475c                GPIOPadConfigSet
 .text.GPIOPadConfigGet
                0x00000000000048cc       0xe4 /home/albino/ti/tivaware/driverlib/gcc/libdriver.a(gpio.o)
                0x00000000000048cc                GPIOPadConfigGet
 .text.GPIOIntEnable
                0x00000000000049b0        0xc /home/albino/ti/tivaware/driverlib/gcc/libdriver.a(gpio.o)
                0x00000000000049b0                GPIOIntEnable
 .text.GPIOIntDisable
                0x00000000000049bc        0xe /home/albino/ti/tivaware/driverlib/gcc/libdriver.a(gpio.o)
                0x00000000000049bc                GPIOIntDisable
 .text.GPIOIntStatus
                0x00000000000049ca        0xe /home/albino/ti/tivaware/driverlib/gcc/libdriver.a(gpio.o)
                0x00000000000049ca                GPIOIntStatus
 .text.GPIOIntClear
                0x00000000000049d8        0x6 /home/albino/ti/tivaware/driverlib/gcc/libdriver.a(gpio.o)
                0x00000000000049d8                GPIOIntClear
 .text.GPIOIntRegister
                0x00000000000049de       0x1a /home/albino/ti/tivaware/driverlib/gcc/libdriver.a(gpio.o)
                0x00000000000049de                GPIOIntRegister
 .text.GPIOIntUnregister
                0x00000000000049f8       0x16 /home/albino/ti/tivaware/driverlib/gcc/libdriver.a(gpio.o)
                0x00000000000049f8                GPIOIntUnregister
 .text.GPIOIntRegisterPin
                0x0000000000004a0e       0x1e /home/albino/ti/tivaware/driverlib/gcc/libdriver.a(gpio.o)
                0x0000000000004a0e                GPIOIntRegisterPin
 .text.GPIOIntUnregisterPin
                0x0000000000004a2c       0x1a /home/albino/ti/tivaware/driverlib/gcc/libdriver.a(gpio.o)
                0x0000000000004a2c                GPIOIntUnregisterPin
 .text.GPIOPinRead
                0x0000000000004a46        0x6 /home/albino/ti/tivaware/driverlib/gcc/libdriver.a(gpio.o)
                0x0000000000004a46                GPIOPinRead
 .text.GPIOPinWrite
                0x0000000000004a4c        0x6 /home/albino/ti/tivaware/driverlib/gcc/libdriver.a(gpio.o)
                0x0000000000004a4c                GPIOPinWrite
 .text.GPIOPinTypeADC
                0x0000000000004a52       0x1c /home/albino/ti/tivaware/driverlib/gcc/libdriver.a(gpio.o)
                0x0000000000004a52                GPIOPinTypeADC
 .text.GPIOPinTypeCAN
                0x0000000000004a6e       0x1c /home/albino/ti/tivaware/driverlib/gcc/libdriver.a(gpio.o)
                0x0000000000004a6e                GPIOPinTypeCAN
 .text.GPIOPinTypeComparator
                0x0000000000004a8a       0x1c /home/albino/ti/tivaware/driverlib/gcc/libdriver.a(gpio.o)
                0x0000000000004a8a                GPIOPinTypeComparator
 .text.GPIOPinTypeComparatorOutput
                0x0000000000004aa6       0x1c /home/albino/ti/tivaware/driverlib/gcc/libdriver.a(gpio.o)
                0x0000000000004aa6                GPIOPinTypeComparatorOutput
 .text.GPIOPinTypeDIVSCLK
                0x0000000000004ac2       0x1c /home/albino/ti/tivaware/driverlib/gcc/libdriver.a(gpio.o)
                0x0000000000004ac2                GPIOPinTypeDIVSCLK
 .text.GPIOPinTypeEPI
                0x0000000000004ade       0x1c /home/albino/ti/tivaware/driverlib/gcc/libdriver.a(gpio.o)
                0x0000000000004ade                GPIOPinTypeEPI
 .text.GPIOPinTypeEthernetLED
                0x0000000000004afa       0x1c /home/albino/ti/tivaware/driverlib/gcc/libdriver.a(gpio.o)
                0x0000000000004afa                GPIOPinTypeEthernetLED
 .text.GPIOPinTypeEthernetMII
                0x0000000000004b16       0x1c /home/albino/ti/tivaware/driverlib/gcc/libdriver.a(gpio.o)
                0x0000000000004b16                GPIOPinTypeEthernetMII
 .text.GPIOPinTypeGPIOInput
                0x0000000000004b32       0x1c /home/albino/ti/tivaware/driverlib/gcc/libdriver.a(gpio.o)
                0x0000000000004b32                GPIOPinTypeGPIOInput
 .text.GPIOPinTypeGPIOOutput
                0x0000000000004b4e       0x1c /home/albino/ti/tivaware/driverlib/gcc/libdriver.a(gpio.o)
                0x0000000000004b4e                GPIOPinTypeGPIOOutput
 .text.GPIOPinTypeGPIOOutputOD
                0x0000000000004b6a       0x1c /home/albino/ti/tivaware/driverlib/gcc/libdriver.a(gpio.o)
                0x0000000000004b6a                GPIOPinTypeGPIOOutputOD
 .text.GPIOPinTypeHibernateRTCCLK
                0x0000000000004b86       0x1c /home/albino/ti/tivaware/driverlib/gcc/libdriver.a(gpio.o)
                0x0000000000004b86                GPIOPinTypeHibernateRTCCLK
 .text.GPIOPinTypeI2C
                0x0000000000004ba2       0x1c /home/albino/ti/tivaware/driverlib/gcc/libdriver.a(gpio.o)
                0x0000000000004ba2                GPIOPinTypeI2C
 .text.GPIOPinTypeI2CSCL
                0x0000000000004bbe       0x1c /home/albino/ti/tivaware/driverlib/gcc/libdriver.a(gpio.o)
                0x0000000000004bbe                GPIOPinTypeI2CSCL
 .text.GPIOPinTypeLCD
                0x0000000000004bda       0x1c /home/albino/ti/tivaware/driverlib/gcc/libdriver.a(gpio.o)
                0x0000000000004bda                GPIOPinTypeLCD
 .text.GPIOPinTypeOneWire
                0x0000000000004bf6       0x1c /home/albino/ti/tivaware/driverlib/gcc/libdriver.a(gpio.o)
                0x0000000000004bf6                GPIOPinTypeOneWire
 .text.GPIOPinTypePWM
                0x0000000000004c12       0x1c /home/albino/ti/tivaware/driverlib/gcc/libdriver.a(gpio.o)
                0x0000000000004c12                GPIOPinTypePWM
 .text.GPIOPinTypeQEI
                0x0000000000004c2e       0x1c /home/albino/ti/tivaware/driverlib/gcc/libdriver.a(gpio.o)
                0x0000000000004c2e                GPIOPinTypeQEI
 .text.GPIOPinTypeSSI
                0x0000000000004c4a       0x1c /home/albino/ti/tivaware/driverlib/gcc/libdriver.a(gpio.o)
                0x0000000000004c4a                GPIOPinTypeSSI
 .text.GPIOPinTypeTimer
                0x0000000000004c66       0x1c /home/albino/ti/tivaware/driverlib/gcc/libdriver.a(gpio.o)
                0x0000000000004c66                GPIOPinTypeTimer
 .text.GPIOPinTypeTrace
                0x0000000000004c82       0x1c /home/albino/ti/tivaware/driverlib/gcc/libdriver.a(gpio.o)
                0x0000000000004c82                GPIOPinTypeTrace
 .text.GPIOPinTypeUART
                0x0000000000004c9e       0x1c /home/albino/ti/tivaware/driverlib/gcc/libdriver.a(gpio.o)
                0x0000000000004c9e                GPIOPinTypeUART
 .text.GPIOPinTypeUSBAnalog
                0x0000000000004cba       0x1c /home/albino/ti/tivaware/driverlib/gcc/libdriver.a(gpio.o)
                0x0000000000004cba                GPIOPinTypeUSBAnalog
 .text.GPIOPinTypeUSBDigital
                0x0000000000004cd6       0x1c /home/albino/ti/tivaware/driverlib/gcc/libdriver.a(gpio.o)
                0x0000000000004cd6                GPIOPinTypeUSBDigital
 .text.GPIOPinTypeWakeHigh
                0x0000000000004cf2       0x1e /home/albino/ti/tivaware/driverlib/gcc/libdriver.a(gpio.o)
                0x0000000000004cf2                GPIOPinTypeWakeHigh
 .text.GPIOPinTypeWakeLow
                0x0000000000004d10       0x1e /home/albino/ti/tivaware/driverlib/gcc/libdriver.a(gpio.o)
                0x0000000000004d10                GPIOPinTypeWakeLow
 .text.GPIOPinWakeStatus
                0x0000000000004d2e        0x6 /home/albino/ti/tivaware/driverlib/gcc/libdriver.a(gpio.o)
                0x0000000000004d2e                GPIOPinWakeStatus
 .text.GPIOPinConfigure
                0x0000000000004d34       0x4c /home/albino/ti/tivaware/driverlib/gcc/libdriver.a(gpio.o)
                0x0000000000004d34                GPIOPinConfigure
 .text.GPIODMATriggerEnable
                0x0000000000004d80        0xc /home/albino/ti/tivaware/driverlib/gcc/libdriver.a(gpio.o)
                0x0000000000004d80                GPIODMATriggerEnable
 .text.GPIODMATriggerDisable
                0x0000000000004d8c        0xe /home/albino/ti/tivaware/driverlib/gcc/libdriver.a(gpio.o)
                0x0000000000004d8c                GPIODMATriggerDisable
 .text.GPIOADCTriggerEnable
                0x0000000000004d9a        0xc /home/albino/ti/tivaware/driverlib/gcc/libdriver.a(gpio.o)
                0x0000000000004d9a                GPIOADCTriggerEnable
 .text.GPIOADCTriggerDisable
                0x0000000000004da6        0xe /home/albino/ti/tivaware/driverlib/gcc/libdriver.a(gpio.o)
                0x0000000000004da6                GPIOADCTriggerDisable
 .text.GPIOUnlockPin
                0x0000000000004db4       0x18 /home/albino/ti/tivaware/driverlib/gcc/libdriver.a(gpio.o)
                0x0000000000004db4                GPIOUnlockPin
 .text._IntDefaultHandler
                0x0000000000004dcc        0x2 /home/albino/ti/tivaware/driverlib/gcc/libdriver.a(interrupt.o)
 .text.IntMasterEnable
                0x0000000000004dce        0xe /home/albino/ti/tivaware/driverlib/gcc/libdriver.a(interrupt.o)
                0x0000000000004dce                IntMasterEnable
 .text.IntMasterDisable
                0x0000000000004ddc        0xe /home/albino/ti/tivaware/driverlib/gcc/libdriver.a(interrupt.o)
                0x0000000000004ddc                IntMasterDisable
 *fill*         0x0000000000004dea        0x2 
 .text.IntRegister
                0x0000000000004dec       0x34 /home/albino/ti/tivaware/driverlib/gcc/libdriver.a(interrupt.o)
                0x0000000000004dec                IntRegister
 .text.IntUnregister
                0x0000000000004e20       0x14 /home/albino/ti/tivaware/driverlib/gcc/libdriver.a(interrupt.o)
                0x0000000000004e20                IntUnregister
 .text.IntPriorityGroupingSet
                0x0000000000004e34       0x1c /home/albino/ti/tivaware/driverlib/gcc/libdriver.a(interrupt.o)
                0x0000000000004e34                IntPriorityGroupingSet
 .text.IntPriorityGroupingGet
                0x0000000000004e50       0x24 /home/albino/ti/tivaware/driverlib/gcc/libdriver.a(interrupt.o)
                0x0000000000004e50                IntPriorityGroupingGet
 .text.IntPrioritySet
                0x0000000000004e74       0x2c /home/albino/ti/tivaware/driverlib/gcc/libdriver.a(interrupt.o)
                0x0000000000004e74                IntPrioritySet
 .text.IntPriorityGet
                0x0000000000004ea0       0x1c /home/albino/ti/tivaware/driverlib/gcc/libdriver.a(interrupt.o)
                0x0000000000004ea0                IntPriorityGet
 .text.IntEnable
                0x0000000000004ebc       0x60 /home/albino/ti/tivaware/driverlib/gcc/libdriver.a(interrupt.o)
                0x0000000000004ebc                IntEnable
 .text.IntDisable
                0x0000000000004f1c       0x60 /home/albino/ti/tivaware/driverlib/gcc/libdriver.a(interrupt.o)
                0x0000000000004f1c                IntDisable
 .text.IntIsEnabled
                0x0000000000004f7c       0x64 /home/albino/ti/tivaware/driverlib/gcc/libdriver.a(interrupt.o)
                0x0000000000004f7c                IntIsEnabled
 .text.IntPendSet
                0x0000000000004fe0       0x50 /home/albino/ti/tivaware/driverlib/gcc/libdriver.a(interrupt.o)
                0x0000000000004fe0                IntPendSet
 .text.IntPendClear
                0x0000000000005030       0x40 /home/albino/ti/tivaware/driverlib/gcc/libdriver.a(interrupt.o)
                0x0000000000005030                IntPendClear
 .text.IntPriorityMaskSet
                0x0000000000005070        0x4 /home/albino/ti/tivaware/driverlib/gcc/libdriver.a(interrupt.o)
                0x0000000000005070                IntPriorityMaskSet
 .text.IntPriorityMaskGet
                0x0000000000005074        0x4 /home/albino/ti/tivaware/driverlib/gcc/libdriver.a(interrupt.o)
                0x0000000000005074                IntPriorityMaskGet
 .text.IntTrigger
                0x0000000000005078        0xc /home/albino/ti/tivaware/driverlib/gcc/libdriver.a(interrupt.o)
                0x0000000000005078                IntTrigger
 .text._SysCtlMemTimingGet
                0x0000000000005084       0x24 /home/albino/ti/tivaware/driverlib/gcc/libdriver.a(sysctl.o)
 .text.SysCtlSRAMSizeGet
                0x00000000000050a8       0x10 /home/albino/ti/tivaware/driverlib/gcc/libdriver.a(sysctl.o)
                0x00000000000050a8                SysCtlSRAMSizeGet
 .text.SysCtlFlashSizeGet
                0x00000000000050b8       0x3c /home/albino/ti/tivaware/driverlib/gcc/libdriver.a(sysctl.o)
                0x00000000000050b8                SysCtlFlashSizeGet
 .text.SysCtlFlashSectorSizeGet
                0x00000000000050f4       0x38 /home/albino/ti/tivaware/driverlib/gcc/libdriver.a(sysctl.o)
                0x00000000000050f4                SysCtlFlashSectorSizeGet
 .text.SysCtlPeripheralPresent
                0x000000000000512c       0x26 /home/albino/ti/tivaware/driverlib/gcc/libdriver.a(sysctl.o)
                0x000000000000512c                SysCtlPeripheralPresent
 .text.SysCtlPeripheralReady
                0x0000000000005152       0x26 /home/albino/ti/tivaware/driverlib/gcc/libdriver.a(sysctl.o)
                0x0000000000005152                SysCtlPeripheralReady
 .text.SysCtlPeripheralPowerOn
                0x0000000000005178       0x22 /home/albino/ti/tivaware/driverlib/gcc/libdriver.a(sysctl.o)
                0x0000000000005178                SysCtlPeripheralPowerOn
 .text.SysCtlPeripheralPowerOff
                0x000000000000519a       0x22 /home/albino/ti/tivaware/driverlib/gcc/libdriver.a(sysctl.o)
                0x000000000000519a                SysCtlPeripheralPowerOff
 .text.SysCtlPeripheralReset
                0x00000000000051bc       0x3a /home/albino/ti/tivaware/driverlib/gcc/libdriver.a(sysctl.o)
                0x00000000000051bc                SysCtlPeripheralReset
 .text.SysCtlPeripheralEnable
                0x00000000000051f6       0x22 /home/albino/ti/tivaware/driverlib/gcc/libdriver.a(sysctl.o)
                0x00000000000051f6                SysCtlPeripheralEnable
 .text.SysCtlPeripheralDisable
                0x0000000000005218       0x22 /home/albino/ti/tivaware/driverlib/gcc/libdriver.a(sysctl.o)
                0x0000000000005218                SysCtlPeripheralDisable
 .text.SysCtlPeripheralSleepEnable
                0x000000000000523a       0x22 /home/albino/ti/tivaware/driverlib/gcc/libdriver.a(sysctl.o)
                0x000000000000523a                SysCtlPeripheralSleepEnable
 .text.SysCtlPeripheralSleepDisable
                0x000000000000525c       0x22 /home/albino/ti/tivaware/driverlib/gcc/libdriver.a(sysctl.o)
                0x000000000000525c                SysCtlPeripheralSleepDisable
 .text.SysCtlPeripheralDeepSleepEnable
                0x000000000000527e       0x22 /home/albino/ti/tivaware/driverlib/gcc/libdriver.a(sysctl.o)
                0x000000000000527e                SysCtlPeripheralDeepSleepEnable
 .text.SysCtlPeripheralDeepSleepDisable
                0x00000000000052a0       0x22 /home/albino/ti/tivaware/driverlib/gcc/libdriver.a(sysctl.o)
                0x00000000000052a0                SysCtlPeripheralDeepSleepDisable
 *fill*         0x00000000000052c2        0x2 
 .text.SysCtlPeripheralClockGating
                0x00000000000052c4       0x48 /home/albino/ti/tivaware/driverlib/gcc/libdriver.a(sysctl.o)
                0x00000000000052c4                SysCtlPeripheralClockGating
 .text.SysCtlIntRegister
                0x000000000000530c       0x14 /home/albino/ti/tivaware/driverlib/gcc/libdriver.a(sysctl.o)
                0x000000000000530c                SysCtlIntRegister
 .text.SysCtlIntUnregister
                0x0000000000005320       0x12 /home/albino/ti/tivaware/driverlib/gcc/libdriver.a(sysctl.o)
                0x0000000000005320                SysCtlIntUnregister
 *fill*         0x0000000000005332        0x2 
 .text.SysCtlIntEnable
                0x0000000000005334       0x10 /home/albino/ti/tivaware/driverlib/gcc/libdriver.a(sysctl.o)
                0x0000000000005334                SysCtlIntEnable
 .text.SysCtlIntDisable
                0x0000000000005344       0x10 /home/albino/ti/tivaware/driverlib/gcc/libdriver.a(sysctl.o)
                0x0000000000005344                SysCtlIntDisable
 .text.SysCtlIntClear
                0x0000000000005354        0xc /home/albino/ti/tivaware/driverlib/gcc/libdriver.a(sysctl.o)
                0x0000000000005354                SysCtlIntClear
 .text.SysCtlIntStatus
                0x0000000000005360       0x14 /home/albino/ti/tivaware/driverlib/gcc/libdriver.a(sysctl.o)
                0x0000000000005360                SysCtlIntStatus
 .text.SysCtlLDOSleepSet
                0x0000000000005374        0xc /home/albino/ti/tivaware/driverlib/gcc/libdriver.a(sysctl.o)
                0x0000000000005374                SysCtlLDOSleepSet
 .text.SysCtlLDOSleepGet
                0x0000000000005380        0xc /home/albino/ti/tivaware/driverlib/gcc/libdriver.a(sysctl.o)
                0x0000000000005380                SysCtlLDOSleepGet
 .text.SysCtlLDODeepSleepSet
                0x000000000000538c        0xc /home/albino/ti/tivaware/driverlib/gcc/libdriver.a(sysctl.o)
                0x000000000000538c                SysCtlLDODeepSleepSet
 .text.SysCtlLDODeepSleepGet
                0x0000000000005398        0xc /home/albino/ti/tivaware/driverlib/gcc/libdriver.a(sysctl.o)
                0x0000000000005398                SysCtlLDODeepSleepGet
 .text.SysCtlSleepPowerSet
                0x00000000000053a4        0xc /home/albino/ti/tivaware/driverlib/gcc/libdriver.a(sysctl.o)
                0x00000000000053a4                SysCtlSleepPowerSet
 .text.SysCtlDeepSleepPowerSet
                0x00000000000053b0        0xc /home/albino/ti/tivaware/driverlib/gcc/libdriver.a(sysctl.o)
                0x00000000000053b0                SysCtlDeepSleepPowerSet
 .text.SysCtlReset
                0x00000000000053bc       0x10 /home/albino/ti/tivaware/driverlib/gcc/libdriver.a(sysctl.o)
                0x00000000000053bc                SysCtlReset
 .text.SysCtlSleep
                0x00000000000053cc        0x4 /home/albino/ti/tivaware/driverlib/gcc/libdriver.a(sysctl.o)
                0x00000000000053cc                SysCtlSleep
 .text.SysCtlDeepSleep
                0x00000000000053d0       0x20 /home/albino/ti/tivaware/driverlib/gcc/libdriver.a(sysctl.o)
                0x00000000000053d0                SysCtlDeepSleep
 .text.SysCtlResetCauseGet
                0x00000000000053f0        0xc /home/albino/ti/tivaware/driverlib/gcc/libdriver.a(sysctl.o)
                0x00000000000053f0                SysCtlResetCauseGet
 .text.SysCtlResetCauseClear
                0x00000000000053fc       0x10 /home/albino/ti/tivaware/driverlib/gcc/libdriver.a(sysctl.o)
                0x00000000000053fc                SysCtlResetCauseClear
 .text.SysCtlDelay
                0x000000000000540c        0x8 /home/albino/ti/tivaware/driverlib/gcc/libdriver.a(sysctl.o)
                0x000000000000540c                SysCtlDelay
 .text.SysCtlMOSCConfigSet
                0x0000000000005414        0xc /home/albino/ti/tivaware/driverlib/gcc/libdriver.a(sysctl.o)
                0x0000000000005414                SysCtlMOSCConfigSet
 .text.SysCtlPIOSCCalibrate
                0x0000000000005420       0x48 /home/albino/ti/tivaware/driverlib/gcc/libdriver.a(sysctl.o)
                0x0000000000005420                SysCtlPIOSCCalibrate
 .text.SysCtlResetBehaviorSet
                0x0000000000005468        0xc /home/albino/ti/tivaware/driverlib/gcc/libdriver.a(sysctl.o)
                0x0000000000005468                SysCtlResetBehaviorSet
 .text.SysCtlResetBehaviorGet
                0x0000000000005474        0xc /home/albino/ti/tivaware/driverlib/gcc/libdriver.a(sysctl.o)
                0x0000000000005474                SysCtlResetBehaviorGet
 .text.SysCtlClockFreqSet
                0x0000000000005480      0x248 /home/albino/ti/tivaware/driverlib/gcc/libdriver.a(sysctl.o)
                0x0000000000005480                SysCtlClockFreqSet
 .text.SysCtlClockSet
                0x00000000000056c8      0x11c /home/albino/ti/tivaware/driverlib/gcc/libdriver.a(sysctl.o)
                0x00000000000056c8                SysCtlClockSet
 .text.SysCtlClockGet
                0x00000000000057e4      0x12c /home/albino/ti/tivaware/driverlib/gcc/libdriver.a(sysctl.o)
                0x00000000000057e4                SysCtlClockGet
 .text.SysCtlDeepSleepClockSet
                0x0000000000005910        0xc /home/albino/ti/tivaware/driverlib/gcc/libdriver.a(sysctl.o)
                0x0000000000005910                SysCtlDeepSleepClockSet
 .text.SysCtlDeepSleepClockConfigSet
                0x000000000000591c       0x60 /home/albino/ti/tivaware/driverlib/gcc/libdriver.a(sysctl.o)
                0x000000000000591c                SysCtlDeepSleepClockConfigSet
 .text.SysCtlPWMClockSet
                0x000000000000597c       0x14 /home/albino/ti/tivaware/driverlib/gcc/libdriver.a(sysctl.o)
                0x000000000000597c                SysCtlPWMClockSet
 .text.SysCtlPWMClockGet
                0x0000000000005990       0x18 /home/albino/ti/tivaware/driverlib/gcc/libdriver.a(sysctl.o)
                0x0000000000005990                SysCtlPWMClockGet
 .text.SysCtlGPIOAHBEnable
                0x00000000000059a8       0x18 /home/albino/ti/tivaware/driverlib/gcc/libdriver.a(sysctl.o)
                0x00000000000059a8                SysCtlGPIOAHBEnable
 .text.SysCtlGPIOAHBDisable
                0x00000000000059c0       0x1c /home/albino/ti/tivaware/driverlib/gcc/libdriver.a(sysctl.o)
                0x00000000000059c0                SysCtlGPIOAHBDisable
 .text.SysCtlUSBPLLEnable
                0x00000000000059dc       0x10 /home/albino/ti/tivaware/driverlib/gcc/libdriver.a(sysctl.o)
                0x00000000000059dc                SysCtlUSBPLLEnable
 .text.SysCtlUSBPLLDisable
                0x00000000000059ec       0x10 /home/albino/ti/tivaware/driverlib/gcc/libdriver.a(sysctl.o)
                0x00000000000059ec                SysCtlUSBPLLDisable
 .text.SysCtlVoltageEventConfig
                0x00000000000059fc        0xc /home/albino/ti/tivaware/driverlib/gcc/libdriver.a(sysctl.o)
                0x00000000000059fc                SysCtlVoltageEventConfig
 .text.SysCtlVoltageEventStatus
                0x0000000000005a08        0xc /home/albino/ti/tivaware/driverlib/gcc/libdriver.a(sysctl.o)
                0x0000000000005a08                SysCtlVoltageEventStatus
 .text.SysCtlVoltageEventClear
                0x0000000000005a14       0x10 /home/albino/ti/tivaware/driverlib/gcc/libdriver.a(sysctl.o)
                0x0000000000005a14                SysCtlVoltageEventClear
 .text.SysCtlVCOGet
                0x0000000000005a24       0x78 /home/albino/ti/tivaware/driverlib/gcc/libdriver.a(sysctl.o)
                0x0000000000005a24                SysCtlVCOGet
 .text.SysCtlNMIStatus
                0x0000000000005a9c        0xc /home/albino/ti/tivaware/driverlib/gcc/libdriver.a(sysctl.o)
                0x0000000000005a9c                SysCtlNMIStatus
 .text.SysCtlNMIClear
                0x0000000000005aa8       0x10 /home/albino/ti/tivaware/driverlib/gcc/libdriver.a(sysctl.o)
                0x0000000000005aa8                SysCtlNMIClear
 .text.SysCtlClockOutConfig
                0x0000000000005ab8       0x10 /home/albino/ti/tivaware/driverlib/gcc/libdriver.a(sysctl.o)
                0x0000000000005ab8                SysCtlClockOutConfig
 .text.SysCtlAltClkConfig
                0x0000000000005ac8        0xc /home/albino/ti/tivaware/driverlib/gcc/libdriver.a(sysctl.o)
                0x0000000000005ac8                SysCtlAltClkConfig
 .text.CPUcpsid
                0x0000000000005ad4        0x8 /home/albino/ti/tivaware/driverlib/gcc/libdriver.a(cpu.o)
                0x0000000000005ad4                CPUcpsid
 .text.CPUprimask
                0x0000000000005adc        0x6 /home/albino/ti/tivaware/driverlib/gcc/libdriver.a(cpu.o)
                0x0000000000005adc                CPUprimask
 .text.CPUcpsie
                0x0000000000005ae2        0x8 /home/albino/ti/tivaware/driverlib/gcc/libdriver.a(cpu.o)
                0x0000000000005ae2                CPUcpsie
 .text.CPUwfi   0x0000000000005aea        0x4 /home/albino/ti/tivaware/driverlib/gcc/libdriver.a(cpu.o)
                0x0000000000005aea                CPUwfi
 .text.CPUbasepriSet
                0x0000000000005aee        0x6 /home/albino/ti/tivaware/driverlib/gcc/libdriver.a(cpu.o)
                0x0000000000005aee                CPUbasepriSet
 .text.CPUbasepriGet
                0x0000000000005af4        0x6 /home/albino/ti/tivaware/driverlib/gcc/libdriver.a(cpu.o)
                0x0000000000005af4                CPUbasepriGet
 *fill*         0x0000000000005afa        0x2 
 .text._exit    0x0000000000005afc        0x4 /home/albino/ti/ccs1020/ccs/tools/compiler/gcc-arm-none-eabi-7-2017-q4-major/bin/../lib/gcc/arm-none-eabi/7.2.1/../../../../arm-none-eabi/lib/thumb/v7e-m/fpv4-sp/hard/libnosys.a(_exit.o)
                0x0000000000005afc                _exit
                0x0000000000005b00                . = ALIGN (0x4)
 *(.ctors)
                0x0000000000005b00                . = ALIGN (0x4)
 *(.dtors)
                0x0000000000005b00                . = ALIGN (0x4)
                0x0000000000005b00                __init_array_start = .
 *(.init_array*)
 .init_array    0x0000000000005b00        0x4 /home/albino/ti/ccs1020/ccs/tools/compiler/gcc-arm-none-eabi-7-2017-q4-major/bin/../lib/gcc/arm-none-eabi/7.2.1/thumb/v7e-m/fpv4-sp/hard/crtbegin.o
 .init_array.00000
                0x0000000000005b04        0x4 /home/albino/ti/ccs1020/ccs/tools/compiler/gcc-arm-none-eabi-7-2017-q4-major/bin/../lib/gcc/arm-none-eabi/7.2.1/../../../../arm-none-eabi/lib/thumb/v7e-m/fpv4-sp/hard/libc.a(lib_a-__call_atexit.o)
                0x0000000000005b08                __init_array_end = .
 *(.init)
 .init          0x0000000000005b08        0x4 /home/albino/ti/ccs1020/ccs/tools/compiler/gcc-arm-none-eabi-7-2017-q4-major/bin/../lib/gcc/arm-none-eabi/7.2.1/thumb/v7e-m/fpv4-sp/hard/crti.o
                0x0000000000005b08                _init
 .init          0x0000000000005b0c        0x8 /home/albino/ti/ccs1020/ccs/tools/compiler/gcc-arm-none-eabi-7-2017-q4-major/bin/../lib/gcc/arm-none-eabi/7.2.1/thumb/v7e-m/fpv4-sp/hard/crtn.o
 *(.fini*)
 .fini          0x0000000000005b14        0x4 /home/albino/ti/ccs1020/ccs/tools/compiler/gcc-arm-none-eabi-7-2017-q4-major/bin/../lib/gcc/arm-none-eabi/7.2.1/thumb/v7e-m/fpv4-sp/hard/crti.o
                0x0000000000005b14                _fini
 .fini_array    0x0000000000005b18        0x4 /home/albino/ti/ccs1020/ccs/tools/compiler/gcc-arm-none-eabi-7-2017-q4-major/bin/../lib/gcc/arm-none-eabi/7.2.1/thumb/v7e-m/fpv4-sp/hard/crtbegin.o
 .fini          0x0000000000005b1c        0x8 /home/albino/ti/ccs1020/ccs/tools/compiler/gcc-arm-none-eabi-7-2017-q4-major/bin/../lib/gcc/arm-none-eabi/7.2.1/thumb/v7e-m/fpv4-sp/hard/crtn.o
                [!provide]                        PROVIDE (__etext, .)
                [!provide]                        PROVIDE (_etext, .)
                [!provide]                        PROVIDE (etext, .)

.glue_7         0x0000000000005b24        0x0
 .glue_7        0x0000000000005b24        0x0 linker stubs

.glue_7t        0x0000000000005b24        0x0
 .glue_7t       0x0000000000005b24        0x0 linker stubs

.vfp11_veneer   0x0000000000005b24        0x0
 .vfp11_veneer  0x0000000000005b24        0x0 linker stubs

.v4_bx          0x0000000000005b24        0x0
 .v4_bx         0x0000000000005b24        0x0 linker stubs

.iplt           0x0000000000005b24        0x0
 .iplt          0x0000000000005b24        0x0 /home/albino/ti/ccs1020/ccs/tools/compiler/gcc-arm-none-eabi-7-2017-q4-major/bin/../lib/gcc/arm-none-eabi/7.2.1/thumb/v7e-m/fpv4-sp/hard/crtbegin.o

.rodata         0x0000000000005b24      0x5bc
 *(.rodata)
 *(.rodata*)
 .rodata.main.str1.4
                0x0000000000005b24       0x15 ./main.o
 *fill*         0x0000000000005b39        0x3 
 .rodata.vTaskStartScheduler.str1.4
                0x0000000000005b3c        0x5 ./FreeRTOS/tasks.o
 *fill*         0x0000000000005b41        0x3 
 .rodata.prvCheckForValidListAndQueue.str1.4
                0x0000000000005b44        0x5 ./FreeRTOS/timers.o
 *fill*         0x0000000000005b49        0x3 
 .rodata.xTimerCreateTimerTask.str1.4
                0x0000000000005b4c        0x8 ./FreeRTOS/timers.o
 .rodata._global_impure_ptr
                0x0000000000005b54        0x4 /home/albino/ti/ccs1020/ccs/tools/compiler/gcc-arm-none-eabi-7-2017-q4-major/bin/../lib/gcc/arm-none-eabi/7.2.1/../../../../arm-none-eabi/lib/thumb/v7e-m/fpv4-sp/hard/libc.a(lib_a-impure.o)
                0x0000000000005b54                _global_impure_ptr
 .rodata.g_ppui32GPIOIntMapSnowflake
                0x0000000000005b58       0xd8 /home/albino/ti/tivaware/driverlib/gcc/libdriver.a(gpio.o)
 .rodata.g_pui32GPIOBaseAddrs
                0x0000000000005c30       0x90 /home/albino/ti/tivaware/driverlib/gcc/libdriver.a(gpio.o)
 .rodata.g_ppui32GPIOIntMapBlizzard
                0x0000000000005cc0       0xc0 /home/albino/ti/tivaware/driverlib/gcc/libdriver.a(gpio.o)
 .rodata.g_pui32Priority
                0x0000000000005d80       0x20 /home/albino/ti/tivaware/driverlib/gcc/libdriver.a(interrupt.o)
 .rodata.g_pui32Dii16Regs
                0x0000000000005da0       0x14 /home/albino/ti/tivaware/driverlib/gcc/libdriver.a(interrupt.o)
 .rodata.g_pui32PendRegs
                0x0000000000005db4       0x14 /home/albino/ti/tivaware/driverlib/gcc/libdriver.a(interrupt.o)
 .rodata.g_pui32Regs
                0x0000000000005dc8       0x9c /home/albino/ti/tivaware/driverlib/gcc/libdriver.a(interrupt.o)
 .rodata.g_pui32EnRegs
                0x0000000000005e64       0x14 /home/albino/ti/tivaware/driverlib/gcc/libdriver.a(interrupt.o)
 .rodata.g_pui32UnpendRegs
                0x0000000000005e78       0x14 /home/albino/ti/tivaware/driverlib/gcc/libdriver.a(interrupt.o)
 .rodata.g_pppui32XTALtoVCO
                0x0000000000005e8c      0x1b0 /home/albino/ti/tivaware/driverlib/gcc/libdriver.a(sysctl.o)
 .rodata.g_pui32VCOFrequencies
                0x000000000000603c        0x8 /home/albino/ti/tivaware/driverlib/gcc/libdriver.a(sysctl.o)
 .rodata.g_sXTALtoMEMTIM
                0x0000000000006044       0x30 /home/albino/ti/tivaware/driverlib/gcc/libdriver.a(sysctl.o)
 .rodata.g_pui32Xtals
                0x0000000000006074       0x6c /home/albino/ti/tivaware/driverlib/gcc/libdriver.a(sysctl.o)

.eh_frame       0x00000000000060e0        0x4
 .eh_frame      0x00000000000060e0        0x0 /home/albino/ti/ccs1020/ccs/tools/compiler/gcc-arm-none-eabi-7-2017-q4-major/bin/../lib/gcc/arm-none-eabi/7.2.1/thumb/v7e-m/fpv4-sp/hard/crtbegin.o
 .eh_frame      0x00000000000060e0        0x4 /home/albino/ti/ccs1020/ccs/tools/compiler/gcc-arm-none-eabi-7-2017-q4-major/bin/../lib/gcc/arm-none-eabi/7.2.1/thumb/v7e-m/fpv4-sp/hard/crtend.o

.data           0x0000000020000000      0x43c load address 0x00000000000060e4
                0x00000000000060e4                __data_load__ = LOADADDR (.data)
                0x0000000020000000                __data_start__ = .
 *(.data)
 .data          0x0000000020000000        0x0 /home/albino/ti/ccs1020/ccs/tools/compiler/gcc-arm-none-eabi-7-2017-q4-major/bin/../lib/gcc/arm-none-eabi/7.2.1/thumb/v7e-m/fpv4-sp/hard/crti.o
 .data          0x0000000020000000        0x4 /home/albino/ti/ccs1020/ccs/tools/compiler/gcc-arm-none-eabi-7-2017-q4-major/bin/../lib/gcc/arm-none-eabi/7.2.1/thumb/v7e-m/fpv4-sp/hard/crtbegin.o
                0x0000000020000000                __dso_handle
 .data          0x0000000020000004        0x0 /home/albino/ti/ccs1020/ccs/tools/compiler/gcc-arm-none-eabi-7-2017-q4-major/bin/../lib/gcc/arm-none-eabi/7.2.1/../../../../arm-none-eabi/lib/thumb/v7e-m/fpv4-sp/hard/crt0.o
 .data          0x0000000020000004        0x0 ./main.o
 .data          0x0000000020000004        0x0 ./tm4c1294ncpdt_startup_ccs_gcc.o
 .data          0x0000000020000004        0x0 ./FreeRTOS/croutine.o
 .data          0x0000000020000004        0x0 ./FreeRTOS/event_groups.o
 .data          0x0000000020000004        0x0 ./FreeRTOS/list.o
 .data          0x0000000020000004        0x0 ./FreeRTOS/queue.o
 .data          0x0000000020000004        0x0 ./FreeRTOS/stream_buffer.o
 .data          0x0000000020000004        0x0 ./FreeRTOS/tasks.o
 .data          0x0000000020000004        0x0 ./FreeRTOS/timers.o
 .data          0x0000000020000004        0x0 ./FreeRTOS/portable/GCC/ARM_CM4F/port.o
 .data          0x0000000020000004        0x0 ./FreeRTOS/portable/MemMang/heap_4.o
 .data          0x0000000020000004        0x0 /home/albino/ti/ccs1020/ccs/tools/compiler/gcc-arm-none-eabi-7-2017-q4-major/bin/../lib/gcc/arm-none-eabi/7.2.1/../../../../arm-none-eabi/lib/thumb/v7e-m/fpv4-sp/hard/libc.a(lib_a-exit.o)
 .data          0x0000000020000004        0x0 /home/albino/ti/ccs1020/ccs/tools/compiler/gcc-arm-none-eabi-7-2017-q4-major/bin/../lib/gcc/arm-none-eabi/7.2.1/../../../../arm-none-eabi/lib/thumb/v7e-m/fpv4-sp/hard/libc.a(lib_a-impure.o)
 .data          0x0000000020000004        0x0 /home/albino/ti/ccs1020/ccs/tools/compiler/gcc-arm-none-eabi-7-2017-q4-major/bin/../lib/gcc/arm-none-eabi/7.2.1/../../../../arm-none-eabi/lib/thumb/v7e-m/fpv4-sp/hard/libc.a(lib_a-init.o)
 .data          0x0000000020000004        0x0 /home/albino/ti/ccs1020/ccs/tools/compiler/gcc-arm-none-eabi-7-2017-q4-major/bin/../lib/gcc/arm-none-eabi/7.2.1/../../../../arm-none-eabi/lib/thumb/v7e-m/fpv4-sp/hard/libc.a(lib_a-memcpy.o)
 .data          0x0000000020000004        0x0 /home/albino/ti/ccs1020/ccs/tools/compiler/gcc-arm-none-eabi-7-2017-q4-major/bin/../lib/gcc/arm-none-eabi/7.2.1/../../../../arm-none-eabi/lib/thumb/v7e-m/fpv4-sp/hard/libc.a(lib_a-memset.o)
 .data          0x0000000020000004        0x0 /home/albino/ti/ccs1020/ccs/tools/compiler/gcc-arm-none-eabi-7-2017-q4-major/bin/../lib/gcc/arm-none-eabi/7.2.1/../../../../arm-none-eabi/lib/thumb/v7e-m/fpv4-sp/hard/libc.a(lib_a-__call_atexit.o)
 .data          0x0000000020000004        0x0 /home/albino/ti/ccs1020/ccs/tools/compiler/gcc-arm-none-eabi-7-2017-q4-major/bin/../lib/gcc/arm-none-eabi/7.2.1/../../../../arm-none-eabi/lib/thumb/v7e-m/fpv4-sp/hard/libc.a(lib_a-atexit.o)
 .data          0x0000000020000004        0x0 /home/albino/ti/ccs1020/ccs/tools/compiler/gcc-arm-none-eabi-7-2017-q4-major/bin/../lib/gcc/arm-none-eabi/7.2.1/../../../../arm-none-eabi/lib/thumb/v7e-m/fpv4-sp/hard/libc.a(lib_a-fini.o)
 .data          0x0000000020000004        0x0 /home/albino/ti/ccs1020/ccs/tools/compiler/gcc-arm-none-eabi-7-2017-q4-major/bin/../lib/gcc/arm-none-eabi/7.2.1/../../../../arm-none-eabi/lib/thumb/v7e-m/fpv4-sp/hard/libc.a(lib_a-lock.o)
 .data          0x0000000020000004        0x0 /home/albino/ti/ccs1020/ccs/tools/compiler/gcc-arm-none-eabi-7-2017-q4-major/bin/../lib/gcc/arm-none-eabi/7.2.1/../../../../arm-none-eabi/lib/thumb/v7e-m/fpv4-sp/hard/libc.a(lib_a-__atexit.o)
 .data          0x0000000020000004        0x0 /home/albino/ti/tivaware/driverlib/gcc/libdriver.a(gpio.o)
 .data          0x0000000020000004        0x0 /home/albino/ti/tivaware/driverlib/gcc/libdriver.a(interrupt.o)
 .data          0x0000000020000004        0x0 /home/albino/ti/tivaware/driverlib/gcc/libdriver.a(sysctl.o)
 .data          0x0000000020000004        0x0 /home/albino/ti/tivaware/driverlib/gcc/libdriver.a(cpu.o)
 .data          0x0000000020000004        0x0 /home/albino/ti/ccs1020/ccs/tools/compiler/gcc-arm-none-eabi-7-2017-q4-major/bin/../lib/gcc/arm-none-eabi/7.2.1/../../../../arm-none-eabi/lib/thumb/v7e-m/fpv4-sp/hard/libnosys.a(_exit.o)
 .data          0x0000000020000004        0x0 /home/albino/ti/ccs1020/ccs/tools/compiler/gcc-arm-none-eabi-7-2017-q4-major/bin/../lib/gcc/arm-none-eabi/7.2.1/thumb/v7e-m/fpv4-sp/hard/crtend.o
 .data          0x0000000020000004        0x0 /home/albino/ti/ccs1020/ccs/tools/compiler/gcc-arm-none-eabi-7-2017-q4-major/bin/../lib/gcc/arm-none-eabi/7.2.1/thumb/v7e-m/fpv4-sp/hard/crtn.o
 *(.data*)
 .data.uxTopUsedPriority
                0x0000000020000004        0x4 ./FreeRTOS/tasks.o
                0x0000000020000004                uxTopUsedPriority
 .data.uxCriticalNesting
                0x0000000020000008        0x4 ./FreeRTOS/portable/GCC/ARM_CM4F/port.o
 .data._impure_ptr
                0x000000002000000c        0x4 /home/albino/ti/ccs1020/ccs/tools/compiler/gcc-arm-none-eabi-7-2017-q4-major/bin/../lib/gcc/arm-none-eabi/7.2.1/../../../../arm-none-eabi/lib/thumb/v7e-m/fpv4-sp/hard/libc.a(lib_a-impure.o)
                0x000000002000000c                _impure_ptr
 .data.impure_data
                0x0000000020000010      0x428 /home/albino/ti/ccs1020/ccs/tools/compiler/gcc-arm-none-eabi-7-2017-q4-major/bin/../lib/gcc/arm-none-eabi/7.2.1/../../../../arm-none-eabi/lib/thumb/v7e-m/fpv4-sp/hard/libc.a(lib_a-impure.o)
 .data.__atexit_recursive_mutex
                0x0000000020000438        0x4 /home/albino/ti/ccs1020/ccs/tools/compiler/gcc-arm-none-eabi-7-2017-q4-major/bin/../lib/gcc/arm-none-eabi/7.2.1/../../../../arm-none-eabi/lib/thumb/v7e-m/fpv4-sp/hard/libc.a(lib_a-__call_atexit.o)
                0x0000000020000438                __atexit_recursive_mutex
                0x000000002000043c                . = ALIGN (0x4)
                0x000000002000043c                __data_end__ = .

.igot.plt       0x000000002000043c        0x0 load address 0x0000000000006520
 .igot.plt      0x000000002000043c        0x0 /home/albino/ti/ccs1020/ccs/tools/compiler/gcc-arm-none-eabi-7-2017-q4-major/bin/../lib/gcc/arm-none-eabi/7.2.1/thumb/v7e-m/fpv4-sp/hard/crtbegin.o

vtable          0x0000000020000800      0x400 load address 0x0000000000006520
 vtable         0x0000000020000800      0x400 /home/albino/ti/tivaware/driverlib/gcc/libdriver.a(interrupt.o)

.ARM.exidx      0x0000000000006920        0x8
                0x0000000000006920                __exidx_start = .
 *(.ARM.exidx* .gnu.linkonce.armexidx.*)
 .ARM.exidx     0x0000000000006920        0x8 /home/albino/ti/ccs1020/ccs/tools/compiler/gcc-arm-none-eabi-7-2017-q4-major/bin/../lib/gcc/arm-none-eabi/7.2.1/../../../../arm-none-eabi/lib/thumb/v7e-m/fpv4-sp/hard/crt0.o
                0x0000000000006928                __exidx_end = .

.ARM.extab      0x0000000000006928        0x0
 *(.ARM.extab* .gnu.linkonce.armextab.*)
 .ARM.extab     0x0000000000006928        0x0 /home/albino/ti/ccs1020/ccs/tools/compiler/gcc-arm-none-eabi-7-2017-q4-major/bin/../lib/gcc/arm-none-eabi/7.2.1/../../../../arm-none-eabi/lib/thumb/v7e-m/fpv4-sp/hard/crt0.o

.rel.dyn        0x0000000000006928        0x0
 .rel.iplt      0x0000000000006928        0x0 /home/albino/ti/ccs1020/ccs/tools/compiler/gcc-arm-none-eabi-7-2017-q4-major/bin/../lib/gcc/arm-none-eabi/7.2.1/thumb/v7e-m/fpv4-sp/hard/crtbegin.o

.bss            0x0000000020000c00    0x214b4
                0x0000000020000c00                __bss_start__ = .
 *(.shbss)
 *(.bss)
 .bss           0x0000000020000c00        0x0 /home/albino/ti/ccs1020/ccs/tools/compiler/gcc-arm-none-eabi-7-2017-q4-major/bin/../lib/gcc/arm-none-eabi/7.2.1/thumb/v7e-m/fpv4-sp/hard/crti.o
 .bss           0x0000000020000c00       0x1c /home/albino/ti/ccs1020/ccs/tools/compiler/gcc-arm-none-eabi-7-2017-q4-major/bin/../lib/gcc/arm-none-eabi/7.2.1/thumb/v7e-m/fpv4-sp/hard/crtbegin.o
 .bss           0x0000000020000c1c        0x0 /home/albino/ti/ccs1020/ccs/tools/compiler/gcc-arm-none-eabi-7-2017-q4-major/bin/../lib/gcc/arm-none-eabi/7.2.1/../../../../arm-none-eabi/lib/thumb/v7e-m/fpv4-sp/hard/crt0.o
 .bss           0x0000000020000c1c        0x0 ./main.o
 .bss           0x0000000020000c1c        0x0 ./tm4c1294ncpdt_startup_ccs_gcc.o
 .bss           0x0000000020000c1c        0x0 ./FreeRTOS/croutine.o
 .bss           0x0000000020000c1c        0x0 ./FreeRTOS/event_groups.o
 .bss           0x0000000020000c1c        0x0 ./FreeRTOS/list.o
 .bss           0x0000000020000c1c        0x0 ./FreeRTOS/queue.o
 .bss           0x0000000020000c1c        0x0 ./FreeRTOS/stream_buffer.o
 .bss           0x0000000020000c1c        0x0 ./FreeRTOS/tasks.o
 .bss           0x0000000020000c1c        0x0 ./FreeRTOS/timers.o
 .bss           0x0000000020000c1c        0x0 ./FreeRTOS/portable/GCC/ARM_CM4F/port.o
 .bss           0x0000000020000c1c        0x0 ./FreeRTOS/portable/MemMang/heap_4.o
 .bss           0x0000000020000c1c        0x0 /home/albino/ti/ccs1020/ccs/tools/compiler/gcc-arm-none-eabi-7-2017-q4-major/bin/../lib/gcc/arm-none-eabi/7.2.1/../../../../arm-none-eabi/lib/thumb/v7e-m/fpv4-sp/hard/libc.a(lib_a-exit.o)
 .bss           0x0000000020000c1c        0x0 /home/albino/ti/ccs1020/ccs/tools/compiler/gcc-arm-none-eabi-7-2017-q4-major/bin/../lib/gcc/arm-none-eabi/7.2.1/../../../../arm-none-eabi/lib/thumb/v7e-m/fpv4-sp/hard/libc.a(lib_a-impure.o)
 .bss           0x0000000020000c1c        0x0 /home/albino/ti/ccs1020/ccs/tools/compiler/gcc-arm-none-eabi-7-2017-q4-major/bin/../lib/gcc/arm-none-eabi/7.2.1/../../../../arm-none-eabi/lib/thumb/v7e-m/fpv4-sp/hard/libc.a(lib_a-init.o)
 .bss           0x0000000020000c1c        0x0 /home/albino/ti/ccs1020/ccs/tools/compiler/gcc-arm-none-eabi-7-2017-q4-major/bin/../lib/gcc/arm-none-eabi/7.2.1/../../../../arm-none-eabi/lib/thumb/v7e-m/fpv4-sp/hard/libc.a(lib_a-memcpy.o)
 .bss           0x0000000020000c1c        0x0 /home/albino/ti/ccs1020/ccs/tools/compiler/gcc-arm-none-eabi-7-2017-q4-major/bin/../lib/gcc/arm-none-eabi/7.2.1/../../../../arm-none-eabi/lib/thumb/v7e-m/fpv4-sp/hard/libc.a(lib_a-memset.o)
 .bss           0x0000000020000c1c        0x0 /home/albino/ti/ccs1020/ccs/tools/compiler/gcc-arm-none-eabi-7-2017-q4-major/bin/../lib/gcc/arm-none-eabi/7.2.1/../../../../arm-none-eabi/lib/thumb/v7e-m/fpv4-sp/hard/libc.a(lib_a-__call_atexit.o)
 .bss           0x0000000020000c1c        0x0 /home/albino/ti/ccs1020/ccs/tools/compiler/gcc-arm-none-eabi-7-2017-q4-major/bin/../lib/gcc/arm-none-eabi/7.2.1/../../../../arm-none-eabi/lib/thumb/v7e-m/fpv4-sp/hard/libc.a(lib_a-atexit.o)
 .bss           0x0000000020000c1c        0x0 /home/albino/ti/ccs1020/ccs/tools/compiler/gcc-arm-none-eabi-7-2017-q4-major/bin/../lib/gcc/arm-none-eabi/7.2.1/../../../../arm-none-eabi/lib/thumb/v7e-m/fpv4-sp/hard/libc.a(lib_a-fini.o)
 .bss           0x0000000020000c1c        0x0 /home/albino/ti/ccs1020/ccs/tools/compiler/gcc-arm-none-eabi-7-2017-q4-major/bin/../lib/gcc/arm-none-eabi/7.2.1/../../../../arm-none-eabi/lib/thumb/v7e-m/fpv4-sp/hard/libc.a(lib_a-lock.o)
 .bss           0x0000000020000c1c        0x0 /home/albino/ti/ccs1020/ccs/tools/compiler/gcc-arm-none-eabi-7-2017-q4-major/bin/../lib/gcc/arm-none-eabi/7.2.1/../../../../arm-none-eabi/lib/thumb/v7e-m/fpv4-sp/hard/libc.a(lib_a-__atexit.o)
 .bss           0x0000000020000c1c        0x0 /home/albino/ti/tivaware/driverlib/gcc/libdriver.a(gpio.o)
 .bss           0x0000000020000c1c        0x0 /home/albino/ti/tivaware/driverlib/gcc/libdriver.a(interrupt.o)
 .bss           0x0000000020000c1c        0x0 /home/albino/ti/tivaware/driverlib/gcc/libdriver.a(sysctl.o)
 .bss           0x0000000020000c1c        0x0 /home/albino/ti/tivaware/driverlib/gcc/libdriver.a(cpu.o)
 .bss           0x0000000020000c1c        0x0 /home/albino/ti/ccs1020/ccs/tools/compiler/gcc-arm-none-eabi-7-2017-q4-major/bin/../lib/gcc/arm-none-eabi/7.2.1/../../../../arm-none-eabi/lib/thumb/v7e-m/fpv4-sp/hard/libnosys.a(_exit.o)
 .bss           0x0000000020000c1c        0x0 /home/albino/ti/ccs1020/ccs/tools/compiler/gcc-arm-none-eabi-7-2017-q4-major/bin/../lib/gcc/arm-none-eabi/7.2.1/thumb/v7e-m/fpv4-sp/hard/crtend.o
 .bss           0x0000000020000c1c        0x0 /home/albino/ti/ccs1020/ccs/tools/compiler/gcc-arm-none-eabi-7-2017-q4-major/bin/../lib/gcc/arm-none-eabi/7.2.1/thumb/v7e-m/fpv4-sp/hard/crtn.o
 *(.bss.*)
 .bss.pui32Stack
                0x0000000020000c1c      0x200 ./tm4c1294ncpdt_startup_ccs_gcc.o
 .bss.pxCurrentTCB
                0x0000000020000e1c        0x4 ./FreeRTOS/tasks.o
                0x0000000020000e1c                pxCurrentTCB
 .bss.pxDelayedTaskList
                0x0000000020000e20        0x4 ./FreeRTOS/tasks.o
 .bss.pxOverflowDelayedTaskList
                0x0000000020000e24        0x4 ./FreeRTOS/tasks.o
 .bss.pxReadyTasksLists
                0x0000000020000e28      0x12c ./FreeRTOS/tasks.o
 .bss.uxCurrentNumberOfTasks
                0x0000000020000f54        0x4 ./FreeRTOS/tasks.o
 .bss.uxDeletedTasksWaitingCleanUp
                0x0000000020000f58        0x4 ./FreeRTOS/tasks.o
 .bss.uxSchedulerSuspended
                0x0000000020000f5c        0x4 ./FreeRTOS/tasks.o
 .bss.uxTaskNumber
                0x0000000020000f60        0x4 ./FreeRTOS/tasks.o
 .bss.uxTopReadyPriority
                0x0000000020000f64        0x4 ./FreeRTOS/tasks.o
 .bss.xDelayedTaskList1
                0x0000000020000f68       0x14 ./FreeRTOS/tasks.o
 .bss.xDelayedTaskList2
                0x0000000020000f7c       0x14 ./FreeRTOS/tasks.o
 .bss.xIdleTaskHandle
                0x0000000020000f90        0x4 ./FreeRTOS/tasks.o
 .bss.xNextTaskUnblockTime
                0x0000000020000f94        0x4 ./FreeRTOS/tasks.o
 .bss.xNumOfOverflows
                0x0000000020000f98        0x4 ./FreeRTOS/tasks.o
 .bss.xPendedTicks
                0x0000000020000f9c        0x4 ./FreeRTOS/tasks.o
 .bss.xPendingReadyList
                0x0000000020000fa0       0x14 ./FreeRTOS/tasks.o
 .bss.xSchedulerRunning
                0x0000000020000fb4        0x4 ./FreeRTOS/tasks.o
 .bss.xSuspendedTaskList
                0x0000000020000fb8       0x14 ./FreeRTOS/tasks.o
 .bss.xTasksWaitingTermination
                0x0000000020000fcc       0x14 ./FreeRTOS/tasks.o
 .bss.xTickCount
                0x0000000020000fe0        0x4 ./FreeRTOS/tasks.o
 .bss.xYieldPending
                0x0000000020000fe4        0x4 ./FreeRTOS/tasks.o
 .bss.pxCurrentTimerList
                0x0000000020000fe8        0x4 ./FreeRTOS/timers.o
 .bss.pxOverflowTimerList
                0x0000000020000fec        0x4 ./FreeRTOS/timers.o
 .bss.xActiveTimerList1
                0x0000000020000ff0       0x14 ./FreeRTOS/timers.o
 .bss.xActiveTimerList2
                0x0000000020001004       0x14 ./FreeRTOS/timers.o
 .bss.xLastTime.6738
                0x0000000020001018        0x4 ./FreeRTOS/timers.o
 .bss.xTimerQueue
                0x000000002000101c        0x4 ./FreeRTOS/timers.o
 .bss.xTimerTaskHandle
                0x0000000020001020        0x4 ./FreeRTOS/timers.o
 .bss.ucMaxSysCallPriority
                0x0000000020001024        0x1 ./FreeRTOS/portable/GCC/ARM_CM4F/port.o
 *fill*         0x0000000020001025        0x3 
 .bss.ulMaxPRIGROUPValue
                0x0000000020001028        0x4 ./FreeRTOS/portable/GCC/ARM_CM4F/port.o
 .bss.pxEnd     0x000000002000102c        0x4 ./FreeRTOS/portable/MemMang/heap_4.o
 .bss.ucHeap    0x0000000020001030    0x21000 ./FreeRTOS/portable/MemMang/heap_4.o
 .bss.xBlockAllocatedBit
                0x0000000020022030        0x4 ./FreeRTOS/portable/MemMang/heap_4.o
 .bss.xFreeBytesRemaining
                0x0000000020022034        0x4 ./FreeRTOS/portable/MemMang/heap_4.o
 .bss.xMinimumEverFreeBytesRemaining
                0x0000000020022038        0x4 ./FreeRTOS/portable/MemMang/heap_4.o
 .bss.xNumberOfSuccessfulAllocations
                0x000000002002203c        0x4 ./FreeRTOS/portable/MemMang/heap_4.o
 .bss.xNumberOfSuccessfulFrees
                0x0000000020022040        0x4 ./FreeRTOS/portable/MemMang/heap_4.o
 .bss.xStart    0x0000000020022044        0x8 ./FreeRTOS/portable/MemMang/heap_4.o
 *(COMMON)
 COMMON         0x000000002002204c        0x4 ./main.o
                0x000000002002204c                g_ui32SysClock
 COMMON         0x0000000020022050       0x40 ./FreeRTOS/queue.o
                0x0000000020022050                xQueueRegistry
 COMMON         0x0000000020022090       0x21 /home/albino/ti/ccs1020/ccs/tools/compiler/gcc-arm-none-eabi-7-2017-q4-major/bin/../lib/gcc/arm-none-eabi/7.2.1/../../../../arm-none-eabi/lib/thumb/v7e-m/fpv4-sp/hard/libc.a(lib_a-lock.o)
                0x0000000020022090                __lock___atexit_recursive_mutex
                0x0000000020022094                __lock___arc4random_mutex
                0x0000000020022098                __lock___env_recursive_mutex
                0x000000002002209c                __lock___sinit_recursive_mutex
                0x00000000200220a0                __lock___malloc_recursive_mutex
                0x00000000200220a4                __lock___at_quick_exit_mutex
                0x00000000200220a8                __lock___dd_hash_mutex
                0x00000000200220ac                __lock___tz_mutex
                0x00000000200220b0                __lock___sfp_recursive_mutex
                0x00000000200220b4                . = ALIGN (0x4)
 *fill*         0x00000000200220b1        0x3 
                0x00000000200220b4                __bss_end__ = .

.heap           0x00000000200220b4        0x0
                0x00000000200220b4                __heap_start__ = .
                0x00000000200220b4                end = __heap_start__
                0x00000000200220b4                _end = end
                0x00000000200220b4                __end = end
 *(.heap)
                0x00000000200220b4                __heap_end__ = .
                0x00000000200220b4                __HeapLimit = __heap_end__

.stack          0x00000000200220b8        0x0
                0x00000000200220b8                _stack = .
                0x00000000200220b8                __stack = .
 *(.stack)
START GROUP
LOAD /home/albino/ti/ccs1020/ccs/tools/compiler/gcc-arm-none-eabi-7-2017-q4-major/bin/../lib/gcc/arm-none-eabi/7.2.1/../../../../arm-none-eabi/lib/thumb/v7e-m/fpv4-sp/hard/libc.a
LOAD /home/albino/ti/tivaware/driverlib/gcc/libdriver.a
END GROUP
START GROUP
LOAD /home/albino/ti/ccs1020/ccs/tools/compiler/gcc-arm-none-eabi-7-2017-q4-major/bin/../lib/gcc/arm-none-eabi/7.2.1/thumb/v7e-m/fpv4-sp/hard/libgcc.a
LOAD /home/albino/ti/ccs1020/ccs/tools/compiler/gcc-arm-none-eabi-7-2017-q4-major/bin/../lib/gcc/arm-none-eabi/7.2.1/../../../../arm-none-eabi/lib/thumb/v7e-m/fpv4-sp/hard/libg.a
LOAD /home/albino/ti/ccs1020/ccs/tools/compiler/gcc-arm-none-eabi-7-2017-q4-major/bin/../lib/gcc/arm-none-eabi/7.2.1/../../../../arm-none-eabi/lib/thumb/v7e-m/fpv4-sp/hard/libc.a
END GROUP
START GROUP
LOAD /home/albino/ti/ccs1020/ccs/tools/compiler/gcc-arm-none-eabi-7-2017-q4-major/bin/../lib/gcc/arm-none-eabi/7.2.1/thumb/v7e-m/fpv4-sp/hard/libgcc.a
LOAD /home/albino/ti/ccs1020/ccs/tools/compiler/gcc-arm-none-eabi-7-2017-q4-major/bin/../lib/gcc/arm-none-eabi/7.2.1/../../../../arm-none-eabi/lib/thumb/v7e-m/fpv4-sp/hard/libc.a
LOAD /home/albino/ti/ccs1020/ccs/tools/compiler/gcc-arm-none-eabi-7-2017-q4-major/bin/../lib/gcc/arm-none-eabi/7.2.1/../../../../arm-none-eabi/lib/thumb/v7e-m/fpv4-sp/hard/libnosys.a
END GROUP
LOAD /home/albino/ti/ccs1020/ccs/tools/compiler/gcc-arm-none-eabi-7-2017-q4-major/bin/../lib/gcc/arm-none-eabi/7.2.1/thumb/v7e-m/fpv4-sp/hard/crtend.o
LOAD /home/albino/ti/ccs1020/ccs/tools/compiler/gcc-arm-none-eabi-7-2017-q4-major/bin/../lib/gcc/arm-none-eabi/7.2.1/thumb/v7e-m/fpv4-sp/hard/crtn.o
OUTPUT(tiva_freertos.out elf32-littlearm)

.ARM.attributes
                0x0000000000000000       0x30
 .ARM.attributes
                0x0000000000000000       0x22 /home/albino/ti/ccs1020/ccs/tools/compiler/gcc-arm-none-eabi-7-2017-q4-major/bin/../lib/gcc/arm-none-eabi/7.2.1/thumb/v7e-m/fpv4-sp/hard/crti.o
 .ARM.attributes
                0x0000000000000022       0x34 /home/albino/ti/ccs1020/ccs/tools/compiler/gcc-arm-none-eabi-7-2017-q4-major/bin/../lib/gcc/arm-none-eabi/7.2.1/thumb/v7e-m/fpv4-sp/hard/crtbegin.o
 .ARM.attributes
                0x0000000000000056       0x20 /home/albino/ti/ccs1020/ccs/tools/compiler/gcc-arm-none-eabi-7-2017-q4-major/bin/../lib/gcc/arm-none-eabi/7.2.1/../../../../arm-none-eabi/lib/thumb/v7e-m/fpv4-sp/hard/crt0.o
 .ARM.attributes
                0x0000000000000076       0x39 ./main.o
 .ARM.attributes
                0x00000000000000af       0x39 ./tm4c1294ncpdt_startup_ccs_gcc.o
 .ARM.attributes
                0x00000000000000e8       0x39 ./FreeRTOS/croutine.o
 .ARM.attributes
                0x0000000000000121       0x39 ./FreeRTOS/event_groups.o
 .ARM.attributes
                0x000000000000015a       0x39 ./FreeRTOS/list.o
 .ARM.attributes
                0x0000000000000193       0x39 ./FreeRTOS/queue.o
 .ARM.attributes
                0x00000000000001cc       0x39 ./FreeRTOS/stream_buffer.o
 .ARM.attributes
                0x0000000000000205       0x39 ./FreeRTOS/tasks.o
 .ARM.attributes
                0x000000000000023e       0x39 ./FreeRTOS/timers.o
 .ARM.attributes
                0x0000000000000277       0x39 ./FreeRTOS/portable/GCC/ARM_CM4F/port.o
 .ARM.attributes
                0x00000000000002b0       0x39 ./FreeRTOS/portable/MemMang/heap_4.o
 .ARM.attributes
                0x00000000000002e9       0x34 /home/albino/ti/ccs1020/ccs/tools/compiler/gcc-arm-none-eabi-7-2017-q4-major/bin/../lib/gcc/arm-none-eabi/7.2.1/../../../../arm-none-eabi/lib/thumb/v7e-m/fpv4-sp/hard/libc.a(lib_a-exit.o)
 .ARM.attributes
                0x000000000000031d       0x34 /home/albino/ti/ccs1020/ccs/tools/compiler/gcc-arm-none-eabi-7-2017-q4-major/bin/../lib/gcc/arm-none-eabi/7.2.1/../../../../arm-none-eabi/lib/thumb/v7e-m/fpv4-sp/hard/libc.a(lib_a-impure.o)
 .ARM.attributes
                0x0000000000000351       0x34 /home/albino/ti/ccs1020/ccs/tools/compiler/gcc-arm-none-eabi-7-2017-q4-major/bin/../lib/gcc/arm-none-eabi/7.2.1/../../../../arm-none-eabi/lib/thumb/v7e-m/fpv4-sp/hard/libc.a(lib_a-init.o)
 .ARM.attributes
                0x0000000000000385       0x20 /home/albino/ti/ccs1020/ccs/tools/compiler/gcc-arm-none-eabi-7-2017-q4-major/bin/../lib/gcc/arm-none-eabi/7.2.1/../../../../arm-none-eabi/lib/thumb/v7e-m/fpv4-sp/hard/libc.a(lib_a-memcpy.o)
 .ARM.attributes
                0x00000000000003a5       0x34 /home/albino/ti/ccs1020/ccs/tools/compiler/gcc-arm-none-eabi-7-2017-q4-major/bin/../lib/gcc/arm-none-eabi/7.2.1/../../../../arm-none-eabi/lib/thumb/v7e-m/fpv4-sp/hard/libc.a(lib_a-memset.o)
 .ARM.attributes
                0x00000000000003d9       0x34 /home/albino/ti/ccs1020/ccs/tools/compiler/gcc-arm-none-eabi-7-2017-q4-major/bin/../lib/gcc/arm-none-eabi/7.2.1/../../../../arm-none-eabi/lib/thumb/v7e-m/fpv4-sp/hard/libc.a(lib_a-__call_atexit.o)
 .ARM.attributes
                0x000000000000040d       0x34 /home/albino/ti/ccs1020/ccs/tools/compiler/gcc-arm-none-eabi-7-2017-q4-major/bin/../lib/gcc/arm-none-eabi/7.2.1/../../../../arm-none-eabi/lib/thumb/v7e-m/fpv4-sp/hard/libc.a(lib_a-atexit.o)
 .ARM.attributes
                0x0000000000000441       0x34 /home/albino/ti/ccs1020/ccs/tools/compiler/gcc-arm-none-eabi-7-2017-q4-major/bin/../lib/gcc/arm-none-eabi/7.2.1/../../../../arm-none-eabi/lib/thumb/v7e-m/fpv4-sp/hard/libc.a(lib_a-fini.o)