Archive member included to satisfy reference by file (symbol)

/home/albino/ti/tivaware/driverlib/gcc/libdriver.a(gpio.o)
                              ./source/tasks.o (GPIOPinWrite)
/home/albino/ti/tivaware/driverlib/gcc/libdriver.a(interrupt.o)
                              /home/albino/ti/tivaware/driverlib/gcc/libdriver.a(gpio.o) (IntRegister)
/home/albino/ti/tivaware/driverlib/gcc/libdriver.a(sysctl.o)
                              ./source/tasks.o (SysCtlPeripheralReady)
/home/albino/ti/tivaware/driverlib/gcc/libdriver.a(uart.o)
                              ./source/tasks.o (UARTConfigSetExpClk)
/home/albino/ti/tivaware/driverlib/gcc/libdriver.a(cpu.o)
                              /home/albino/ti/tivaware/driverlib/gcc/libdriver.a(interrupt.o) (CPUcpsid)
/home/albino/ti/ccs1020/ccs/tools/compiler/gcc-arm-none-eabi-7-2017-q4-major/bin/../lib/gcc/arm-none-eabi/7.2.1/../../../../arm-none-eabi/lib/thumb/v7e-m/fpv4-sp/hard/libg.a(lib_a-exit.o)
                              /home/albino/ti/ccs1020/ccs/tools/compiler/gcc-arm-none-eabi-7-2017-q4-major/bin/../lib/gcc/arm-none-eabi/7.2.1/../../../../arm-none-eabi/lib/thumb/v7e-m/fpv4-sp/hard/crt0.o (exit)
/home/albino/ti/ccs1020/ccs/tools/compiler/gcc-arm-none-eabi-7-2017-q4-major/bin/../lib/gcc/arm-none-eabi/7.2.1/../../../../arm-none-eabi/lib/thumb/v7e-m/fpv4-sp/hard/libg.a(lib_a-impure.o)
                              /home/albino/ti/ccs1020/ccs/tools/compiler/gcc-arm-none-eabi-7-2017-q4-major/bin/../lib/gcc/arm-none-eabi/7.2.1/../../../../arm-none-eabi/lib/thumb/v7e-m/fpv4-sp/hard/libg.a(lib_a-exit.o) (_global_impure_ptr)
/home/albino/ti/ccs1020/ccs/tools/compiler/gcc-arm-none-eabi-7-2017-q4-major/bin/../lib/gcc/arm-none-eabi/7.2.1/../../../../arm-none-eabi/lib/thumb/v7e-m/fpv4-sp/hard/libg.a(lib_a-init.o)
                              /home/albino/ti/ccs1020/ccs/tools/compiler/gcc-arm-none-eabi-7-2017-q4-major/bin/../lib/gcc/arm-none-eabi/7.2.1/../../../../arm-none-eabi/lib/thumb/v7e-m/fpv4-sp/hard/crt0.o (__libc_init_array)
/home/albino/ti/ccs1020/ccs/tools/compiler/gcc-arm-none-eabi-7-2017-q4-major/bin/../lib/gcc/arm-none-eabi/7.2.1/../../../../arm-none-eabi/lib/thumb/v7e-m/fpv4-sp/hard/libg.a(lib_a-memset.o)
                              /home/albino/ti/ccs1020/ccs/tools/compiler/gcc-arm-none-eabi-7-2017-q4-major/bin/../lib/gcc/arm-none-eabi/7.2.1/../../../../arm-none-eabi/lib/thumb/v7e-m/fpv4-sp/hard/crt0.o (memset)
/home/albino/ti/ccs1020/ccs/tools/compiler/gcc-arm-none-eabi-7-2017-q4-major/bin/../lib/gcc/arm-none-eabi/7.2.1/../../../../arm-none-eabi/lib/thumb/v7e-m/fpv4-sp/hard/libg.a(lib_a-printf.o)
                              ./source/tasks.o (printf)
/home/albino/ti/ccs1020/ccs/tools/compiler/gcc-arm-none-eabi-7-2017-q4-major/bin/../lib/gcc/arm-none-eabi/7.2.1/../../../../arm-none-eabi/lib/thumb/v7e-m/fpv4-sp/hard/libg.a(lib_a-puts.o)
                              ./source/tasks.o (puts)
/home/albino/ti/ccs1020/ccs/tools/compiler/gcc-arm-none-eabi-7-2017-q4-major/bin/../lib/gcc/arm-none-eabi/7.2.1/../../../../arm-none-eabi/lib/thumb/v7e-m/fpv4-sp/hard/libg.a(lib_a-strlen.o)
                              /home/albino/ti/ccs1020/ccs/tools/compiler/gcc-arm-none-eabi-7-2017-q4-major/bin/../lib/gcc/arm-none-eabi/7.2.1/../../../../arm-none-eabi/lib/thumb/v7e-m/fpv4-sp/hard/libg.a(lib_a-puts.o) (strlen)
/home/albino/ti/ccs1020/ccs/tools/compiler/gcc-arm-none-eabi-7-2017-q4-major/bin/../lib/gcc/arm-none-eabi/7.2.1/../../../../arm-none-eabi/lib/thumb/v7e-m/fpv4-sp/hard/libg.a(lib_a-vfprintf.o)
                              /home/albino/ti/ccs1020/ccs/tools/compiler/gcc-arm-none-eabi-7-2017-q4-major/bin/../lib/gcc/arm-none-eabi/7.2.1/../../../../arm-none-eabi/lib/thumb/v7e-m/fpv4-sp/hard/libg.a(lib_a-printf.o) (_vfprintf_r)
/home/albino/ti/ccs1020/ccs/tools/compiler/gcc-arm-none-eabi-7-2017-q4-major/bin/../lib/gcc/arm-none-eabi/7.2.1/../../../../arm-none-eabi/lib/thumb/v7e-m/fpv4-sp/hard/libg.a(lib_a-wsetup.o)
                              /home/albino/ti/ccs1020/ccs/tools/compiler/gcc-arm-none-eabi-7-2017-q4-major/bin/../lib/gcc/arm-none-eabi/7.2.1/../../../../arm-none-eabi/lib/thumb/v7e-m/fpv4-sp/hard/libg.a(lib_a-vfprintf.o) (__swsetup_r)
/home/albino/ti/ccs1020/ccs/tools/compiler/gcc-arm-none-eabi-7-2017-q4-major/bin/../lib/gcc/arm-none-eabi/7.2.1/../../../../arm-none-eabi/lib/thumb/v7e-m/fpv4-sp/hard/libg.a(lib_a-__call_atexit.o)
                              /home/albino/ti/ccs1020/ccs/tools/compiler/gcc-arm-none-eabi-7-2017-q4-major/bin/../lib/gcc/arm-none-eabi/7.2.1/../../../../arm-none-eabi/lib/thumb/v7e-m/fpv4-sp/hard/libg.a(lib_a-exit.o) (__call_exitprocs)
/home/albino/ti/ccs1020/ccs/tools/compiler/gcc-arm-none-eabi-7-2017-q4-major/bin/../lib/gcc/arm-none-eabi/7.2.1/../../../../arm-none-eabi/lib/thumb/v7e-m/fpv4-sp/hard/libg.a(lib_a-atexit.o)
[...]
Memory Configuration

Name             Origin             Length             Attributes
FLASH            0x0000000000000000 0x0000000000100000 xr
SRAM             0x0000000020000000 0x0000000000040000 xw
*default*        0x0000000000000000 0xffffffffffffffff

Linker script and memory map

LOAD /home/albino/ti/ccs1020/ccs/tools/compiler/gcc-arm-none-eabi-7-2017-q4-major/bin/../lib/gcc/arm-none-eabi/7.2.1/thumb/v7e-m/fpv4-sp/hard/crti.o
LOAD /home/albino/ti/ccs1020/ccs/tools/compiler/gcc-arm-none-eabi-7-2017-q4-major/bin/../lib/gcc/arm-none-eabi/7.2.1/thumb/v7e-m/fpv4-sp/hard/crtbegin.o
LOAD /home/albino/ti/ccs1020/ccs/tools/compiler/gcc-arm-none-eabi-7-2017-q4-major/bin/../lib/gcc/arm-none-eabi/7.2.1/../../../../arm-none-eabi/lib/thumb/v7e-m/fpv4-sp/hard/crt0.o
LOAD ./main.o
LOAD ./tm4c1294ncpdt_startup_ccs_gcc.o
LOAD ./source/os.o
LOAD ./source/port.o
LOAD ./source/tasks.o
                0x0000000000000000                PROVIDE (_intvecs_base_address, 0x0)

.intvecs        0x0000000000000000      0x208
 *(.intvecs)
 .intvecs       0x0000000000000000      0x208 ./tm4c1294ncpdt_startup_ccs_gcc.o
                0x0000000000000000                g_pfnVectors
                0x0000000020000000                PROVIDE (_vtable_base_address, 0x20000000)

.vtable
 *(.vtable)

.text           0x0000000000000240     0x8ec0
 CREATE_OBJECT_SYMBOLS
 *(.text)
 .text          0x0000000000000240        0x0 /home/albino/ti/ccs1020/ccs/tools/compiler/gcc-arm-none-eabi-7-2017-q4-major/bin/../lib/gcc/arm-none-eabi/7.2.1/thumb/v7e-m/fpv4-sp/hard/crti.o
 .text          0x0000000000000240       0x40 /home/albino/ti/ccs1020/ccs/tools/compiler/gcc-arm-none-eabi-7-2017-q4-major/bin/../lib/gcc/arm-none-eabi/7.2.1/thumb/v7e-m/fpv4-sp/hard/crtbegin.o
 .text          0x0000000000000280       0x74 /home/albino/ti/ccs1020/ccs/tools/compiler/gcc-arm-none-eabi-7-2017-q4-major/bin/../lib/gcc/arm-none-eabi/7.2.1/../../../../arm-none-eabi/lib/thumb/v7e-m/fpv4-sp/hard/crt0.o
                0x0000000000000280                _mainCRTStartup
                0x0000000000000280                _start
 .text          0x00000000000002f4        0x0 ./main.o
 .text          0x00000000000002f4        0x0 ./tm4c1294ncpdt_startup_ccs_gcc.o
 .text          0x00000000000002f4        0x0 ./source/os.o
 .text          0x00000000000002f4        0x0 ./source/port.o
 .text          0x00000000000002f4        0x0 ./source/tasks.o
 .text          0x00000000000002f4        0x0 /home/albino/ti/tivaware/driverlib/gcc/libdriver.a(gpio.o)
 .text          0x00000000000002f4        0x0 /home/albino/ti/tivaware/driverlib/gcc/libdriver.a(interrupt.o)
 .text          0x00000000000002f4        0x0 /home/albino/ti/tivaware/driverlib/gcc/libdriver.a(sysctl.o)
 .text          0x00000000000002f4        0x0 /home/albino/ti/tivaware/driverlib/gcc/libdriver.a(uart.o)
 .text          0x00000000000002f4        0x0 /home/albino/ti/tivaware/driverlib/gcc/libdriver.a(cpu.o)
 .text          0x00000000000002f4        0x0 /home/albino/ti/ccs1020/ccs/tools/compiler/gcc-arm-none-eabi-7-2017-q4-major/bin/../lib/gcc/arm-none-eabi/7.2.1/../../../../arm-none-eabi/lib/thumb/v7e-m/fpv4-sp/hard/libg.a(lib_a-exit.o)
 .text          0x00000000000002f4        0x0 /home/albino/ti/ccs1020/ccs/tools/compiler/gcc-arm-none-eabi-7-2017-q4-major/bin/../lib/gcc/arm-none-eabi/7.2.1/../../../../arm-none-eabi/lib/thumb/v7e-m/fpv4-sp/hard/libg.a(lib_a-impure.o)
 .text          0x00000000000002f4        0x0 /home/albino/ti/ccs1020/ccs/tools/compiler/gcc-arm-none-eabi-7-2017-q4-major/bin/../lib/gcc/arm-none-eabi/7.2.1/../../../../arm-none-eabi/lib/thumb/v7e-m/fpv4-sp/hard/libg.a(lib_a-init.o)
 .text          0x00000000000002f4        0x0 /home/albino/ti/ccs1020/ccs/tools/compiler/gcc-arm-none-eabi-7-2017-q4-major/bin/../lib/gcc/arm-none-eabi/7.2.1/../../../../arm-none-eabi/lib/thumb/v7e-m/fpv4-sp/hard/libg.a(lib_a-memset.o)
 .text          0x00000000000002f4        0x0 /home/albino/ti/ccs1020/ccs/tools/compiler/gcc-arm-none-eabi-7-2017-q4-major/bin/../lib/gcc/arm-none-eabi/7.2.1/../../../../arm-none-eabi/lib/thumb/v7e-m/fpv4-sp/hard/libg.a(lib_a-printf.o)
 .text          0x00000000000002f4        0x0 /home/albino/ti/ccs1020/ccs/tools/compiler/gcc-arm-none-eabi-7-2017-q4-major/bin/../lib/gcc/arm-none-eabi/7.2.1/../../../../arm-none-eabi/lib/thumb/v7e-m/fpv4-sp/hard/libg.a(lib_a-puts.o)
 *fill*         0x00000000000002f4        0xc 
 .text          0x0000000000000300       0xdc /home/albino/ti/ccs1020/ccs/tools/compiler/gcc-arm-none-eabi-7-2017-q4-major/bin/../lib/gcc/arm-none-eabi/7.2.1/../../../../arm-none-eabi/lib/thumb/v7e-m/fpv4-sp/hard/libg.a(lib_a-strlen.o)
                0x0000000000000300                strlen
 .text          0x00000000000003dc        0x0 /home/albino/ti/ccs1020/ccs/tools/compiler/gcc-arm-none-eabi-7-2017-q4-major/bin/../lib/gcc/arm-none-eabi/7.2.1/../../../../arm-none-eabi/lib/thumb/v7e-m/fpv4-sp/hard/libg.a(lib_a-vfprintf.o)
 .text          0x00000000000003dc        0x0 /home/albino/ti/ccs1020/ccs/tools/compiler/gcc-arm-none-eabi-7-2017-q4-major/bin/../lib/gcc/arm-none-eabi/7.2.1/../../../../arm-none-eabi/lib/thumb/v7e-m/fpv4-sp/hard/libg.a(lib_a-wsetup.o)
 .text          0x00000000000003dc        0x0 /home/albino/ti/ccs1020/ccs/tools/compiler/gcc-arm-none-eabi-7-2017-q4-major/bin/../lib/gcc/arm-none-eabi/7.2.1/../../../../arm-none-eabi/lib/thumb/v7e-m/fpv4-sp/hard/libg.a(lib_a-__call_atexit.o)
 .text          0x00000000000003dc        0x0 /home/albino/ti/ccs1020/ccs/tools/compiler/gcc-arm-none-eabi-7-2017-q4-major/bin/../lib/gcc/arm-none-eabi/7.2.1/../../../../arm-none-eabi/lib/thumb/v7e-m/fpv4-sp/hard/libg.a(lib_a-atexit.o)
 .text          0x00000000000003dc        0x0 /home/albino/ti/ccs1020/ccs/tools/compiler/gcc-arm-none-eabi-7-2017-q4-major/bin/../lib/gcc/arm-none-eabi/7.2.1/../../../../arm-none-eabi/lib/thumb/v7e-m/fpv4-sp/hard/libg.a(lib_a-dtoa.o)
 .text          0x00000000000003dc        0x0 /home/albino/ti/ccs1020/ccs/tools/compiler/gcc-arm-none-eabi-7-2017-q4-major/bin/../lib/gcc/arm-none-eabi/7.2.1/../../../../arm-none-eabi/lib/thumb/v7e-m/fpv4-sp/hard/libg.a(lib_a-fflush.o)
 .text          0x00000000000003dc        0x0 /home/albino/ti/ccs1020/ccs/tools/compiler/gcc-arm-none-eabi-7-2017-q4-major/bin/../lib/gcc/arm-none-eabi/7.2.1/../../../../arm-none-eabi/lib/thumb/v7e-m/fpv4-sp/hard/libg.a(lib_a-findfp.o)
 .text          0x00000000000003dc        0x0 /home/albino/ti/ccs1020/ccs/tools/compiler/gcc-arm-none-eabi-7-2017-q4-major/bin/../lib/gcc/arm-none-eabi/7.2.1/../../../../arm-none-eabi/lib/thumb/v7e-m/fpv4-sp/hard/libg.a(lib_a-fini.o)
 .text          0x00000000000003dc        0x0 /home/albino/ti/ccs1020/ccs/tools/compiler/gcc-arm-none-eabi-7-2017-q4-major/bin/../lib/gcc/arm-none-eabi/7.2.1/../../../../arm-none-eabi/lib/thumb/v7e-m/fpv4-sp/hard/libg.a(lib_a-freer.o)
 .text          0x00000000000003dc        0x0 /home/albino/ti/ccs1020/ccs/tools/compiler/gcc-arm-none-eabi-7-2017-q4-major/bin/../lib/gcc/arm-none-eabi/7.2.1/../../../../arm-none-eabi/lib/thumb/v7e-m/fpv4-sp/hard/libg.a(lib_a-fvwrite.o)
 .text          0x00000000000003dc        0x0 /home/albino/ti/ccs1020/ccs/tools/compiler/gcc-arm-none-eabi-7-2017-q4-major/bin/../lib/gcc/arm-none-eabi/7.2.1/../../../../arm-none-eabi/lib/thumb/v7e-m/fpv4-sp/hard/libg.a(lib_a-fwalk.o)
 .text          0x00000000000003dc        0x0 /home/albino/ti/ccs1020/ccs/tools/compiler/gcc-arm-none-eabi-7-2017-q4-major/bin/../lib/gcc/arm-none-eabi/7.2.1/../../../../arm-none-eabi/lib/thumb/v7e-m/fpv4-sp/hard/libg.a(lib_a-localeconv.o)
 .text          0x00000000000003dc        0x0 /home/albino/ti/ccs1020/ccs/tools/compiler/gcc-arm-none-eabi-7-2017-q4-major/bin/../lib/gcc/arm-none-eabi/7.2.1/../../../../arm-none-eabi/lib/thumb/v7e-m/fpv4-sp/hard/libg.a(lib_a-lock.o)
 .text          0x00000000000003dc        0x0 /home/albino/ti/ccs1020/ccs/tools/compiler/gcc-arm-none-eabi-7-2017-q4-major/bin/../lib/gcc/arm-none-eabi/7.2.1/../../../../arm-none-eabi/lib/thumb/v7e-m/fpv4-sp/hard/libg.a(lib_a-makebuf.o)
 .text          0x00000000000003dc        0x0 /home/albino/ti/ccs1020/ccs/tools/compiler/gcc-arm-none-eabi-7-2017-q4-major/bin/../lib/gcc/arm-none-eabi/7.2.1/../../../../arm-none-eabi/lib/thumb/v7e-m/fpv4-sp/hard/libg.a(lib_a-mallocr.o)
 *fill*         0x00000000000003dc        0x4 
 .text          0x00000000000003e0       0xa0 /home/albino/ti/ccs1020/ccs/tools/compiler/gcc-arm-none-eabi-7-2017-q4-major/bin/../lib/gcc/arm-none-eabi/7.2.1/../../../../arm-none-eabi/lib/thumb/v7e-m/fpv4-sp/hard/libg.a(lib_a-memchr.o)
                0x00000000000003e0                memchr
 .text          0x0000000000000480      0x134 /home/albino/ti/ccs1020/ccs/tools/compiler/gcc-arm-none-eabi-7-2017-q4-major/bin/../lib/gcc/arm-none-eabi/7.2.1/../../../../arm-none-eabi/lib/thumb/v7e-m/fpv4-sp/hard/libg.a(lib_a-memcpy.o)
                0x0000000000000480                memcpy
 .text          0x00000000000005b4        0x0 /home/albino/ti/ccs1020/ccs/tools/compiler/gcc-arm-none-eabi-7-2017-q4-major/bin/../lib/gcc/arm-none-eabi/7.2.1/../../../../arm-none-eabi/lib/thumb/v7e-m/fpv4-sp/hard/libg.a(lib_a-memmove.o)
 .text          0x00000000000005b4        0x0 /home/albino/ti/ccs1020/ccs/tools/compiler/gcc-arm-none-eabi-7-2017-q4-major/bin/../lib/gcc/arm-none-eabi/7.2.1/../../../../arm-none-eabi/lib/thumb/v7e-m/fpv4-sp/hard/libg.a(lib_a-mlock.o)
 .text          0x00000000000005b4        0x0 /home/albino/ti/ccs1020/ccs/tools/compiler/gcc-arm-none-eabi-7-2017-q4-major/bin/../lib/gcc/arm-none-eabi/7.2.1/../../../../arm-none-eabi/lib/thumb/v7e-m/fpv4-sp/hard/libg.a(lib_a-mprec.o)
 .text          0x00000000000005b4        0x0 /home/albino/ti/ccs1020/ccs/tools/compiler/gcc-arm-none-eabi-7-2017-q4-major/bin/../lib/gcc/arm-none-eabi/7.2.1/../../../../arm-none-eabi/lib/thumb/v7e-m/fpv4-sp/hard/libg.a(lib_a-reallocr.o)
 .text          0x00000000000005b4        0x0 /home/albino/ti/ccs1020/ccs/tools/compiler/gcc-arm-none-eabi-7-2017-q4-major/bin/../lib/gcc/arm-none-eabi/7.2.1/../../../../arm-none-eabi/lib/thumb/v7e-m/fpv4-sp/hard/libg.a(lib_a-sbrkr.o)
 .text          0x00000000000005b4        0x0 /home/albino/ti/ccs1020/ccs/tools/compiler/gcc-arm-none-eabi-7-2017-q4-major/bin/../lib/gcc/arm-none-eabi/7.2.1/../../../../arm-none-eabi/lib/thumb/v7e-m/fpv4-sp/hard/libg.a(lib_a-stdio.o)
 .text          0x00000000000005b4        0x0 /home/albino/ti/ccs1020/ccs/tools/compiler/gcc-arm-none-eabi-7-2017-q4-major/bin/../lib/gcc/arm-none-eabi/7.2.1/../../../../arm-none-eabi/lib/thumb/v7e-m/fpv4-sp/hard/libg.a(lib_a-vfiprintf.o)
 .text          0x00000000000005b4        0x0 /home/albino/ti/ccs1020/ccs/tools/compiler/gcc-arm-none-eabi-7-2017-q4-major/bin/../lib/gcc/arm-none-eabi/7.2.1/../../../../arm-none-eabi/lib/thumb/v7e-m/fpv4-sp/hard/libg.a(lib_a-writer.o)
 .text          0x00000000000005b4        0x0 /home/albino/ti/ccs1020/ccs/tools/compiler/gcc-arm-none-eabi-7-2017-q4-major/bin/../lib/gcc/arm-none-eabi/7.2.1/../../../../arm-none-eabi/lib/thumb/v7e-m/fpv4-sp/hard/libg.a(lib_a-__atexit.o)
 .text          0x00000000000005b4        0x0 /home/albino/ti/ccs1020/ccs/tools/compiler/gcc-arm-none-eabi-7-2017-q4-major/bin/../lib/gcc/arm-none-eabi/7.2.1/../../../../arm-none-eabi/lib/thumb/v7e-m/fpv4-sp/hard/libg.a(lib_a-callocr.o)
 .text          0x00000000000005b4        0x0 /home/albino/ti/ccs1020/ccs/tools/compiler/gcc-arm-none-eabi-7-2017-q4-major/bin/../lib/gcc/arm-none-eabi/7.2.1/../../../../arm-none-eabi/lib/thumb/v7e-m/fpv4-sp/hard/libg.a(lib_a-closer.o)
 .text          0x00000000000005b4        0x0 /home/albino/ti/ccs1020/ccs/tools/compiler/gcc-arm-none-eabi-7-2017-q4-major/bin/../lib/gcc/arm-none-eabi/7.2.1/../../../../arm-none-eabi/lib/thumb/v7e-m/fpv4-sp/hard/libg.a(lib_a-fclose.o)
 .text          0x00000000000005b4        0x0 /home/albino/ti/ccs1020/ccs/tools/compiler/gcc-arm-none-eabi-7-2017-q4-major/bin/../lib/gcc/arm-none-eabi/7.2.1/../../../../arm-none-eabi/lib/thumb/v7e-m/fpv4-sp/hard/libg.a(lib_a-fputwc.o)
 .text          0x00000000000005b4        0x0 /home/albino/ti/ccs1020/ccs/tools/compiler/gcc-arm-none-eabi-7-2017-q4-major/bin/../lib/gcc/arm-none-eabi/7.2.1/../../../../arm-none-eabi/lib/thumb/v7e-m/fpv4-sp/hard/libg.a(lib_a-fstatr.o)
 .text          0x00000000000005b4        0x0 /home/albino/ti/ccs1020/ccs/tools/compiler/gcc-arm-none-eabi-7-2017-q4-major/bin/../lib/gcc/arm-none-eabi/7.2.1/../../../../arm-none-eabi/lib/thumb/v7e-m/fpv4-sp/hard/libg.a(lib_a-isattyr.o)
 .text          0x00000000000005b4        0x0 /home/albino/ti/ccs1020/ccs/tools/compiler/gcc-arm-none-eabi-7-2017-q4-major/bin/../lib/gcc/arm-none-eabi/7.2.1/../../../../arm-none-eabi/lib/thumb/v7e-m/fpv4-sp/hard/libg.a(lib_a-locale.o)
 .text          0x00000000000005b4        0x0 /home/albino/ti/ccs1020/ccs/tools/compiler/gcc-arm-none-eabi-7-2017-q4-major/bin/../lib/gcc/arm-none-eabi/7.2.1/../../../../arm-none-eabi/lib/thumb/v7e-m/fpv4-sp/hard/libg.a(lib_a-lseekr.o)
 .text          0x00000000000005b4        0x0 /home/albino/ti/ccs1020/ccs/tools/compiler/gcc-arm-none-eabi-7-2017-q4-major/bin/../lib/gcc/arm-none-eabi/7.2.1/../../../../arm-none-eabi/lib/thumb/v7e-m/fpv4-sp/hard/libg.a(lib_a-mbtowc_r.o)
 .text          0x00000000000005b4        0x0 /home/albino/ti/ccs1020/ccs/tools/compiler/gcc-arm-none-eabi-7-2017-q4-major/bin/../lib/gcc/arm-none-eabi/7.2.1/../../../../arm-none-eabi/lib/thumb/v7e-m/fpv4-sp/hard/libg.a(lib_a-readr.o)
 .text          0x00000000000005b4        0x0 /home/albino/ti/ccs1020/ccs/tools/compiler/gcc-arm-none-eabi-7-2017-q4-major/bin/../lib/gcc/arm-none-eabi/7.2.1/../../../../arm-none-eabi/lib/thumb/v7e-m/fpv4-sp/hard/libg.a(lib_a-reent.o)
 *fill*         0x00000000000005b4        0xc 
 .text          0x00000000000005c0      0x2dc /home/albino/ti/ccs1020/ccs/tools/compiler/gcc-arm-none-eabi-7-2017-q4-major/bin/../lib/gcc/arm-none-eabi/7.2.1/../../../../arm-none-eabi/lib/thumb/v7e-m/fpv4-sp/hard/libg.a(lib_a-strcmp.o)
                0x00000000000005c8                strcmp
 .text          0x000000000000089c        0x0 /home/albino/ti/ccs1020/ccs/tools/compiler/gcc-arm-none-eabi-7-2017-q4-major/bin/../lib/gcc/arm-none-eabi/7.2.1/../../../../arm-none-eabi/lib/thumb/v7e-m/fpv4-sp/hard/libg.a(lib_a-wbuf.o)
 .text          0x000000000000089c        0x0 /home/albino/ti/ccs1020/ccs/tools/compiler/gcc-arm-none-eabi-7-2017-q4-major/bin/../lib/gcc/arm-none-eabi/7.2.1/../../../../arm-none-eabi/lib/thumb/v7e-m/fpv4-sp/hard/libg.a(lib_a-wcrtomb.o)
 .text          0x000000000000089c        0x0 /home/albino/ti/ccs1020/ccs/tools/compiler/gcc-arm-none-eabi-7-2017-q4-major/bin/../lib/gcc/arm-none-eabi/7.2.1/../../../../arm-none-eabi/lib/thumb/v7e-m/fpv4-sp/hard/libg.a(lib_a-wctomb_r.o)
 .text          0x000000000000089c        0x0 /home/albino/ti/ccs1020/ccs/tools/compiler/gcc-arm-none-eabi-7-2017-q4-major/bin/../lib/gcc/arm-none-eabi/7.2.1/../../../../arm-none-eabi/lib/thumb/v7e-m/fpv4-sp/hard/libg.a(lib_a-ctype_.o)
 .text          0x000000000000089c      0x378 /home/albino/ti/ccs1020/ccs/tools/compiler/gcc-arm-none-eabi-7-2017-q4-major/bin/../lib/gcc/arm-none-eabi/7.2.1/thumb/v7e-m/fpv4-sp/hard/libgcc.a(_arm_addsubdf3.o)
                0x000000000000089c                __aeabi_drsub
                0x00000000000008a4                __aeabi_dsub
                0x00000000000008a4                __subdf3
                0x00000000000008a8                __adddf3
                0x00000000000008a8                __aeabi_dadd
                0x0000000000000b20                __aeabi_ui2d
                0x0000000000000b20                __floatunsidf
                0x0000000000000b40                __floatsidf
                0x0000000000000b40                __aeabi_i2d
                0x0000000000000b64                __extendsfdf2
                0x0000000000000b64                __aeabi_f2d
                0x0000000000000ba8                __aeabi_ul2d
                0x0000000000000ba8                __floatundidf
                0x0000000000000bb8                __floatdidf
                0x0000000000000bb8                __aeabi_l2d
 .text          0x0000000000000c14      0x424 /home/albino/ti/ccs1020/ccs/tools/compiler/gcc-arm-none-eabi-7-2017-q4-major/bin/../lib/gcc/arm-none-eabi/7.2.1/thumb/v7e-m/fpv4-sp/hard/libgcc.a(_arm_muldivdf3.o)
                0x0000000000000c14                __aeabi_dmul
                0x0000000000000c14                __muldf3
                0x0000000000000e68                __aeabi_ddiv
                0x0000000000000e68                __divdf3
 .text          0x0000000000001038      0x110 /home/albino/ti/ccs1020/ccs/tools/compiler/gcc-arm-none-eabi-7-2017-q4-major/bin/../lib/gcc/arm-none-eabi/7.2.1/thumb/v7e-m/fpv4-sp/hard/libgcc.a(_arm_cmpdf2.o)
                0x0000000000001038                __gtdf2
                0x0000000000001038                __gedf2
                0x0000000000001040                __ltdf2
                0x0000000000001040                __ledf2
                0x0000000000001048                __cmpdf2
                0x0000000000001048                __eqdf2
                0x0000000000001048                __nedf2
                0x00000000000010c4                __aeabi_cdrcmple
                0x00000000000010d4                __aeabi_cdcmple
                0x00000000000010d4                __aeabi_cdcmpeq
                0x00000000000010e4                __aeabi_dcmpeq
                0x00000000000010f8                __aeabi_dcmplt
                0x000000000000110c                __aeabi_dcmple
                0x0000000000001120                __aeabi_dcmpge
                0x0000000000001134                __aeabi_dcmpgt
 .text          0x0000000000001148       0x2c /home/albino/ti/ccs1020/ccs/tools/compiler/gcc-arm-none-eabi-7-2017-q4-major/bin/../lib/gcc/arm-none-eabi/7.2.1/thumb/v7e-m/fpv4-sp/hard/libgcc.a(_arm_unorddf2.o)
                0x0000000000001148                __aeabi_dcmpun
                0x0000000000001148                __unorddf2
 .text          0x0000000000001174       0x50 /home/albino/ti/ccs1020/ccs/tools/compiler/gcc-arm-none-eabi-7-2017-q4-major/bin/../lib/gcc/arm-none-eabi/7.2.1/thumb/v7e-m/fpv4-sp/hard/libgcc.a(_arm_fixdfsi.o)
                0x0000000000001174                __fixdfsi
                0x0000000000001174                __aeabi_d2iz
 .text          0x00000000000011c4       0x30 /home/albino/ti/ccs1020/ccs/tools/compiler/gcc-arm-none-eabi-7-2017-q4-major/bin/../lib/gcc/arm-none-eabi/7.2.1/thumb/v7e-m/fpv4-sp/hard/libgcc.a(_aeabi_uldivmod.o)
                0x00000000000011c4                __aeabi_uldivmod
 .text          0x00000000000011f4      0x2cc /home/albino/ti/ccs1020/ccs/tools/compiler/gcc-arm-none-eabi-7-2017-q4-major/bin/../lib/gcc/arm-none-eabi/7.2.1/thumb/v7e-m/fpv4-sp/hard/libgcc.a(_udivmoddi4.o)
                0x00000000000011f4                __udivmoddi4
 .text          0x00000000000014c0        0x4 /home/albino/ti/ccs1020/ccs/tools/compiler/gcc-arm-none-eabi-7-2017-q4-major/bin/../lib/gcc/arm-none-eabi/7.2.1/thumb/v7e-m/fpv4-sp/hard/libgcc.a(_dvmd_tls.o)
                0x00000000000014c0                __aeabi_ldiv0
                0x00000000000014c0                __aeabi_idiv0
 .text          0x00000000000014c4        0x0 /home/albino/ti/ccs1020/ccs/tools/compiler/gcc-arm-none-eabi-7-2017-q4-major/bin/../lib/gcc/arm-none-eabi/7.2.1/../../../../arm-none-eabi/lib/thumb/v7e-m/fpv4-sp/hard/libnosys.a(close.o)
 .text          0x00000000000014c4        0x0 /home/albino/ti/ccs1020/ccs/tools/compiler/gcc-arm-none-eabi-7-2017-q4-major/bin/../lib/gcc/arm-none-eabi/7.2.1/../../../../arm-none-eabi/lib/thumb/v7e-m/fpv4-sp/hard/libnosys.a(fstat.o)
 .text          0x00000000000014c4        0x0 /home/albino/ti/ccs1020/ccs/tools/compiler/gcc-arm-none-eabi-7-2017-q4-major/bin/../lib/gcc/arm-none-eabi/7.2.1/../../../../arm-none-eabi/lib/thumb/v7e-m/fpv4-sp/hard/libnosys.a(isatty.o)
 .text          0x00000000000014c4        0x0 /home/albino/ti/ccs1020/ccs/tools/compiler/gcc-arm-none-eabi-7-2017-q4-major/bin/../lib/gcc/arm-none-eabi/7.2.1/../../../../arm-none-eabi/lib/thumb/v7e-m/fpv4-sp/hard/libnosys.a(lseek.o)
 .text          0x00000000000014c4        0x0 /home/albino/ti/ccs1020/ccs/tools/compiler/gcc-arm-none-eabi-7-2017-q4-major/bin/../lib/gcc/arm-none-eabi/7.2.1/../../../../arm-none-eabi/lib/thumb/v7e-m/fpv4-sp/hard/libnosys.a(read.o)
 .text          0x00000000000014c4        0x0 /home/albino/ti/ccs1020/ccs/tools/compiler/gcc-arm-none-eabi-7-2017-q4-major/bin/../lib/gcc/arm-none-eabi/7.2.1/../../../../arm-none-eabi/lib/thumb/v7e-m/fpv4-sp/hard/libnosys.a(sbrk.o)
 .text          0x00000000000014c4        0x0 /home/albino/ti/ccs1020/ccs/tools/compiler/gcc-arm-none-eabi-7-2017-q4-major/bin/../lib/gcc/arm-none-eabi/7.2.1/../../../../arm-none-eabi/lib/thumb/v7e-m/fpv4-sp/hard/libnosys.a(write.o)
 .text          0x00000000000014c4        0x0 /home/albino/ti/ccs1020/ccs/tools/compiler/gcc-arm-none-eabi-7-2017-q4-major/bin/../lib/gcc/arm-none-eabi/7.2.1/../../../../arm-none-eabi/lib/thumb/v7e-m/fpv4-sp/hard/libnosys.a(_exit.o)
 .text          0x00000000000014c4        0x0 /home/albino/ti/ccs1020/ccs/tools/compiler/gcc-arm-none-eabi-7-2017-q4-major/bin/../lib/gcc/arm-none-eabi/7.2.1/thumb/v7e-m/fpv4-sp/hard/crtend.o
 .text          0x00000000000014c4        0x0 /home/albino/ti/ccs1020/ccs/tools/compiler/gcc-arm-none-eabi-7-2017-q4-major/bin/../lib/gcc/arm-none-eabi/7.2.1/thumb/v7e-m/fpv4-sp/hard/crtn.o
 *(.text.*)
 .text.main     0x00000000000014c4       0x90 ./main.o
                0x00000000000014c4                main
 .text.NmiSR    0x0000000000001554        0x2 ./tm4c1294ncpdt_startup_ccs_gcc.o
 .text.FaultISR
                0x0000000000001556        0x2 ./tm4c1294ncpdt_startup_ccs_gcc.o
 .text.IntDefaultHandler
                0x0000000000001558        0x2 ./tm4c1294ncpdt_startup_ccs_gcc.o
 *fill*         0x000000000000155a        0x2 
 .text.ResetISR
                0x000000000000155c       0x50 ./tm4c1294ncpdt_startup_ccs_gcc.o
                0x000000000000155c                ResetISR
 .text.idle     0x00000000000015ac        0x2 ./source/os.o
                0x00000000000015ac                idle
 *fill*         0x00000000000015ae        0x2 
 .text.scheduler
                0x00000000000015b0       0x2c ./source/os.o
                0x00000000000015b0                scheduler
 .text.sem_init
                0x00000000000015dc        0xc ./source/os.o
                0x00000000000015dc                sem_init
 .text.RemoveFromList
                0x00000000000015e8       0x3c ./source/os.o
                0x00000000000015e8                RemoveFromList
 .text.remove_event
                0x0000000000001624       0x1c ./source/os.o
                0x0000000000001624                remove_event
 .text.IncludeTaskIntoList
                0x0000000000001640       0x1e ./source/os.o
                0x0000000000001640                IncludeTaskIntoList
 *fill*         0x000000000000165e        0x2 
 .text.delay    0x0000000000001660       0x4c ./source/os.o
                0x0000000000001660                delay
 .text.os_inc_and_compare
                0x00000000000016ac       0x68 ./source/os.o
                0x00000000000016ac                os_inc_and_compare
 .text.InstallTask
                0x0000000000001714       0x34 ./source/os.o
                0x0000000000001714                InstallTask
 .text.start_os
                0x0000000000001748       0x3c ./source/os.o
                0x0000000000001748                start_os
 .text.sem_pend
                0x0000000000001784       0x6c ./source/os.o
                0x0000000000001784                sem_pend
 .text.sem_post
                0x00000000000017f0       0x50 ./source/os.o
                0x00000000000017f0                sem_post
 .text.PrepareStack
                0x0000000000001840       0x7e ./source/port.o
                0x0000000000001840                PrepareStack
 *fill*         0x00000000000018be        0x2 
 .text.init_os_timer
                0x00000000000018c0       0x20 ./source/port.o
                0x00000000000018c0                init_os_timer
 .text.TickTimer
                0x00000000000018e0       0x48 ./source/port.o
                0x00000000000018e0                TickTimer
 .text.SwitchContext
                0x0000000000001928       0x40 ./source/port.o
                0x0000000000001928                SwitchContext
 .text.SV_INT   0x0000000000001968       0x1c ./source/port.o
                0x0000000000001968                SV_INT
 .text.UARTPutChar
                0x0000000000001984       0x14 ./source/tasks.o
                0x0000000000001984                UARTPutChar
 .text.UARTIntHandler
                0x0000000000001998       0x58 ./source/tasks.o
                0x0000000000001998                UARTIntHandler
 .text.task1    0x00000000000019f0       0x60 ./source/tasks.o
                0x00000000000019f0                task1
 .text.task2    0x0000000000001a50       0x70 ./source/tasks.o
                0x0000000000001a50                task2
 .text.task3    0x0000000000001ac0       0x30 ./source/tasks.o
                0x0000000000001ac0                task3
 .text.task4    0x0000000000001af0      0x12c ./source/tasks.o
                0x0000000000001af0                task4
 .text._GPIOIntNumberGet
                0x0000000000001c1c       0x48 /home/albino/ti/tivaware/driverlib/gcc/libdriver.a(gpio.o)
 .text.GPIODirModeSet
                0x0000000000001c64       0x2e /home/albino/ti/tivaware/driverlib/gcc/libdriver.a(gpio.o)
                0x0000000000001c64                GPIODirModeSet
 .text.GPIODirModeGet
                0x0000000000001c92       0x24 /home/albino/ti/tivaware/driverlib/gcc/libdriver.a(gpio.o)
                0x0000000000001c92                GPIODirModeGet
 .text.GPIOIntTypeSet
                0x0000000000001cb6       0x5a /home/albino/ti/tivaware/driverlib/gcc/libdriver.a(gpio.o)
                0x0000000000001cb6                GPIOIntTypeSet
 .text.GPIOIntTypeGet
                0x0000000000001d10       0x48 /home/albino/ti/tivaware/driverlib/gcc/libdriver.a(gpio.o)
                0x0000000000001d10                GPIOIntTypeGet
 .text.GPIOPadConfigSet
                0x0000000000001d58      0x170 /home/albino/ti/tivaware/driverlib/gcc/libdriver.a(gpio.o)
                0x0000000000001d58                GPIOPadConfigSet
 .text.GPIOPadConfigGet
                0x0000000000001ec8       0xe4 /home/albino/ti/tivaware/driverlib/gcc/libdriver.a(gpio.o)
                0x0000000000001ec8                GPIOPadConfigGet
 .text.GPIOIntEnable
                0x0000000000001fac        0xc /home/albino/ti/tivaware/driverlib/gcc/libdriver.a(gpio.o)
                0x0000000000001fac                GPIOIntEnable
 .text.GPIOIntDisable
                0x0000000000001fb8        0xe /home/albino/ti/tivaware/driverlib/gcc/libdriver.a(gpio.o)
                0x0000000000001fb8                GPIOIntDisable
 .text.GPIOIntStatus
                0x0000000000001fc6        0xe /home/albino/ti/tivaware/driverlib/gcc/libdriver.a(gpio.o)
                0x0000000000001fc6                GPIOIntStatus
 .text.GPIOIntClear
                0x0000000000001fd4        0x6 /home/albino/ti/tivaware/driverlib/gcc/libdriver.a(gpio.o)
                0x0000000000001fd4                GPIOIntClear
 .text.GPIOIntRegister
                0x0000000000001fda       0x1a /home/albino/ti/tivaware/driverlib/gcc/libdriver.a(gpio.o)
                0x0000000000001fda                GPIOIntRegister
 .text.GPIOIntUnregister
                0x0000000000001ff4       0x16 /home/albino/ti/tivaware/driverlib/gcc/libdriver.a(gpio.o)
                0x0000000000001ff4                GPIOIntUnregister
 .text.GPIOIntRegisterPin
                0x000000000000200a       0x1e /home/albino/ti/tivaware/driverlib/gcc/libdriver.a(gpio.o)
                0x000000000000200a                GPIOIntRegisterPin
 .text.GPIOIntUnregisterPin
                0x0000000000002028       0x1a /home/albino/ti/tivaware/driverlib/gcc/libdriver.a(gpio.o)
                0x0000000000002028                GPIOIntUnregisterPin
 .text.GPIOPinRead
                0x0000000000002042        0x6 /home/albino/ti/tivaware/driverlib/gcc/libdriver.a(gpio.o)
                0x0000000000002042                GPIOPinRead
 .text.GPIOPinWrite
                0x0000000000002048        0x6 /home/albino/ti/tivaware/driverlib/gcc/libdriver.a(gpio.o)
                0x0000000000002048                GPIOPinWrite
 .text.GPIOPinTypeADC
                0x000000000000204e       0x1c /home/albino/ti/tivaware/driverlib/gcc/libdriver.a(gpio.o)
                0x000000000000204e                GPIOPinTypeADC
 .text.GPIOPinTypeCAN
                0x000000000000206a       0x1c /home/albino/ti/tivaware/driverlib/gcc/libdriver.a(gpio.o)
                0x000000000000206a                GPIOPinTypeCAN
 .text.GPIOPinTypeComparator
                0x0000000000002086       0x1c /home/albino/ti/tivaware/driverlib/gcc/libdriver.a(gpio.o)
                0x0000000000002086                GPIOPinTypeComparator
 .text.GPIOPinTypeComparatorOutput
                0x00000000000020a2       0x1c /home/albino/ti/tivaware/driverlib/gcc/libdriver.a(gpio.o)
                0x00000000000020a2                GPIOPinTypeComparatorOutput
 .text.GPIOPinTypeDIVSCLK
                0x00000000000020be       0x1c /home/albino/ti/tivaware/driverlib/gcc/libdriver.a(gpio.o)
                0x00000000000020be                GPIOPinTypeDIVSCLK
 .text.GPIOPinTypeEPI
                0x00000000000020da       0x1c /home/albino/ti/tivaware/driverlib/gcc/libdriver.a(gpio.o)
                0x00000000000020da                GPIOPinTypeEPI
 .text.GPIOPinTypeEthernetLED
                0x00000000000020f6       0x1c /home/albino/ti/tivaware/driverlib/gcc/libdriver.a(gpio.o)
                0x00000000000020f6                GPIOPinTypeEthernetLED
 .text.GPIOPinTypeEthernetMII
                0x0000000000002112       0x1c /home/albino/ti/tivaware/driverlib/gcc/libdriver.a(gpio.o)
                0x0000000000002112                GPIOPinTypeEthernetMII
 .text.GPIOPinTypeGPIOInput
                0x000000000000212e       0x1c /home/albino/ti/tivaware/driverlib/gcc/libdriver.a(gpio.o)
                0x000000000000212e                GPIOPinTypeGPIOInput
 .text.GPIOPinTypeGPIOOutput
                0x000000000000214a       0x1c /home/albino/ti/tivaware/driverlib/gcc/libdriver.a(gpio.o)
                0x000000000000214a                GPIOPinTypeGPIOOutput
 .text.GPIOPinTypeGPIOOutputOD
                0x0000000000002166       0x1c /home/albino/ti/tivaware/driverlib/gcc/libdriver.a(gpio.o)
                0x0000000000002166                GPIOPinTypeGPIOOutputOD
 .text.GPIOPinTypeHibernateRTCCLK
                0x0000000000002182       0x1c /home/albino/ti/tivaware/driverlib/gcc/libdriver.a(gpio.o)
                0x0000000000002182                GPIOPinTypeHibernateRTCCLK
 .text.GPIOPinTypeI2C
                0x000000000000219e       0x1c /home/albino/ti/tivaware/driverlib/gcc/libdriver.a(gpio.o)
                0x000000000000219e                GPIOPinTypeI2C
 .text.GPIOPinTypeI2CSCL
                0x00000000000021ba       0x1c /home/albino/ti/tivaware/driverlib/gcc/libdriver.a(gpio.o)
                0x00000000000021ba                GPIOPinTypeI2CSCL
 .text.GPIOPinTypeLCD
                0x00000000000021d6       0x1c /home/albino/ti/tivaware/driverlib/gcc/libdriver.a(gpio.o)
                0x00000000000021d6                GPIOPinTypeLCD
 .text.GPIOPinTypeOneWire
                0x00000000000021f2       0x1c /home/albino/ti/tivaware/driverlib/gcc/libdriver.a(gpio.o)
                0x00000000000021f2                GPIOPinTypeOneWire
 .text.GPIOPinTypePWM
                0x000000000000220e       0x1c /home/albino/ti/tivaware/driverlib/gcc/libdriver.a(gpio.o)
                0x000000000000220e                GPIOPinTypePWM
 .text.GPIOPinTypeQEI
                0x000000000000222a       0x1c /home/albino/ti/tivaware/driverlib/gcc/libdriver.a(gpio.o)
                0x000000000000222a                GPIOPinTypeQEI
 .text.GPIOPinTypeSSI
                0x0000000000002246       0x1c /home/albino/ti/tivaware/driverlib/gcc/libdriver.a(gpio.o)
                0x0000000000002246                GPIOPinTypeSSI
 .text.GPIOPinTypeTimer
                0x0000000000002262       0x1c /home/albino/ti/tivaware/driverlib/gcc/libdriver.a(gpio.o)
                0x0000000000002262                GPIOPinTypeTimer
 .text.GPIOPinTypeTrace
                0x000000000000227e       0x1c /home/albino/ti/tivaware/driverlib/gcc/libdriver.a(gpio.o)
                0x000000000000227e                GPIOPinTypeTrace
 .text.GPIOPinTypeUART
                0x000000000000229a       0x1c /home/albino/ti/tivaware/driverlib/gcc/libdriver.a(gpio.o)
                0x000000000000229a                GPIOPinTypeUART
 .text.GPIOPinTypeUSBAnalog
                0x00000000000022b6       0x1c /home/albino/ti/tivaware/driverlib/gcc/libdriver.a(gpio.o)
                0x00000000000022b6                GPIOPinTypeUSBAnalog
 .text.GPIOPinTypeUSBDigital
                0x00000000000022d2       0x1c /home/albino/ti/tivaware/driverlib/gcc/libdriver.a(gpio.o)
                0x00000000000022d2                GPIOPinTypeUSBDigital
 .text.GPIOPinTypeWakeHigh
                0x00000000000022ee       0x1e /home/albino/ti/tivaware/driverlib/gcc/libdriver.a(gpio.o)
                0x00000000000022ee                GPIOPinTypeWakeHigh
 .text.GPIOPinTypeWakeLow
                0x000000000000230c       0x1e /home/albino/ti/tivaware/driverlib/gcc/libdriver.a(gpio.o)
                0x000000000000230c                GPIOPinTypeWakeLow
 .text.GPIOPinWakeStatus
                0x000000000000232a        0x6 /home/albino/ti/tivaware/driverlib/gcc/libdriver.a(gpio.o)
                0x000000000000232a                GPIOPinWakeStatus
 .text.GPIOPinConfigure
                0x0000000000002330       0x4c /home/albino/ti/tivaware/driverlib/gcc/libdriver.a(gpio.o)
                0x0000000000002330                GPIOPinConfigure
 .text.GPIODMATriggerEnable
                0x000000000000237c        0xc /home/albino/ti/tivaware/driverlib/gcc/libdriver.a(gpio.o)
                0x000000000000237c                GPIODMATriggerEnable
 .text.GPIODMATriggerDisable
                0x0000000000002388        0xe /home/albino/ti/tivaware/driverlib/gcc/libdriver.a(gpio.o)
                0x0000000000002388                GPIODMATriggerDisable
 .text.GPIOADCTriggerEnable
                0x0000000000002396        0xc /home/albino/ti/tivaware/driverlib/gcc/libdriver.a(gpio.o)
                0x0000000000002396                GPIOADCTriggerEnable
 .text.GPIOADCTriggerDisable
                0x00000000000023a2        0xe /home/albino/ti/tivaware/driverlib/gcc/libdriver.a(gpio.o)
                0x00000000000023a2                GPIOADCTriggerDisable
 .text.GPIOUnlockPin
                0x00000000000023b0       0x18 /home/albino/ti/tivaware/driverlib/gcc/libdriver.a(gpio.o)
                0x00000000000023b0                GPIOUnlockPin
 .text._IntDefaultHandler
                0x00000000000023c8        0x2 /home/albino/ti/tivaware/driverlib/gcc/libdriver.a(interrupt.o)
 .text.IntMasterEnable
                0x00000000000023ca        0xe /home/albino/ti/tivaware/driverlib/gcc/libdriver.a(interrupt.o)
                0x00000000000023ca                IntMasterEnable
 .text.IntMasterDisable
                0x00000000000023d8        0xe /home/albino/ti/tivaware/driverlib/gcc/libdriver.a(interrupt.o)
                0x00000000000023d8                IntMasterDisable
 *fill*         0x00000000000023e6        0x2 
 .text.IntRegister
                0x00000000000023e8       0x34 /home/albino/ti/tivaware/driverlib/gcc/libdriver.a(interrupt.o)
                0x00000000000023e8                IntRegister
 .text.IntUnregister
                0x000000000000241c       0x14 /home/albino/ti/tivaware/driverlib/gcc/libdriver.a(interrupt.o)
                0x000000000000241c                IntUnregister
 .text.IntPriorityGroupingSet
                0x0000000000002430       0x1c /home/albino/ti/tivaware/driverlib/gcc/libdriver.a(interrupt.o)
                0x0000000000002430                IntPriorityGroupingSet
 .text.IntPriorityGroupingGet
                0x000000000000244c       0x24 /home/albino/ti/tivaware/driverlib/gcc/libdriver.a(interrupt.o)
                0x000000000000244c                IntPriorityGroupingGet
 .text.IntPrioritySet
                0x0000000000002470       0x2c /home/albino/ti/tivaware/driverlib/gcc/libdriver.a(interrupt.o)
                0x0000000000002470                IntPrioritySet
 .text.IntPriorityGet
                0x000000000000249c       0x1c /home/albino/ti/tivaware/driverlib/gcc/libdriver.a(interrupt.o)
                0x000000000000249c                IntPriorityGet
 .text.IntEnable
                0x00000000000024b8       0x60 /home/albino/ti/tivaware/driverlib/gcc/libdriver.a(interrupt.o)
                0x00000000000024b8                IntEnable
 .text.IntDisable
                0x0000000000002518       0x60 /home/albino/ti/tivaware/driverlib/gcc/libdriver.a(interrupt.o)
                0x0000000000002518                IntDisable
 .text.IntIsEnabled
                0x0000000000002578       0x64 /home/albino/ti/tivaware/driverlib/gcc/libdriver.a(interrupt.o)
                0x0000000000002578                IntIsEnabled
 .text.IntPendSet
                0x00000000000025dc       0x50 /home/albino/ti/tivaware/driverlib/gcc/libdriver.a(interrupt.o)
                0x00000000000025dc                IntPendSet
 .text.IntPendClear
                0x000000000000262c       0x40 /home/albino/ti/tivaware/driverlib/gcc/libdriver.a(interrupt.o)
                0x000000000000262c                IntPendClear
 .text.IntPriorityMaskSet
                0x000000000000266c        0x4 /home/albino/ti/tivaware/driverlib/gcc/libdriver.a(interrupt.o)
                0x000000000000266c                IntPriorityMaskSet
 .text.IntPriorityMaskGet
                0x0000000000002670        0x4 /home/albino/ti/tivaware/driverlib/gcc/libdriver.a(interrupt.o)
                0x0000000000002670                IntPriorityMaskGet
 .text.IntTrigger
                0x0000000000002674        0xc /home/albino/ti/tivaware/driverlib/gcc/libdriver.a(interrupt.o)
                0x0000000000002674                IntTrigger
 .text._SysCtlMemTimingGet
                0x0000000000002680       0x24 /home/albino/ti/tivaware/driverlib/gcc/libdriver.a(sysctl.o)
 .text.SysCtlSRAMSizeGet
                0x00000000000026a4       0x10 /home/albino/ti/tivaware/driverlib/gcc/libdriver.a(sysctl.o)
                0x00000000000026a4                SysCtlSRAMSizeGet
 .text.SysCtlFlashSizeGet
                0x00000000000026b4       0x3c /home/albino/ti/tivaware/driverlib/gcc/libdriver.a(sysctl.o)
                0x00000000000026b4                SysCtlFlashSizeGet
 .text.SysCtlFlashSectorSizeGet
                0x00000000000026f0       0x38 /home/albino/ti/tivaware/driverlib/gcc/libdriver.a(sysctl.o)
                0x00000000000026f0                SysCtlFlashSectorSizeGet
 .text.SysCtlPeripheralPresent
                0x0000000000002728       0x26 /home/albino/ti/tivaware/driverlib/gcc/libdriver.a(sysctl.o)
                0x0000000000002728                SysCtlPeripheralPresent
 .text.SysCtlPeripheralReady
                0x000000000000274e       0x26 /home/albino/ti/tivaware/driverlib/gcc/libdriver.a(sysctl.o)
                0x000000000000274e                SysCtlPeripheralReady
 .text.SysCtlPeripheralPowerOn
                0x0000000000002774       0x22 /home/albino/ti/tivaware/driverlib/gcc/libdriver.a(sysctl.o)
                0x0000000000002774                SysCtlPeripheralPowerOn
 .text.SysCtlPeripheralPowerOff
                0x0000000000002796       0x22 /home/albino/ti/tivaware/driverlib/gcc/libdriver.a(sysctl.o)
                0x0000000000002796                SysCtlPeripheralPowerOff
 .text.SysCtlPeripheralReset
                0x00000000000027b8       0x3a /home/albino/ti/tivaware/driverlib/gcc/libdriver.a(sysctl.o)
                0x00000000000027b8                SysCtlPeripheralReset
 .text.SysCtlPeripheralEnable
                0x00000000000027f2       0x22 /home/albino/ti/tivaware/driverlib/gcc/libdriver.a(sysctl.o)
                0x00000000000027f2                SysCtlPeripheralEnable
 .text.SysCtlPeripheralDisable
                0x0000000000002814       0x22 /home/albino/ti/tivaware/driverlib/gcc/libdriver.a(sysctl.o)
                0x0000000000002814                SysCtlPeripheralDisable
 .text.SysCtlPeripheralSleepEnable
                0x0000000000002836       0x22 /home/albino/ti/tivaware/driverlib/gcc/libdriver.a(sysctl.o)
                0x0000000000002836                SysCtlPeripheralSleepEnable
 .text.SysCtlPeripheralSleepDisable
                0x0000000000002858       0x22 /home/albino/ti/tivaware/driverlib/gcc/libdriver.a(sysctl.o)
                0x0000000000002858                SysCtlPeripheralSleepDisable
 .text.SysCtlPeripheralDeepSleepEnable
                0x000000000000287a       0x22 /home/albino/ti/tivaware/driverlib/gcc/libdriver.a(sysctl.o)
                0x000000000000287a                SysCtlPeripheralDeepSleepEnable
 .text.SysCtlPeripheralDeepSleepDisable
                0x000000000000289c       0x22 /home/albino/ti/tivaware/driverlib/gcc/libdriver.a(sysctl.o)
                0x000000000000289c                SysCtlPeripheralDeepSleepDisable
 *fill*         0x00000000000028be        0x2 
 .text.SysCtlPeripheralClockGating
                0x00000000000028c0       0x48 /home/albino/ti/tivaware/driverlib/gcc/libdriver.a(sysctl.o)
                0x00000000000028c0                SysCtlPeripheralClockGating
 .text.SysCtlIntRegister
                0x0000000000002908       0x14 /home/albino/ti/tivaware/driverlib/gcc/libdriver.a(sysctl.o)
                0x0000000000002908                SysCtlIntRegister
 .text.SysCtlIntUnregister
                0x000000000000291c       0x12 /home/albino/ti/tivaware/driverlib/gcc/libdriver.a(sysctl.o)
                0x000000000000291c                SysCtlIntUnregister
 *fill*         0x000000000000292e        0x2 
 .text.SysCtlIntEnable
                0x0000000000002930       0x10 /home/albino/ti/tivaware/driverlib/gcc/libdriver.a(sysctl.o)
                0x0000000000002930                SysCtlIntEnable
 .text.SysCtlIntDisable
                0x0000000000002940       0x10 /home/albino/ti/tivaware/driverlib/gcc/libdriver.a(sysctl.o)
                0x0000000000002940                SysCtlIntDisable
 .text.SysCtlIntClear
                0x0000000000002950        0xc /home/albino/ti/tivaware/driverlib/gcc/libdriver.a(sysctl.o)
                0x0000000000002950                SysCtlIntClear
 .text.SysCtlIntStatus
                0x000000000000295c       0x14 /home/albino/ti/tivaware/driverlib/gcc/libdriver.a(sysctl.o)
                0x000000000000295c                SysCtlIntStatus
 .text.SysCtlLDOSleepSet
                0x0000000000002970        0xc /home/albino/ti/tivaware/driverlib/gcc/libdriver.a(sysctl.o)
                0x0000000000002970                SysCtlLDOSleepSet
 .text.SysCtlLDOSleepGet
                0x000000000000297c        0xc /home/albino/ti/tivaware/driverlib/gcc/libdriver.a(sysctl.o)
                0x000000000000297c                SysCtlLDOSleepGet
 .text.SysCtlLDODeepSleepSet
                0x0000000000002988        0xc /home/albino/ti/tivaware/driverlib/gcc/libdriver.a(sysctl.o)
                0x0000000000002988                SysCtlLDODeepSleepSet
 .text.SysCtlLDODeepSleepGet
                0x0000000000002994        0xc /home/albino/ti/tivaware/driverlib/gcc/libdriver.a(sysctl.o)
                0x0000000000002994                SysCtlLDODeepSleepGet
 .text.SysCtlSleepPowerSet
                0x00000000000029a0        0xc /home/albino/ti/tivaware/driverlib/gcc/libdriver.a(sysctl.o)
                0x00000000000029a0                SysCtlSleepPowerSet
 .text.SysCtlDeepSleepPowerSet
                0x00000000000029ac        0xc /home/albino/ti/tivaware/driverlib/gcc/libdriver.a(sysctl.o)
                0x00000000000029ac                SysCtlDeepSleepPowerSet
 .text.SysCtlReset
                0x00000000000029b8       0x10 /home/albino/ti/tivaware/driverlib/gcc/libdriver.a(sysctl.o)
                0x00000000000029b8                SysCtlReset
 .text.SysCtlSleep
                0x00000000000029c8        0x4 /home/albino/ti/tivaware/driverlib/gcc/libdriver.a(sysctl.o)
                0x00000000000029c8                SysCtlSleep
 .text.SysCtlDeepSleep
                0x00000000000029cc       0x20 /home/albino/ti/tivaware/driverlib/gcc/libdriver.a(sysctl.o)
                0x00000000000029cc                SysCtlDeepSleep
 .text.SysCtlResetCauseGet
                0x00000000000029ec        0xc /home/albino/ti/tivaware/driverlib/gcc/libdriver.a(sysctl.o)
                0x00000000000029ec                SysCtlResetCauseGet
 .text.SysCtlResetCauseClear
                0x00000000000029f8       0x10 /home/albino/ti/tivaware/driverlib/gcc/libdriver.a(sysctl.o)
                0x00000000000029f8                SysCtlResetCauseClear
 .text.SysCtlDelay
                0x0000000000002a08        0x8 /home/albino/ti/tivaware/driverlib/gcc/libdriver.a(sysctl.o)
                0x0000000000002a08                SysCtlDelay
 .text.SysCtlMOSCConfigSet
                0x0000000000002a10        0xc /home/albino/ti/tivaware/driverlib/gcc/libdriver.a(sysctl.o)
                0x0000000000002a10                SysCtlMOSCConfigSet
 .text.SysCtlPIOSCCalibrate
                0x0000000000002a1c       0x48 /home/albino/ti/tivaware/driverlib/gcc/libdriver.a(sysctl.o)
                0x0000000000002a1c                SysCtlPIOSCCalibrate
 .text.SysCtlResetBehaviorSet
                0x0000000000002a64        0xc /home/albino/ti/tivaware/driverlib/gcc/libdriver.a(sysctl.o)
                0x0000000000002a64                SysCtlResetBehaviorSet
 .text.SysCtlResetBehaviorGet
                0x0000000000002a70        0xc /home/albino/ti/tivaware/driverlib/gcc/libdriver.a(sysctl.o)
                0x0000000000002a70                SysCtlResetBehaviorGet
 .text.SysCtlClockFreqSet
                0x0000000000002a7c      0x248 /home/albino/ti/tivaware/driverlib/gcc/libdriver.a(sysctl.o)
                0x0000000000002a7c                SysCtlClockFreqSet
 .text.SysCtlClockSet
                0x0000000000002cc4      0x11c /home/albino/ti/tivaware/driverlib/gcc/libdriver.a(sysctl.o)
                0x0000000000002cc4                SysCtlClockSet
 .text.SysCtlClockGet
                0x0000000000002de0      0x12c /home/albino/ti/tivaware/driverlib/gcc/libdriver.a(sysctl.o)
                0x0000000000002de0                SysCtlClockGet
 .text.SysCtlDeepSleepClockSet
                0x0000000000002f0c        0xc /home/albino/ti/tivaware/driverlib/gcc/libdriver.a(sysctl.o)
                0x0000000000002f0c                SysCtlDeepSleepClockSet
 .text.SysCtlDeepSleepClockConfigSet
                0x0000000000002f18       0x60 /home/albino/ti/tivaware/driverlib/gcc/libdriver.a(sysctl.o)
                0x0000000000002f18                SysCtlDeepSleepClockConfigSet
 .text.SysCtlPWMClockSet
                0x0000000000002f78       0x14 /home/albino/ti/tivaware/driverlib/gcc/libdriver.a(sysctl.o)
                0x0000000000002f78                SysCtlPWMClockSet
 .text.SysCtlPWMClockGet
                0x0000000000002f8c       0x18 /home/albino/ti/tivaware/driverlib/gcc/libdriver.a(sysctl.o)
                0x0000000000002f8c                SysCtlPWMClockGet
 .text.SysCtlGPIOAHBEnable
                0x0000000000002fa4       0x18 /home/albino/ti/tivaware/driverlib/gcc/libdriver.a(sysctl.o)
                0x0000000000002fa4                SysCtlGPIOAHBEnable
 .text.SysCtlGPIOAHBDisable
                0x0000000000002fbc       0x1c /home/albino/ti/tivaware/driverlib/gcc/libdriver.a(sysctl.o)
                0x0000000000002fbc                SysCtlGPIOAHBDisable
 .text.SysCtlUSBPLLEnable
                0x0000000000002fd8       0x10 /home/albino/ti/tivaware/driverlib/gcc/libdriver.a(sysctl.o)
                0x0000000000002fd8                SysCtlUSBPLLEnable
 .text.SysCtlUSBPLLDisable
                0x0000000000002fe8       0x10 /home/albino/ti/tivaware/driverlib/gcc/libdriver.a(sysctl.o)
                0x0000000000002fe8                SysCtlUSBPLLDisable
 .text.SysCtlVoltageEventConfig
                0x0000000000002ff8        0xc /home/albino/ti/tivaware/driverlib/gcc/libdriver.a(sysctl.o)
                0x0000000000002ff8                SysCtlVoltageEventConfig
 .text.SysCtlVoltageEventStatus
                0x0000000000003004        0xc /home/albino/ti/tivaware/driverlib/gcc/libdriver.a(sysctl.o)
                0x0000000000003004                SysCtlVoltageEventStatus
 .text.SysCtlVoltageEventClear
                0x0000000000003010       0x10 /home/albino/ti/tivaware/driverlib/gcc/libdriver.a(sysctl.o)
                0x0000000000003010                SysCtlVoltageEventClear
 .text.SysCtlVCOGet
                0x0000000000003020       0x78 /home/albino/ti/tivaware/driverlib/gcc/libdriver.a(sysctl.o)
                0x0000000000003020                SysCtlVCOGet
 .text.SysCtlNMIStatus
                0x0000000000003098        0xc /home/albino/ti/tivaware/driverlib/gcc/libdriver.a(sysctl.o)
                0x0000000000003098                SysCtlNMIStatus
 .text.SysCtlNMIClear
                0x00000000000030a4       0x10 /home/albino/ti/tivaware/driverlib/gcc/libdriver.a(sysctl.o)
                0x00000000000030a4                SysCtlNMIClear
 .text.SysCtlClockOutConfig
                0x00000000000030b4       0x10 /home/albino/ti/tivaware/driverlib/gcc/libdriver.a(sysctl.o)
                0x00000000000030b4                SysCtlClockOutConfig
 .text.SysCtlAltClkConfig
                0x00000000000030c4        0xc /home/albino/ti/tivaware/driverlib/gcc/libdriver.a(sysctl.o)
                0x00000000000030c4                SysCtlAltClkConfig
 .text._UARTIntNumberGet
                0x00000000000030d0       0x44 /home/albino/ti/tivaware/driverlib/gcc/libdriver.a(uart.o)
 .text.UARTParityModeSet
                0x0000000000003114        0xc /home/albino/ti/tivaware/driverlib/gcc/libdriver.a(uart.o)
                0x0000000000003114                UARTParityModeSet
 .text.UARTParityModeGet
                0x0000000000003120        0x8 /home/albino/ti/tivaware/driverlib/gcc/libdriver.a(uart.o)
                0x0000000000003120                UARTParityModeGet
 .text.UARTFIFOLevelSet
                0x0000000000003128        0x6 /home/albino/ti/tivaware/driverlib/gcc/libdriver.a(uart.o)
                0x0000000000003128                UARTFIFOLevelSet
 .text.UARTFIFOLevelGet
                0x000000000000312e       0x10 /home/albino/ti/tivaware/driverlib/gcc/libdriver.a(uart.o)
                0x000000000000312e                UARTFIFOLevelGet
 .text.UARTConfigGetExpClk
                0x000000000000313e       0x28 /home/albino/ti/tivaware/driverlib/gcc/libdriver.a(uart.o)
                0x000000000000313e                UARTConfigGetExpClk
 .text.UARTEnable
                0x0000000000003166       0x16 /home/albino/ti/tivaware/driverlib/gcc/libdriver.a(uart.o)
                0x0000000000003166                UARTEnable
 .text.UARTDisable
                0x000000000000317c       0x1c /home/albino/ti/tivaware/driverlib/gcc/libdriver.a(uart.o)
                0x000000000000317c                UARTDisable
 .text.UARTConfigSetExpClk
                0x0000000000003198       0x48 /home/albino/ti/tivaware/driverlib/gcc/libdriver.a(uart.o)
                0x0000000000003198                UARTConfigSetExpClk
 .text.UARTFIFOEnable
                0x00000000000031e0        0xa /home/albino/ti/tivaware/driverlib/gcc/libdriver.a(uart.o)
                0x00000000000031e0                UARTFIFOEnable
 .text.UARTFIFODisable
                0x00000000000031ea        0xa /home/albino/ti/tivaware/driverlib/gcc/libdriver.a(uart.o)
                0x00000000000031ea                UARTFIFODisable
 .text.UARTEnableSIR
                0x00000000000031f4       0x12 /home/albino/ti/tivaware/driverlib/gcc/libdriver.a(uart.o)
                0x00000000000031f4                UARTEnableSIR
 .text.UARTDisableSIR
                0x0000000000003206        0xa /home/albino/ti/tivaware/driverlib/gcc/libdriver.a(uart.o)
                0x0000000000003206                UARTDisableSIR
 .text.UARTSmartCardEnable
                0x0000000000003210       0x16 /home/albino/ti/tivaware/driverlib/gcc/libdriver.a(uart.o)
                0x0000000000003210                UARTSmartCardEnable
 .text.UARTSmartCardDisable
                0x0000000000003226        0xa /home/albino/ti/tivaware/driverlib/gcc/libdriver.a(uart.o)
                0x0000000000003226                UARTSmartCardDisable
 .text.UARTModemControlSet
                0x0000000000003230        0xc /home/albino/ti/tivaware/driverlib/gcc/libdriver.a(uart.o)
                0x0000000000003230                UARTModemControlSet
 .text.UARTModemControlClear
                0x000000000000323c        0xe /home/albino/ti/tivaware/driverlib/gcc/libdriver.a(uart.o)
                0x000000000000323c                UARTModemControlClear
 .text.UARTModemControlGet
                0x000000000000324a        0x8 /home/albino/ti/tivaware/driverlib/gcc/libdriver.a(uart.o)
                0x000000000000324a                UARTModemControlGet
 .text.UARTModemStatusGet
                0x0000000000003252        0xa /home/albino/ti/tivaware/driverlib/gcc/libdriver.a(uart.o)
                0x0000000000003252                UARTModemStatusGet
 .text.UARTFlowControlSet
                0x000000000000325c        0xc /home/albino/ti/tivaware/driverlib/gcc/libdriver.a(uart.o)
                0x000000000000325c                UARTFlowControlSet
 .text.UARTFlowControlGet
                0x0000000000003268        0x8 /home/albino/ti/tivaware/driverlib/gcc/libdriver.a(uart.o)
                0x0000000000003268                UARTFlowControlGet
 .text.UARTTxIntModeSet
                0x0000000000003270        0xc /home/albino/ti/tivaware/driverlib/gcc/libdriver.a(uart.o)
                0x0000000000003270                UARTTxIntModeSet
 .text.UARTTxIntModeGet
                0x000000000000327c        0x8 /home/albino/ti/tivaware/driverlib/gcc/libdriver.a(uart.o)
                0x000000000000327c                UARTTxIntModeGet
 .text.UARTCharsAvail
                0x0000000000003284        0xc /home/albino/ti/tivaware/driverlib/gcc/libdriver.a(uart.o)
                0x0000000000003284                UARTCharsAvail
 .text.UARTSpaceAvail
                0x0000000000003290        0xc /home/albino/ti/tivaware/driverlib/gcc/libdriver.a(uart.o)
                0x0000000000003290                UARTSpaceAvail
 .text.UARTCharGetNonBlocking
                0x000000000000329c        0xe /home/albino/ti/tivaware/driverlib/gcc/libdriver.a(uart.o)
                0x000000000000329c                UARTCharGetNonBlocking
 .text.UARTCharGet
                0x00000000000032aa        0xa /home/albino/ti/tivaware/driverlib/gcc/libdriver.a(uart.o)
                0x00000000000032aa                UARTCharGet
 .text.UARTCharPutNonBlocking
                0x00000000000032b4       0x10 /home/albino/ti/tivaware/driverlib/gcc/libdriver.a(uart.o)
                0x00000000000032b4                UARTCharPutNonBlocking
 .text.UARTCharPut
                0x00000000000032c4        0xa /home/albino/ti/tivaware/driverlib/gcc/libdriver.a(uart.o)
                0x00000000000032c4                UARTCharPut
 .text.UARTBreakCtl
                0x00000000000032ce       0x16 /home/albino/ti/tivaware/driverlib/gcc/libdriver.a(uart.o)
                0x00000000000032ce                UARTBreakCtl
 .text.UARTBusy
                0x00000000000032e4        0x8 /home/albino/ti/tivaware/driverlib/gcc/libdriver.a(uart.o)
                0x00000000000032e4                UARTBusy
 .text.UARTIntRegister
                0x00000000000032ec       0x1a /home/albino/ti/tivaware/driverlib/gcc/libdriver.a(uart.o)
                0x00000000000032ec                UARTIntRegister
 .text.UARTIntUnregister
                0x0000000000003306       0x16 /home/albino/ti/tivaware/driverlib/gcc/libdriver.a(uart.o)
                0x0000000000003306                UARTIntUnregister
 .text.UARTIntEnable
                0x000000000000331c        0x8 /home/albino/ti/tivaware/driverlib/gcc/libdriver.a(uart.o)
                0x000000000000331c                UARTIntEnable
 .text.UARTIntDisable
                0x0000000000003324        0xa /home/albino/ti/tivaware/driverlib/gcc/libdriver.a(uart.o)
                0x0000000000003324                UARTIntDisable
 .text.UARTIntStatus
                0x000000000000332e        0xa /home/albino/ti/tivaware/driverlib/gcc/libdriver.a(uart.o)
                0x000000000000332e                UARTIntStatus
 .text.UARTIntClear
                0x0000000000003338        0x4 /home/albino/ti/tivaware/driverlib/gcc/libdriver.a(uart.o)
                0x0000000000003338                UARTIntClear
 .text.UARTDMAEnable
                0x000000000000333c        0x8 /home/albino/ti/tivaware/driverlib/gcc/libdriver.a(uart.o)
                0x000000000000333c                UARTDMAEnable
 .text.UARTDMADisable
                0x0000000000003344        0xa /home/albino/ti/tivaware/driverlib/gcc/libdriver.a(uart.o)
                0x0000000000003344                UARTDMADisable
 .text.UARTRxErrorGet
                0x000000000000334e        0x8 /home/albino/ti/tivaware/driverlib/gcc/libdriver.a(uart.o)
                0x000000000000334e                UARTRxErrorGet
 .text.UARTRxErrorClear
                0x0000000000003356        0x6 /home/albino/ti/tivaware/driverlib/gcc/libdriver.a(uart.o)
                0x0000000000003356                UARTRxErrorClear
 .text.UARTClockSourceSet
                0x000000000000335c        0x6 /home/albino/ti/tivaware/driverlib/gcc/libdriver.a(uart.o)
                0x000000000000335c                UARTClockSourceSet
 .text.UARTClockSourceGet
                0x0000000000003362        0x6 /home/albino/ti/tivaware/driverlib/gcc/libdriver.a(uart.o)
                0x0000000000003362                UARTClockSourceGet
 .text.UART9BitEnable
                0x0000000000003368        0xe /home/albino/ti/tivaware/driverlib/gcc/libdriver.a(uart.o)
                0x0000000000003368                UART9BitEnable
 .text.UART9BitDisable
                0x0000000000003376        0xe /home/albino/ti/tivaware/driverlib/gcc/libdriver.a(uart.o)
                0x0000000000003376                UART9BitDisable
 .text.UART9BitAddrSet
                0x0000000000003384        0xa /home/albino/ti/tivaware/driverlib/gcc/libdriver.a(uart.o)
                0x0000000000003384                UART9BitAddrSet
 .text.UART9BitAddrSend
                0x000000000000338e       0x2c /home/albino/ti/tivaware/driverlib/gcc/libdriver.a(uart.o)
                0x000000000000338e                UART9BitAddrSend
 .text.UARTLoopbackEnable
                0x00000000000033ba        0xa /home/albino/ti/tivaware/driverlib/gcc/libdriver.a(uart.o)
                0x00000000000033ba                UARTLoopbackEnable
 .text.CPUcpsid
                0x00000000000033c4        0x8 /home/albino/ti/tivaware/driverlib/gcc/libdriver.a(cpu.o)
                0x00000000000033c4                CPUcpsid
 .text.CPUprimask
                0x00000000000033cc        0x6 /home/albino/ti/tivaware/driverlib/gcc/libdriver.a(cpu.o)
                0x00000000000033cc                CPUprimask
 .text.CPUcpsie
                0x00000000000033d2        0x8 /home/albino/ti/tivaware/driverlib/gcc/libdriver.a(cpu.o)
                0x00000000000033d2                CPUcpsie
 .text.CPUwfi   0x00000000000033da        0x4 /home/albino/ti/tivaware/driverlib/gcc/libdriver.a(cpu.o)
                0x00000000000033da                CPUwfi
 .text.CPUbasepriSet
                0x00000000000033de        0x6 /home/albino/ti/tivaware/driverlib/gcc/libdriver.a(cpu.o)
                0x00000000000033de                CPUbasepriSet
 .text.CPUbasepriGet
                0x00000000000033e4        0x6 /home/albino/ti/tivaware/driverlib/gcc/libdriver.a(cpu.o)
                0x00000000000033e4                CPUbasepriGet
 *fill*         0x00000000000033ea        0x2 
 .text.exit     0x00000000000033ec       0x20 /home/albino/ti/ccs1020/ccs/tools/compiler/gcc-arm-none-eabi-7-2017-q4-major/bin/../lib/gcc/arm-none-eabi/7.2.1/../../../../arm-none-eabi/lib/thumb/v7e-m/fpv4-sp/hard/libg.a(lib_a-exit.o)
                0x00000000000033ec                exit
 .text.__libc_init_array
                0x000000000000340c       0x48 /home/albino/ti/ccs1020/ccs/tools/compiler/gcc-arm-none-eabi-7-2017-q4-major/bin/../lib/gcc/arm-none-eabi/7.2.1/../../../../arm-none-eabi/lib/thumb/v7e-m/fpv4-sp/hard/libg.a(lib_a-init.o)
                0x000000000000340c                __libc_init_array
 .text.memset   0x0000000000003454       0x94 /home/albino/ti/ccs1020/ccs/tools/compiler/gcc-arm-none-eabi-7-2017-q4-major/bin/../lib/gcc/arm-none-eabi/7.2.1/../../../../arm-none-eabi/lib/thumb/v7e-m/fpv4-sp/hard/libg.a(lib_a-memset.o)
                0x0000000000003454                memset
 .text._printf_r
                0x00000000000034e8       0x20 /home/albino/ti/ccs1020/ccs/tools/compiler/gcc-arm-none-eabi-7-2017-q4-major/bin/../lib/gcc/arm-none-eabi/7.2.1/../../../../arm-none-eabi/lib/thumb/v7e-m/fpv4-sp/hard/libg.a(lib_a-printf.o)
                0x00000000000034e8                _printf_r
 .text.printf   0x0000000000003508       0x28 /home/albino/ti/ccs1020/ccs/tools/compiler/gcc-arm-none-eabi-7-2017-q4-major/bin/../lib/gcc/arm-none-eabi/7.2.1/../../../../arm-none-eabi/lib/thumb/v7e-m/fpv4-sp/hard/libg.a(lib_a-printf.o)
                0x0000000000003508                printf
 .text._puts_r  0x0000000000003530       0x9c /home/albino/ti/ccs1020/ccs/tools/compiler/gcc-arm-none-eabi-7-2017-q4-major/bin/../lib/gcc/arm-none-eabi/7.2.1/../../../../arm-none-eabi/lib/thumb/v7e-m/fpv4-sp/hard/libg.a(lib_a-puts.o)
                0x0000000000003530                _puts_r
 .text.puts     0x00000000000035cc       0x10 /home/albino/ti/ccs1020/ccs/tools/compiler/gcc-arm-none-eabi-7-2017-q4-major/bin/../lib/gcc/arm-none-eabi/7.2.1/../../../../arm-none-eabi/lib/thumb/v7e-m/fpv4-sp/hard/libg.a(lib_a-puts.o)
                0x00000000000035cc                puts
 *fill*         0x00000000000035dc        0x4 
 .text._vfprintf_r
                0x00000000000035e0     0x150c /home/albino/ti/ccs1020/ccs/tools/compiler/gcc-arm-none-eabi-7-2017-q4-major/bin/../lib/gcc/arm-none-eabi/7.2.1/../../../../arm-none-eabi/lib/thumb/v7e-m/fpv4-sp/hard/libg.a(lib_a-vfprintf.o)
                0x00000000000035e0                _vfprintf_r
 .text.vfprintf
                0x0000000000004aec       0x18 /home/albino/ti/ccs1020/ccs/tools/compiler/gcc-arm-none-eabi-7-2017-q4-major/bin/../lib/gcc/arm-none-eabi/7.2.1/../../../../arm-none-eabi/lib/thumb/v7e-m/fpv4-sp/hard/libg.a(lib_a-vfprintf.o)
                0x0000000000004aec                vfprintf
 .text.__sbprintf
                0x0000000000004b04       0x84 /home/albino/ti/ccs1020/ccs/tools/compiler/gcc-arm-none-eabi-7-2017-q4-major/bin/../lib/gcc/arm-none-eabi/7.2.1/../../../../arm-none-eabi/lib/thumb/v7e-m/fpv4-sp/hard/libg.a(lib_a-vfprintf.o)
 .text.__swsetup_r
                0x0000000000004b88       0xcc /home/albino/ti/ccs1020/ccs/tools/compiler/gcc-arm-none-eabi-7-2017-q4-major/bin/../lib/gcc/arm-none-eabi/7.2.1/../../../../arm-none-eabi/lib/thumb/v7e-m/fpv4-sp/hard/libg.a(lib_a-wsetup.o)
                0x0000000000004b88                __swsetup_r
 .text.startup.register_fini
                0x0000000000004c54       0x14 /home/albino/ti/ccs1020/ccs/tools/compiler/gcc-arm-none-eabi-7-2017-q4-major/bin/../lib/gcc/arm-none-eabi/7.2.1/../../../../arm-none-eabi/lib/thumb/v7e-m/fpv4-sp/hard/libg.a(lib_a-__call_atexit.o)
 .text.__call_exitprocs
                0x0000000000004c68       0xe8 /home/albino/ti/ccs1020/ccs/tools/compiler/gcc-arm-none-eabi-7-2017-q4-major/bin/../lib/gcc/arm-none-eabi/7.2.1/../../../../arm-none-eabi/lib/thumb/v7e-m/fpv4-sp/hard/libg.a(lib_a-__call_atexit.o)
                0x0000000000004c68                __call_exitprocs
 .text.atexit   0x0000000000004d50        0xc /home/albino/ti/ccs1020/ccs/tools/compiler/gcc-arm-none-eabi-7-2017-q4-major/bin/../lib/gcc/arm-none-eabi/7.2.1/../../../../arm-none-eabi/lib/thumb/v7e-m/fpv4-sp/hard/libg.a(lib_a-atexit.o)
                0x0000000000004d50                atexit
 .text.quorem   0x0000000000004d5c      0x124 /home/albino/ti/ccs1020/ccs/tools/compiler/gcc-arm-none-eabi-7-2017-q4-major/bin/../lib/gcc/arm-none-eabi/7.2.1/../../../../arm-none-eabi/lib/thumb/v7e-m/fpv4-sp/hard/libg.a(lib_a-dtoa.o)
 .text._dtoa_r  0x0000000000004e80      0xe28 /home/albino/ti/ccs1020/ccs/tools/compiler/gcc-arm-none-eabi-7-2017-q4-major/bin/../lib/gcc/arm-none-eabi/7.2.1/../../../../arm-none-eabi/lib/thumb/v7e-m/fpv4-sp/hard/libg.a(lib_a-dtoa.o)
                0x0000000000004e80                _dtoa_r
 .text.__sflush_r
                0x0000000000005ca8      0x154 /home/albino/ti/ccs1020/ccs/tools/compiler/gcc-arm-none-eabi-7-2017-q4-major/bin/../lib/gcc/arm-none-eabi/7.2.1/../../../../arm-none-eabi/lib/thumb/v7e-m/fpv4-sp/hard/libg.a(lib_a-fflush.o)
                0x0000000000005ca8                __sflush_r
 .text._fflush_r
                0x0000000000005dfc       0x5c /home/albino/ti/ccs1020/ccs/tools/compiler/gcc-arm-none-eabi-7-2017-q4-major/bin/../lib/gcc/arm-none-eabi/7.2.1/../../../../arm-none-eabi/lib/thumb/v7e-m/fpv4-sp/hard/libg.a(lib_a-fflush.o)
                0x0000000000005dfc                _fflush_r
 .text.fflush   0x0000000000005e58       0x24 /home/albino/ti/ccs1020/ccs/tools/compiler/gcc-arm-none-eabi-7-2017-q4-major/bin/../lib/gcc/arm-none-eabi/7.2.1/../../../../arm-none-eabi/lib/thumb/v7e-m/fpv4-sp/hard/libg.a(lib_a-fflush.o)
                0x0000000000005e58                fflush
 .text.std      0x0000000000005e7c       0x50 /home/albino/ti/ccs1020/ccs/tools/compiler/gcc-arm-none-eabi-7-2017-q4-major/bin/../lib/gcc/arm-none-eabi/7.2.1/../../../../arm-none-eabi/lib/thumb/v7e-m/fpv4-sp/hard/libg.a(lib_a-findfp.o)
 .text._cleanup_r
                0x0000000000005ecc        0xc /home/albino/ti/ccs1020/ccs/tools/compiler/gcc-arm-none-eabi-7-2017-q4-major/bin/../lib/gcc/arm-none-eabi/7.2.1/../../../../arm-none-eabi/lib/thumb/v7e-m/fpv4-sp/hard/libg.a(lib_a-findfp.o)
                0x0000000000005ecc                _cleanup_r
 .text.__fp_lock
                0x0000000000005ed8       0x1c /home/albino/ti/ccs1020/ccs/tools/compiler/gcc-arm-none-eabi-7-2017-q4-major/bin/../lib/gcc/arm-none-eabi/7.2.1/../../../../arm-none-eabi/lib/thumb/v7e-m/fpv4-sp/hard/libg.a(lib_a-findfp.o)
 .text.__fp_unlock
                0x0000000000005ef4       0x1c /home/albino/ti/ccs1020/ccs/tools/compiler/gcc-arm-none-eabi-7-2017-q4-major/bin/../lib/gcc/arm-none-eabi/7.2.1/../../../../arm-none-eabi/lib/thumb/v7e-m/fpv4-sp/hard/libg.a(lib_a-findfp.o)
 .text.__sfmoreglue
                0x0000000000005f10       0x30 /home/albino/ti/ccs1020/ccs/tools/compiler/gcc-arm-none-eabi-7-2017-q4-major/bin/../lib/gcc/arm-none-eabi/7.2.1/../../../../arm-none-eabi/lib/thumb/v7e-m/fpv4-sp/hard/libg.a(lib_a-findfp.o)
                0x0000000000005f10                __sfmoreglue
 .text._cleanup
                0x0000000000005f40       0x14 /home/albino/ti/ccs1020/ccs/tools/compiler/gcc-arm-none-eabi-7-2017-q4-major/bin/../lib/gcc/arm-none-eabi/7.2.1/../../../../arm-none-eabi/lib/thumb/v7e-m/fpv4-sp/hard/libg.a(lib_a-findfp.o)
                0x0000000000005f40                _cleanup
 .text.__sinit  0x0000000000005f54       0x58 /home/albino/ti/ccs1020/ccs/tools/compiler/gcc-arm-none-eabi-7-2017-q4-major/bin/../lib/gcc/arm-none-eabi/7.2.1/../../../../arm-none-eabi/lib/thumb/v7e-m/fpv4-sp/hard/libg.a(lib_a-findfp.o)
                0x0000000000005f54                __sinit
 .text.__sfp    0x0000000000005fac       0xa4 /home/albino/ti/ccs1020/ccs/tools/compiler/gcc-arm-none-eabi-7-2017-q4-major/bin/../lib/gcc/arm-none-eabi/7.2.1/../../../../arm-none-eabi/lib/thumb/v7e-m/fpv4-sp/hard/libg.a(lib_a-findfp.o)
                0x0000000000005fac                __sfp
 .text.__sfp_lock_acquire
                0x0000000000006050        0xc /home/albino/ti/ccs1020/ccs/tools/compiler/gcc-arm-none-eabi-7-2017-q4-major/bin/../lib/gcc/arm-none-eabi/7.2.1/../../../../arm-none-eabi/lib/thumb/v7e-m/fpv4-sp/hard/libg.a(lib_a-findfp.o)
                0x0000000000006050                __sfp_lock_acquire
 .text.__sfp_lock_release
                0x000000000000605c        0xc /home/albino/ti/ccs1020/ccs/tools/compiler/gcc-arm-none-eabi-7-2017-q4-major/bin/../lib/gcc/arm-none-eabi/7.2.1/../../../../arm-none-eabi/lib/thumb/v7e-m/fpv4-sp/hard/libg.a(lib_a-findfp.o)
                0x000000000000605c                __sfp_lock_release
 .text.__sinit_lock_acquire
                0x0000000000006068        0xc /home/albino/ti/ccs1020/ccs/tools/compiler/gcc-arm-none-eabi-7-2017-q4-major/bin/../lib/gcc/arm-none-eabi/7.2.1/../../../../arm-none-eabi/lib/thumb/v7e-m/fpv4-sp/hard/libg.a(lib_a-findfp.o)
                0x0000000000006068                __sinit_lock_acquire
 .text.__sinit_lock_release
                0x0000000000006074        0xc /home/albino/ti/ccs1020/ccs/tools/compiler/gcc-arm-none-eabi-7-2017-q4-major/bin/../lib/gcc/arm-none-eabi/7.2.1/../../../../arm-none-eabi/lib/thumb/v7e-m/fpv4-sp/hard/libg.a(lib_a-findfp.o)
                0x0000000000006074                __sinit_lock_release
 .text.__fp_lock_all
                0x0000000000006080       0x24 /home/albino/ti/ccs1020/ccs/tools/compiler/gcc-arm-none-eabi-7-2017-q4-major/bin/../lib/gcc/arm-none-eabi/7.2.1/../../../../arm-none-eabi/lib/thumb/v7e-m/fpv4-sp/hard/libg.a(lib_a-findfp.o)
                0x0000000000006080                __fp_lock_all
 .text.__fp_unlock_all
                0x00000000000060a4       0x24 /home/albino/ti/ccs1020/ccs/tools/compiler/gcc-arm-none-eabi-7-2017-q4-major/bin/../lib/gcc/arm-none-eabi/7.2.1/../../../../arm-none-eabi/lib/thumb/v7e-m/fpv4-sp/hard/libg.a(lib_a-findfp.o)
                0x00000000000060a4                __fp_unlock_all
 .text.__libc_fini_array
                0x00000000000060c8       0x34 /home/albino/ti/ccs1020/ccs/tools/compiler/gcc-arm-none-eabi-7-2017-q4-major/bin/../lib/gcc/arm-none-eabi/7.2.1/../../../../arm-none-eabi/lib/thumb/v7e-m/fpv4-sp/hard/libg.a(lib_a-fini.o)
                0x00000000000060c8                __libc_fini_array
 .text._malloc_trim_r
                0x00000000000060fc       0xa0 /home/albino/ti/ccs1020/ccs/tools/compiler/gcc-arm-none-eabi-7-2017-q4-major/bin/../lib/gcc/arm-none-eabi/7.2.1/../../../../arm-none-eabi/lib/thumb/v7e-m/fpv4-sp/hard/libg.a(lib_a-freer.o)
                0x00000000000060fc                _malloc_trim_r
 .text._free_r  0x000000000000619c      0x1e8 /home/albino/ti/ccs1020/ccs/tools/compiler/gcc-arm-none-eabi-7-2017-q4-major/bin/../lib/gcc/arm-none-eabi/7.2.1/../../../../arm-none-eabi/lib/thumb/v7e-m/fpv4-sp/hard/libg.a(lib_a-freer.o)
                0x000000000000619c                _free_r
 .text.__sfvwrite_r
                0x0000000000006384      0x2fc /home/albino/ti/ccs1020/ccs/tools/compiler/gcc-arm-none-eabi-7-2017-q4-major/bin/../lib/gcc/arm-none-eabi/7.2.1/../../../../arm-none-eabi/lib/thumb/v7e-m/fpv4-sp/hard/libg.a(lib_a-fvwrite.o)
                0x0000000000006384                __sfvwrite_r
 .text._fwalk   0x0000000000006680       0x4c /home/albino/ti/ccs1020/ccs/tools/compiler/gcc-arm-none-eabi-7-2017-q4-major/bin/../lib/gcc/arm-none-eabi/7.2.1/../../../../arm-none-eabi/lib/thumb/v7e-m/fpv4-sp/hard/libg.a(lib_a-fwalk.o)
                0x0000000000006680                _fwalk
 .text._fwalk_reent
                0x00000000000066cc       0x54 /home/albino/ti/ccs1020/ccs/tools/compiler/gcc-arm-none-eabi-7-2017-q4-major/bin/../lib/gcc/arm-none-eabi/7.2.1/../../../../arm-none-eabi/lib/thumb/v7e-m/fpv4-sp/hard/libg.a(lib_a-fwalk.o)
                0x00000000000066cc                _fwalk_reent
 .text.__localeconv_l
                0x0000000000006720        0x4 /home/albino/ti/ccs1020/ccs/tools/compiler/gcc-arm-none-eabi-7-2017-q4-major/bin/../lib/gcc/arm-none-eabi/7.2.1/../../../../arm-none-eabi/lib/thumb/v7e-m/fpv4-sp/hard/libg.a(lib_a-localeconv.o)
                0x0000000000006720                __localeconv_l
 .text._localeconv_r
                0x0000000000006724       0x1c /home/albino/ti/ccs1020/ccs/tools/compiler/gcc-arm-none-eabi-7-2017-q4-major/bin/../lib/gcc/arm-none-eabi/7.2.1/../../../../arm-none-eabi/lib/thumb/v7e-m/fpv4-sp/hard/libg.a(lib_a-localeconv.o)
                0x0000000000006724                _localeconv_r
 .text.localeconv
                0x0000000000006740       0x1c /home/albino/ti/ccs1020/ccs/tools/compiler/gcc-arm-none-eabi-7-2017-q4-major/bin/../lib/gcc/arm-none-eabi/7.2.1/../../../../arm-none-eabi/lib/thumb/v7e-m/fpv4-sp/hard/libg.a(lib_a-localeconv.o)
                0x0000000000006740                localeconv
 .text.__retarget_lock_init
                0x000000000000675c        0x4 /home/albino/ti/ccs1020/ccs/tools/compiler/gcc-arm-none-eabi-7-2017-q4-major/bin/../lib/gcc/arm-none-eabi/7.2.1/../../../../arm-none-eabi/lib/thumb/v7e-m/fpv4-sp/hard/libg.a(lib_a-lock.o)
                0x000000000000675c                __retarget_lock_init
 .text.__retarget_lock_init_recursive
                0x0000000000006760        0x4 /home/albino/ti/ccs1020/ccs/tools/compiler/gcc-arm-none-eabi-7-2017-q4-major/bin/../lib/gcc/arm-none-eabi/7.2.1/../../../../arm-none-eabi/lib/thumb/v7e-m/fpv4-sp/hard/libg.a(lib_a-lock.o)
                0x0000000000006760                __retarget_lock_init_recursive
 .text.__retarget_lock_close
                0x0000000000006764        0x4 /home/albino/ti/ccs1020/ccs/tools/compiler/gcc-arm-none-eabi-7-2017-q4-major/bin/../lib/gcc/arm-none-eabi/7.2.1/../../../../arm-none-eabi/lib/thumb/v7e-m/fpv4-sp/hard/libg.a(lib_a-lock.o)
                0x0000000000006764                __retarget_lock_close
 .text.__retarget_lock_close_recursive
                0x0000000000006768        0x4 /home/albino/ti/ccs1020/ccs/tools/compiler/gcc-arm-none-eabi-7-2017-q4-major/bin/../lib/gcc/arm-none-eabi/7.2.1/../../../../arm-none-eabi/lib/thumb/v7e-m/fpv4-sp/hard/libg.a(lib_a-lock.o)
                0x0000000000006768                __retarget_lock_close_recursive
 .text.__retarget_lock_acquire
                0x000000000000676c        0x4 /home/albino/ti/ccs1020/ccs/tools/compiler/gcc-arm-none-eabi-7-2017-q4-major/bin/../lib/gcc/arm-none-eabi/7.2.1/../../../../arm-none-eabi/lib/thumb/v7e-m/fpv4-sp/hard/libg.a(lib_a-lock.o)
                0x000000000000676c                __retarget_lock_acquire
 .text.__retarget_lock_acquire_recursive
                0x0000000000006770        0x4 /home/albino/ti/ccs1020/ccs/tools/compiler/gcc-arm-none-eabi-7-2017-q4-major/bin/../lib/gcc/arm-none-eabi/7.2.1/../../../../arm-none-eabi/lib/thumb/v7e-m/fpv4-sp/hard/libg.a(lib_a-lock.o)
                0x0000000000006770                __retarget_lock_acquire_recursive
 .text.__retarget_lock_try_acquire
                0x0000000000006774        0x4 /home/albino/ti/ccs1020/ccs/tools/compiler/gcc-arm-none-eabi-7-2017-q4-major/bin/../lib/gcc/arm-none-eabi/7.2.1/../../../../arm-none-eabi/lib/thumb/v7e-m/fpv4-sp/hard/libg.a(lib_a-lock.o)
                0x0000000000006774                __retarget_lock_try_acquire
 .text.__retarget_lock_try_acquire_recursive
                0x0000000000006778        0x4 /home/albino/ti/ccs1020/ccs/tools/compiler/gcc-arm-none-eabi-7-2017-q4-major/bin/../lib/gcc/arm-none-eabi/7.2.1/../../../../arm-none-eabi/lib/thumb/v7e-m/fpv4-sp/hard/libg.a(lib_a-lock.o)
                0x0000000000006778                __retarget_lock_try_acquire_recursive
 .text.__retarget_lock_release
                0x000000000000677c        0x4 /home/albino/ti/ccs1020/ccs/tools/compiler/gcc-arm-none-eabi-7-2017-q4-major/bin/../lib/gcc/arm-none-eabi/7.2.1/../../../../arm-none-eabi/lib/thumb/v7e-m/fpv4-sp/hard/libg.a(lib_a-lock.o)
                0x000000000000677c                __retarget_lock_release
 .text.__retarget_lock_release_recursive
                0x0000000000006780        0x4 /home/albino/ti/ccs1020/ccs/tools/compiler/gcc-arm-none-eabi-7-2017-q4-major/bin/../lib/gcc/arm-none-eabi/7.2.1/../../../../arm-none-eabi/lib/thumb/v7e-m/fpv4-sp/hard/libg.a(lib_a-lock.o)
                0x0000000000006780                __retarget_lock_release_recursive
 .text.__swhatbuf_r
                0x0000000000006784       0x5c /home/albino/ti/ccs1020/ccs/tools/compiler/gcc-arm-none-eabi-7-2017-q4-major/bin/../lib/gcc/arm-none-eabi/7.2.1/../../../../arm-none-eabi/lib/thumb/v7e-m/fpv4-sp/hard/libg.a(lib_a-makebuf.o)
                0x0000000000006784                __swhatbuf_r
 .text.__smakebuf_r
                0x00000000000067e0       0x94 /home/albino/ti/ccs1020/ccs/tools/compiler/gcc-arm-none-eabi-7-2017-q4-major/bin/../lib/gcc/arm-none-eabi/7.2.1/../../../../arm-none-eabi/lib/thumb/v7e-m/fpv4-sp/hard/libg.a(lib_a-makebuf.o)
                0x00000000000067e0                __smakebuf_r
 .text._malloc_r
                0x0000000000006874      0x548 /home/albino/ti/ccs1020/ccs/tools/compiler/gcc-arm-none-eabi-7-2017-q4-major/bin/../lib/gcc/arm-none-eabi/7.2.1/../../../../arm-none-eabi/lib/thumb/v7e-m/fpv4-sp/hard/libg.a(lib_a-mallocr.o)
                0x0000000000006874                _malloc_r
 .text.memmove  0x0000000000006dbc       0xc8 /home/albino/ti/ccs1020/ccs/tools/compiler/gcc-arm-none-eabi-7-2017-q4-major/bin/../lib/gcc/arm-none-eabi/7.2.1/../../../../arm-none-eabi/lib/thumb/v7e-m/fpv4-sp/hard/libg.a(lib_a-memmove.o)
                0x0000000000006dbc                memmove
 .text.__malloc_lock
                0x0000000000006e84        0xc /home/albino/ti/ccs1020/ccs/tools/compiler/gcc-arm-none-eabi-7-2017-q4-major/bin/../lib/gcc/arm-none-eabi/7.2.1/../../../../arm-none-eabi/lib/thumb/v7e-m/fpv4-sp/hard/libg.a(lib_a-mlock.o)
                0x0000000000006e84                __malloc_lock
 .text.__malloc_unlock
                0x0000000000006e90        0xc /home/albino/ti/ccs1020/ccs/tools/compiler/gcc-arm-none-eabi-7-2017-q4-major/bin/../lib/gcc/arm-none-eabi/7.2.1/../../../../arm-none-eabi/lib/thumb/v7e-m/fpv4-sp/hard/libg.a(lib_a-mlock.o)
                0x0000000000006e90                __malloc_unlock
 .text._Balloc  0x0000000000006e9c       0x4c /home/albino/ti/ccs1020/ccs/tools/compiler/gcc-arm-none-eabi-7-2017-q4-major/bin/../lib/gcc/arm-none-eabi/7.2.1/../../../../arm-none-eabi/lib/thumb/v7e-m/fpv4-sp/hard/libg.a(lib_a-mprec.o)
                0x0000000000006e9c                _Balloc
 .text._Bfree   0x0000000000006ee8       0x14 /home/albino/ti/ccs1020/ccs/tools/compiler/gcc-arm-none-eabi-7-2017-q4-major/bin/../lib/gcc/arm-none-eabi/7.2.1/../../../../arm-none-eabi/lib/thumb/v7e-m/fpv4-sp/hard/libg.a(lib_a-mprec.o)
                0x0000000000006ee8                _Bfree
 .text.__multadd
                0x0000000000006efc       0x80 /home/albino/ti/ccs1020/ccs/tools/compiler/gcc-arm-none-eabi-7-2017-q4-major/bin/../lib/gcc/arm-none-eabi/7.2.1/../../../../arm-none-eabi/lib/thumb/v7e-m/fpv4-sp/hard/libg.a(lib_a-mprec.o)
                0x0000000000006efc                __multadd
 .text.__s2b    0x0000000000006f7c       0x98 /home/albino/ti/ccs1020/ccs/tools/compiler/gcc-arm-none-eabi-7-2017-q4-major/bin/../lib/gcc/arm-none-eabi/7.2.1/../../../../arm-none-eabi/lib/thumb/v7e-m/fpv4-sp/hard/libg.a(lib_a-mprec.o)
                0x0000000000006f7c                __s2b
 .text.__hi0bits
                0x0000000000007014       0x40 /home/albino/ti/ccs1020/ccs/tools/compiler/gcc-arm-none-eabi-7-2017-q4-major/bin/../lib/gcc/arm-none-eabi/7.2.1/../../../../arm-none-eabi/lib/thumb/v7e-m/fpv4-sp/hard/libg.a(lib_a-mprec.o)
                0x0000000000007014                __hi0bits
 .text.__lo0bits
                0x0000000000007054       0x60 /home/albino/ti/ccs1020/ccs/tools/compiler/gcc-arm-none-eabi-7-2017-q4-major/bin/../lib/gcc/arm-none-eabi/7.2.1/../../../../arm-none-eabi/lib/thumb/v7e-m/fpv4-sp/hard/libg.a(lib_a-mprec.o)
                0x0000000000007054                __lo0bits
 .text.__i2b    0x00000000000070b4       0x14 /home/albino/ti/ccs1020/ccs/tools/compiler/gcc-arm-none-eabi-7-2017-q4-major/bin/../lib/gcc/arm-none-eabi/7.2.1/../../../../arm-none-eabi/lib/thumb/v7e-m/fpv4-sp/hard/libg.a(lib_a-mprec.o)
                0x00000000000070b4                __i2b
 .text.__multiply
                0x00000000000070c8      0x14c /home/albino/ti/ccs1020/ccs/tools/compiler/gcc-arm-none-eabi-7-2017-q4-major/bin/../lib/gcc/arm-none-eabi/7.2.1/../../../../arm-none-eabi/lib/thumb/v7e-m/fpv4-sp/hard/libg.a(lib_a-mprec.o)
                0x00000000000070c8                __multiply
 .text.__pow5mult
                0x0000000000007214       0xa0 /home/albino/ti/ccs1020/ccs/tools/compiler/gcc-arm-none-eabi-7-2017-q4-major/bin/../lib/gcc/arm-none-eabi/7.2.1/../../../../arm-none-eabi/lib/thumb/v7e-m/fpv4-sp/hard/libg.a(lib_a-mprec.o)
                0x0000000000007214                __pow5mult
 .text.__lshift
                0x00000000000072b4       0xac /home/albino/ti/ccs1020/ccs/tools/compiler/gcc-arm-none-eabi-7-2017-q4-major/bin/../lib/gcc/arm-none-eabi/7.2.1/../../../../arm-none-eabi/lib/thumb/v7e-m/fpv4-sp/hard/libg.a(lib_a-mprec.o)
                0x00000000000072b4                __lshift
 .text.__mcmp   0x0000000000007360       0x38 /home/albino/ti/ccs1020/ccs/tools/compiler/gcc-arm-none-eabi-7-2017-q4-major/bin/../lib/gcc/arm-none-eabi/7.2.1/../../../../arm-none-eabi/lib/thumb/v7e-m/fpv4-sp/hard/libg.a(lib_a-mprec.o)
                0x0000000000007360                __mcmp
 .text.__mdiff  0x0000000000007398       0xec /home/albino/ti/ccs1020/ccs/tools/compiler/gcc-arm-none-eabi-7-2017-q4-major/bin/../lib/gcc/arm-none-eabi/7.2.1/../../../../arm-none-eabi/lib/thumb/v7e-m/fpv4-sp/hard/libg.a(lib_a-mprec.o)
                0x0000000000007398                __mdiff
 .text.__ulp    0x0000000000007484       0x54 /home/albino/ti/ccs1020/ccs/tools/compiler/gcc-arm-none-eabi-7-2017-q4-major/bin/../lib/gcc/arm-none-eabi/7.2.1/../../../../arm-none-eabi/lib/thumb/v7e-m/fpv4-sp/hard/libg.a(lib_a-mprec.o)
                0x0000000000007484                __ulp
 .text.__b2d    0x00000000000074d8       0xbc /home/albino/ti/ccs1020/ccs/tools/compiler/gcc-arm-none-eabi-7-2017-q4-major/bin/../lib/gcc/arm-none-eabi/7.2.1/../../../../arm-none-eabi/lib/thumb/v7e-m/fpv4-sp/hard/libg.a(lib_a-mprec.o)
                0x00000000000074d8                __b2d
 .text.__d2b    0x0000000000007594       0xc4 /home/albino/ti/ccs1020/ccs/tools/compiler/gcc-arm-none-eabi-7-2017-q4-major/bin/../lib/gcc/arm-none-eabi/7.2.1/../../../../arm-none-eabi/lib/thumb/v7e-m/fpv4-sp/hard/libg.a(lib_a-mprec.o)
                0x0000000000007594                __d2b
 .text.__ratio  0x0000000000007658       0x60 /home/albino/ti/ccs1020/ccs/tools/compiler/gcc-arm-none-eabi-7-2017-q4-major/bin/../lib/gcc/arm-none-eabi/7.2.1/../../../../arm-none-eabi/lib/thumb/v7e-m/fpv4-sp/hard/libg.a(lib_a-mprec.o)
                0x0000000000007658                __ratio
 .text._mprec_log10
                0x00000000000076b8       0x40 /home/albino/ti/ccs1020/ccs/tools/compiler/gcc-arm-none-eabi-7-2017-q4-major/bin/../lib/gcc/arm-none-eabi/7.2.1/../../../../arm-none-eabi/lib/thumb/v7e-m/fpv4-sp/hard/libg.a(lib_a-mprec.o)
                0x00000000000076b8                _mprec_log10
 .text.__copybits
                0x00000000000076f8       0x48 /home/albino/ti/ccs1020/ccs/tools/compiler/gcc-arm-none-eabi-7-2017-q4-major/bin/../lib/gcc/arm-none-eabi/7.2.1/../../../../arm-none-eabi/lib/thumb/v7e-m/fpv4-sp/hard/libg.a(lib_a-mprec.o)
                0x00000000000076f8                __copybits
 .text.__any_on
                0x0000000000007740       0x58 /home/albino/ti/ccs1020/ccs/tools/compiler/gcc-arm-none-eabi-7-2017-q4-major/bin/../lib/gcc/arm-none-eabi/7.2.1/../../../../arm-none-eabi/lib/thumb/v7e-m/fpv4-sp/hard/libg.a(lib_a-mprec.o)
                0x0000000000007740                __any_on
 .text._realloc_r
                0x0000000000007798      0x35c /home/albino/ti/ccs1020/ccs/tools/compiler/gcc-arm-none-eabi-7-2017-q4-major/bin/../lib/gcc/arm-none-eabi/7.2.1/../../../../arm-none-eabi/lib/thumb/v7e-m/fpv4-sp/hard/libg.a(lib_a-reallocr.o)
                0x0000000000007798                _realloc_r
 .text._sbrk_r  0x0000000000007af4       0x24 /home/albino/ti/ccs1020/ccs/tools/compiler/gcc-arm-none-eabi-7-2017-q4-major/bin/../lib/gcc/arm-none-eabi/7.2.1/../../../../arm-none-eabi/lib/thumb/v7e-m/fpv4-sp/hard/libg.a(lib_a-sbrkr.o)
                0x0000000000007af4                _sbrk_r
 .text.__sread  0x0000000000007b18       0x24 /home/albino/ti/ccs1020/ccs/tools/compiler/gcc-arm-none-eabi-7-2017-q4-major/bin/../lib/gcc/arm-none-eabi/7.2.1/../../../../arm-none-eabi/lib/thumb/v7e-m/fpv4-sp/hard/libg.a(lib_a-stdio.o)
                0x0000000000007b18                __sread
 .text.__seofread
                0x0000000000007b3c        0x4 /home/albino/ti/ccs1020/ccs/tools/compiler/gcc-arm-none-eabi-7-2017-q4-major/bin/../lib/gcc/arm-none-eabi/7.2.1/../../../../arm-none-eabi/lib/thumb/v7e-m/fpv4-sp/hard/libg.a(lib_a-stdio.o)
                0x0000000000007b3c                __seofread
 .text.__swrite
                0x0000000000007b40       0x3c /home/albino/ti/ccs1020/ccs/tools/compiler/gcc-arm-none-eabi-7-2017-q4-major/bin/../lib/gcc/arm-none-eabi/7.2.1/../../../../arm-none-eabi/lib/thumb/v7e-m/fpv4-sp/hard/libg.a(lib_a-stdio.o)
                0x0000000000007b40                __swrite
 .text.__sseek  0x0000000000007b7c       0x20 /home/albino/ti/ccs1020/ccs/tools/compiler/gcc-arm-none-eabi-7-2017-q4-major/bin/../lib/gcc/arm-none-eabi/7.2.1/../../../../arm-none-eabi/lib/thumb/v7e-m/fpv4-sp/hard/libg.a(lib_a-stdio.o)
                0x0000000000007b7c                __sseek
 .text.__sclose
                0x0000000000007b9c        0x8 /home/albino/ti/ccs1020/ccs/tools/compiler/gcc-arm-none-eabi-7-2017-q4-major/bin/../lib/gcc/arm-none-eabi/7.2.1/../../../../arm-none-eabi/lib/thumb/v7e-m/fpv4-sp/hard/libg.a(lib_a-stdio.o)
                0x0000000000007b9c                __sclose
 .text.__sprint_r.part.0
                0x0000000000007ba4       0x78 /home/albino/ti/ccs1020/ccs/tools/compiler/gcc-arm-none-eabi-7-2017-q4-major/bin/../lib/gcc/arm-none-eabi/7.2.1/../../../../arm-none-eabi/lib/thumb/v7e-m/fpv4-sp/hard/libg.a(lib_a-vfiprintf.o)
 .text.__sprint_r
                0x0000000000007c1c       0x14 /home/albino/ti/ccs1020/ccs/tools/compiler/gcc-arm-none-eabi-7-2017-q4-major/bin/../lib/gcc/arm-none-eabi/7.2.1/../../../../arm-none-eabi/lib/thumb/v7e-m/fpv4-sp/hard/libg.a(lib_a-vfiprintf.o)
                0x0000000000007c1c                __sprint_r
 .text._vfiprintf_r
                0x0000000000007c30      0xc24 /home/albino/ti/ccs1020/ccs/tools/compiler/gcc-arm-none-eabi-7-2017-q4-major/bin/../lib/gcc/arm-none-eabi/7.2.1/../../../../arm-none-eabi/lib/thumb/v7e-m/fpv4-sp/hard/libg.a(lib_a-vfiprintf.o)
                0x0000000000007c30                _vfiprintf_r
 .text.vfiprintf
                0x0000000000008854       0x18 /home/albino/ti/ccs1020/ccs/tools/compiler/gcc-arm-none-eabi-7-2017-q4-major/bin/../lib/gcc/arm-none-eabi/7.2.1/../../../../arm-none-eabi/lib/thumb/v7e-m/fpv4-sp/hard/libg.a(lib_a-vfiprintf.o)
                0x0000000000008854                vfiprintf
 .text.__sbprintf
                0x000000000000886c       0x84 /home/albino/ti/ccs1020/ccs/tools/compiler/gcc-arm-none-eabi-7-2017-q4-major/bin/../lib/gcc/arm-none-eabi/7.2.1/../../../../arm-none-eabi/lib/thumb/v7e-m/fpv4-sp/hard/libg.a(lib_a-vfiprintf.o)
 .text._write_r
                0x00000000000088f0       0x2c /home/albino/ti/ccs1020/ccs/tools/compiler/gcc-arm-none-eabi-7-2017-q4-major/bin/../lib/gcc/arm-none-eabi/7.2.1/../../../../arm-none-eabi/lib/thumb/v7e-m/fpv4-sp/hard/libg.a(lib_a-writer.o)
                0x00000000000088f0                _write_r
 .text.__register_exitproc
                0x000000000000891c       0xc0 /home/albino/ti/ccs1020/ccs/tools/compiler/gcc-arm-none-eabi-7-2017-q4-major/bin/../lib/gcc/arm-none-eabi/7.2.1/../../../../arm-none-eabi/lib/thumb/v7e-m/fpv4-sp/hard/libg.a(lib_a-__atexit.o)
                0x000000000000891c                __register_exitproc
 .text._calloc_r
                0x00000000000089dc       0x68 /home/albino/ti/ccs1020/ccs/tools/compiler/gcc-arm-none-eabi-7-2017-q4-major/bin/../lib/gcc/arm-none-eabi/7.2.1/../../../../arm-none-eabi/lib/thumb/v7e-m/fpv4-sp/hard/libg.a(lib_a-callocr.o)
                0x00000000000089dc                _calloc_r
 .text._close_r
                0x0000000000008a44       0x24 /home/albino/ti/ccs1020/ccs/tools/compiler/gcc-arm-none-eabi-7-2017-q4-major/bin/../lib/gcc/arm-none-eabi/7.2.1/../../../../arm-none-eabi/lib/thumb/v7e-m/fpv4-sp/hard/libg.a(lib_a-closer.o)
                0x0000000000008a44                _close_r
 .text._fclose_r
                0x0000000000008a68       0xd0 /home/albino/ti/ccs1020/ccs/tools/compiler/gcc-arm-none-eabi-7-2017-q4-major/bin/../lib/gcc/arm-none-eabi/7.2.1/../../../../arm-none-eabi/lib/thumb/v7e-m/fpv4-sp/hard/libg.a(lib_a-fclose.o)
                0x0000000000008a68                _fclose_r
 .text.fclose   0x0000000000008b38       0x10 /home/albino/ti/ccs1020/ccs/tools/compiler/gcc-arm-none-eabi-7-2017-q4-major/bin/../lib/gcc/arm-none-eabi/7.2.1/../../../../arm-none-eabi/lib/thumb/v7e-m/fpv4-sp/hard/libg.a(lib_a-fclose.o)
                0x0000000000008b38                fclose
 .text.__fputwc
                0x0000000000008b48       0xa0 /home/albino/ti/ccs1020/ccs/tools/compiler/gcc-arm-none-eabi-7-2017-q4-major/bin/../lib/gcc/arm-none-eabi/7.2.1/../../../../arm-none-eabi/lib/thumb/v7e-m/fpv4-sp/hard/libg.a(lib_a-fputwc.o)
                0x0000000000008b48                __fputwc
 .text._fputwc_r
                0x0000000000008be8       0x64 /home/albino/ti/ccs1020/ccs/tools/compiler/gcc-arm-none-eabi-7-2017-q4-major/bin/../lib/gcc/arm-none-eabi/7.2.1/../../../../arm-none-eabi/lib/thumb/v7e-m/fpv4-sp/hard/libg.a(lib_a-fputwc.o)
                0x0000000000008be8                _fputwc_r
 .text.fputwc   0x0000000000008c4c       0x38 /home/albino/ti/ccs1020/ccs/tools/compiler/gcc-arm-none-eabi-7-2017-q4-major/bin/../lib/gcc/arm-none-eabi/7.2.1/../../../../arm-none-eabi/lib/thumb/v7e-m/fpv4-sp/hard/libg.a(lib_a-fputwc.o)
                0x0000000000008c4c                fputwc
 .text._fstat_r
                0x0000000000008c84       0x28 /home/albino/ti/ccs1020/ccs/tools/compiler/gcc-arm-none-eabi-7-2017-q4-major/bin/../lib/gcc/arm-none-eabi/7.2.1/../../../../arm-none-eabi/lib/thumb/v7e-m/fpv4-sp/hard/libg.a(lib_a-fstatr.o)
                0x0000000000008c84                _fstat_r
 .text._isatty_r
                0x0000000000008cac       0x24 /home/albino/ti/ccs1020/ccs/tools/compiler/gcc-arm-none-eabi-7-2017-q4-major/bin/../lib/gcc/arm-none-eabi/7.2.1/../../../../arm-none-eabi/lib/thumb/v7e-m/fpv4-sp/hard/libg.a(lib_a-isattyr.o)
                0x0000000000008cac                _isatty_r
 .text._setlocale_r
                0x0000000000008cd0       0x40 /home/albino/ti/ccs1020/ccs/tools/compiler/gcc-arm-none-eabi-7-2017-q4-major/bin/../lib/gcc/arm-none-eabi/7.2.1/../../../../arm-none-eabi/lib/thumb/v7e-m/fpv4-sp/hard/libg.a(lib_a-locale.o)
                0x0000000000008cd0                _setlocale_r
 .text.__locale_mb_cur_max
                0x0000000000008d10       0x1c /home/albino/ti/ccs1020/ccs/tools/compiler/gcc-arm-none-eabi-7-2017-q4-major/bin/../lib/gcc/arm-none-eabi/7.2.1/../../../../arm-none-eabi/lib/thumb/v7e-m/fpv4-sp/hard/libg.a(lib_a-locale.o)
                0x0000000000008d10                __locale_mb_cur_max
 .text.__locale_ctype_ptr_l
                0x0000000000008d2c        0x8 /home/albino/ti/ccs1020/ccs/tools/compiler/gcc-arm-none-eabi-7-2017-q4-major/bin/../lib/gcc/arm-none-eabi/7.2.1/../../../../arm-none-eabi/lib/thumb/v7e-m/fpv4-sp/hard/libg.a(lib_a-locale.o)
                0x0000000000008d2c                __locale_ctype_ptr_l
 .text.__locale_ctype_ptr
                0x0000000000008d34       0x1c /home/albino/ti/ccs1020/ccs/tools/compiler/gcc-arm-none-eabi-7-2017-q4-major/bin/../lib/gcc/arm-none-eabi/7.2.1/../../../../arm-none-eabi/lib/thumb/v7e-m/fpv4-sp/hard/libg.a(lib_a-locale.o)
                0x0000000000008d34                __locale_ctype_ptr
 .text.setlocale
                0x0000000000008d50       0x10 /home/albino/ti/ccs1020/ccs/tools/compiler/gcc-arm-none-eabi-7-2017-q4-major/bin/../lib/gcc/arm-none-eabi/7.2.1/../../../../arm-none-eabi/lib/thumb/v7e-m/fpv4-sp/hard/libg.a(lib_a-locale.o)
                0x0000000000008d50                setlocale
 .text._lseek_r
                0x0000000000008d60       0x2c /home/albino/ti/ccs1020/ccs/tools/compiler/gcc-arm-none-eabi-7-2017-q4-major/bin/../lib/gcc/arm-none-eabi/7.2.1/../../../../arm-none-eabi/lib/thumb/v7e-m/fpv4-sp/hard/libg.a(lib_a-lseekr.o)
                0x0000000000008d60                _lseek_r
 .text._mbtowc_r
                0x0000000000008d8c       0x24 /home/albino/ti/ccs1020/ccs/tools/compiler/gcc-arm-none-eabi-7-2017-q4-major/bin/../lib/gcc/arm-none-eabi/7.2.1/../../../../arm-none-eabi/lib/thumb/v7e-m/fpv4-sp/hard/libg.a(lib_a-mbtowc_r.o)
                0x0000000000008d8c                _mbtowc_r
 .text.__ascii_mbtowc
                0x0000000000008db0       0x2c /home/albino/ti/ccs1020/ccs/tools/compiler/gcc-arm-none-eabi-7-2017-q4-major/bin/../lib/gcc/arm-none-eabi/7.2.1/../../../../arm-none-eabi/lib/thumb/v7e-m/fpv4-sp/hard/libg.a(lib_a-mbtowc_r.o)
                0x0000000000008db0                __ascii_mbtowc
 .text._read_r  0x0000000000008ddc       0x2c /home/albino/ti/ccs1020/ccs/tools/compiler/gcc-arm-none-eabi-7-2017-q4-major/bin/../lib/gcc/arm-none-eabi/7.2.1/../../../../arm-none-eabi/lib/thumb/v7e-m/fpv4-sp/hard/libg.a(lib_a-readr.o)
                0x0000000000008ddc                _read_r
 .text.cleanup_glue
                0x0000000000008e08       0x28 /home/albino/ti/ccs1020/ccs/tools/compiler/gcc-arm-none-eabi-7-2017-q4-major/bin/../lib/gcc/arm-none-eabi/7.2.1/../../../../arm-none-eabi/lib/thumb/v7e-m/fpv4-sp/hard/libg.a(lib_a-reent.o)
                0x0000000000008e08                cleanup_glue
 .text._reclaim_reent
                0x0000000000008e30       0x88 /home/albino/ti/ccs1020/ccs/tools/compiler/gcc-arm-none-eabi-7-2017-q4-major/bin/../lib/gcc/arm-none-eabi/7.2.1/../../../../arm-none-eabi/lib/thumb/v7e-m/fpv4-sp/hard/libg.a(lib_a-reent.o)