Archive member included to satisfy reference by file (symbol)

/home/albino/ti/tivaware/driverlib/gcc/libdriver.a(gpio.o)
                              ./os_list/main.o (GPIOPinWrite)
/home/albino/ti/tivaware/driverlib/gcc/libdriver.a(interrupt.o)
                              /home/albino/ti/tivaware/driverlib/gcc/libdriver.a(gpio.o) (IntRegister)
/home/albino/ti/tivaware/driverlib/gcc/libdriver.a(sysctl.o)
                              ./os_list/main.o (SysCtlPeripheralReady)
/home/albino/ti/tivaware/driverlib/gcc/libdriver.a(uart.o)
                              ./os_list/main.o (UARTConfigSetExpClk)
/home/albino/ti/tivaware/driverlib/gcc/libdriver.a(cpu.o)
                              /home/albino/ti/tivaware/driverlib/gcc/libdriver.a(interrupt.o) (CPUcpsid)
/home/albino/ti/ccs1020/ccs/tools/compiler/gcc-arm-none-eabi-7-2017-q4-major/bin/../lib/gcc/arm-none-eabi/7.2.1/../../../../arm-none-eabi/lib/thumb/v7e-m/fpv4-sp/hard/libg.a(lib_a-exit.o)
                              /home/albino/ti/ccs1020/ccs/tools/compiler/gcc-arm-none-eabi-7-2017-q4-major/bin/../lib/gcc/arm-none-eabi/7.2.1/../../../../arm-none-eabi/lib/thumb/v7e-m/fpv4-sp/hard/crt0.o (exit)
/home/albino/ti/ccs1020/ccs/tools/compiler/gcc-arm-none-eabi-7-2017-q4-major/bin/../lib/gcc/arm-none-eabi/7.2.1/../../../../arm-none-eabi/lib/thumb/v7e-m/fpv4-sp/hard/libg.a(lib_a-impure.o)
                              /home/albino/ti/ccs1020/ccs/tools/compiler/gcc-arm-none-eabi-7-2017-q4-major/bin/../lib/gcc/arm-none-eabi/7.2.1/../../../../arm-none-eabi/lib/thumb/v7e-m/fpv4-sp/hard/libg.a(lib_a-exit.o) (_global_impure_ptr)
/home/albino/ti/ccs1020/ccs/tools/compiler/gcc-arm-none-eabi-7-2017-q4-major/bin/../lib/gcc/arm-none-eabi/7.2.1/../../../../arm-none-eabi/lib/thumb/v7e-m/fpv4-sp/hard/libg.a(lib_a-init.o)
                              /home/albino/ti/ccs1020/ccs/tools/compiler/gcc-arm-none-eabi-7-2017-q4-major/bin/../lib/gcc/arm-none-eabi/7.2.1/../../../../arm-none-eabi/lib/thumb/v7e-m/fpv4-sp/hard/crt0.o (__libc_init_array)
/home/albino/ti/ccs1020/ccs/tools/compiler/gcc-arm-none-eabi-7-2017-q4-major/bin/../lib/gcc/arm-none-eabi/7.2.1/../../../../arm-none-eabi/lib/thumb/v7e-m/fpv4-sp/hard/libg.a(lib_a-memset.o)
                              /home/albino/ti/ccs1020/ccs/tools/compiler/gcc-arm-none-eabi-7-2017-q4-major/bin/../lib/gcc/arm-none-eabi/7.2.1/../../../../arm-none-eabi/lib/thumb/v7e-m/fpv4-sp/hard/crt0.o (memset)
/home/albino/ti/ccs1020/ccs/tools/compiler/gcc-arm-none-eabi-7-2017-q4-major/bin/../lib/gcc/arm-none-eabi/7.2.1/../../../../arm-none-eabi/lib/thumb/v7e-m/fpv4-sp/hard/libg.a(lib_a-printf.o)
                              ./os_list/main.o (printf)
/home/albino/ti/ccs1020/ccs/tools/compiler/gcc-arm-none-eabi-7-2017-q4-major/bin/../lib/gcc/arm-none-eabi/7.2.1/../../../../arm-none-eabi/lib/thumb/v7e-m/fpv4-sp/hard/libg.a(lib_a-vfprintf.o)
                              /home/albino/ti/ccs1020/ccs/tools/compiler/gcc-arm-none-eabi-7-2017-q4-major/bin/../lib/gcc/arm-none-eabi/7.2.1/../../../../arm-none-eabi/lib/thumb/v7e-m/fpv4-sp/hard/libg.a(lib_a-printf.o) (_vfprintf_r)
/home/albino/ti/ccs1020/ccs/tools/compiler/gcc-arm-none-eabi-7-2017-q4-major/bin/../lib/gcc/arm-none-eabi/7.2.1/../../../../arm-none-eabi/lib/thumb/v7e-m/fpv4-sp/hard/libg.a(lib_a-wsetup.o)
                              /home/albino/ti/ccs1020/ccs/tools/compiler/gcc-arm-none-eabi-7-2017-q4-major/bin/../lib/gcc/arm-none-eabi/7.2.1/../../../../arm-none-eabi/lib/thumb/v7e-m/fpv4-sp/hard/libg.a(lib_a-vfprintf.o) (__swsetup_r)
/home/albino/ti/ccs1020/ccs/tools/compiler/gcc-arm-none-eabi-7-2017-q4-major/bin/../lib/gcc/arm-none-eabi/7.2.1/../../../../arm-none-eabi/lib/thumb/v7e-m/fpv4-sp/hard/libg.a(lib_a-__call_atexit.o)
                              /home/albino/ti/ccs1020/ccs/tools/compiler/gcc-arm-none-eabi-7-2017-q4-major/bin/../lib/gcc/arm-none-eabi/7.2.1/../../../../arm-none-eabi/lib/thumb/v7e-m/fpv4-sp/hard/libg.a(lib_a-exit.o) (__call_exitprocs)
/home/albino/ti/ccs1020/ccs/tools/compiler/gcc-arm-none-eabi-7-2017-q4-major/bin/../lib/gcc/arm-none-eabi/7.2.1/../../../../arm-none-eabi/lib/thumb/v7e-m/fpv4-sp/hard/libg.a(lib_a-atexit.o)
                              /home/albino/ti/ccs1020/ccs/tools/compiler/gcc-arm-none-eabi-7-2017-q4-major/bin/../lib/gcc/arm-none-eabi/7.2.1/../../../../arm-none-eabi/lib/thumb/v7e-m/fpv4-sp/hard/libg.a(lib_a-__call_atexit.o) (atexit)
/home/albino/ti/ccs1020/ccs/tools/compiler/gcc-arm-none-eabi-7-2017-q4-major/bin/../lib/gcc/arm-none-eabi/7.2.1/../../../../arm-none-eabi/lib/thumb/v7e-m/fpv4-sp/hard/libg.a(lib_a-dtoa.o)
                              /home/albino/ti/ccs1020/ccs/tools/compiler/gcc-arm-none-eabi-7-2017-q4-major/bin/../lib/gcc/arm-none-eabi/7.2.1/../../../../arm-none-eabi/lib/thumb/v7e-m/fpv4-sp/hard/libg.a(lib_a-vfprintf.o) (_dtoa_r)
/home/albino/ti/ccs1020/ccs/tools/compiler/gcc-arm-none-eabi-7-2017-q4-major/bin/../lib/gcc/arm-none-eabi/7.2.1/../../../../arm-none-eabi/lib/thumb/v7e-m/fpv4-sp/hard/libg.a(lib_a-fflush.o)
[...]
Memory Configuration

Name             Origin             Length             Attributes
FLASH            0x0000000000000000 0x0000000000100000 xr
SRAM             0x0000000020000000 0x0000000000040000 xw
*default*        0x0000000000000000 0xffffffffffffffff

Linker script and memory map

LOAD /home/albino/ti/ccs1020/ccs/tools/compiler/gcc-arm-none-eabi-7-2017-q4-major/bin/../lib/gcc/arm-none-eabi/7.2.1/thumb/v7e-m/fpv4-sp/hard/crti.o
LOAD /home/albino/ti/ccs1020/ccs/tools/compiler/gcc-arm-none-eabi-7-2017-q4-major/bin/../lib/gcc/arm-none-eabi/7.2.1/thumb/v7e-m/fpv4-sp/hard/crtbegin.o
LOAD /home/albino/ti/ccs1020/ccs/tools/compiler/gcc-arm-none-eabi-7-2017-q4-major/bin/../lib/gcc/arm-none-eabi/7.2.1/../../../../arm-none-eabi/lib/thumb/v7e-m/fpv4-sp/hard/crt0.o
LOAD ./tm4c1294ncpdt_startup_ccs_gcc.o
LOAD ./os_list/main.o
LOAD ./os_list/os.o
LOAD ./os_list/port.o
                0x0000000000000000                PROVIDE (_intvecs_base_address, 0x0)

.intvecs        0x0000000000000000      0x208
 *(.intvecs)
 .intvecs       0x0000000000000000      0x208 ./tm4c1294ncpdt_startup_ccs_gcc.o
                0x0000000000000000                g_pfnVectors
                0x0000000020000000                PROVIDE (_vtable_base_address, 0x20000000)

.vtable
 *(.vtable)

.text           0x0000000000000240     0x8ed0
 CREATE_OBJECT_SYMBOLS
 *(.text)
 .text          0x0000000000000240        0x0 /home/albino/ti/ccs1020/ccs/tools/compiler/gcc-arm-none-eabi-7-2017-q4-major/bin/../lib/gcc/arm-none-eabi/7.2.1/thumb/v7e-m/fpv4-sp/hard/crti.o
 .text          0x0000000000000240       0x40 /home/albino/ti/ccs1020/ccs/tools/compiler/gcc-arm-none-eabi-7-2017-q4-major/bin/../lib/gcc/arm-none-eabi/7.2.1/thumb/v7e-m/fpv4-sp/hard/crtbegin.o
 .text          0x0000000000000280       0x74 /home/albino/ti/ccs1020/ccs/tools/compiler/gcc-arm-none-eabi-7-2017-q4-major/bin/../lib/gcc/arm-none-eabi/7.2.1/../../../../arm-none-eabi/lib/thumb/v7e-m/fpv4-sp/hard/crt0.o
                0x0000000000000280                _mainCRTStartup
                0x0000000000000280                _start
 .text          0x00000000000002f4        0x0 ./tm4c1294ncpdt_startup_ccs_gcc.o
 .text          0x00000000000002f4        0x0 ./os_list/main.o
 .text          0x00000000000002f4        0x0 ./os_list/os.o
 .text          0x00000000000002f4        0x0 ./os_list/port.o
 .text          0x00000000000002f4        0x0 /home/albino/ti/tivaware/driverlib/gcc/libdriver.a(gpio.o)
 .text          0x00000000000002f4        0x0 /home/albino/ti/tivaware/driverlib/gcc/libdriver.a(interrupt.o)
 .text          0x00000000000002f4        0x0 /home/albino/ti/tivaware/driverlib/gcc/libdriver.a(sysctl.o)
 .text          0x00000000000002f4        0x0 /home/albino/ti/tivaware/driverlib/gcc/libdriver.a(uart.o)
 .text          0x00000000000002f4        0x0 /home/albino/ti/tivaware/driverlib/gcc/libdriver.a(cpu.o)
 .text          0x00000000000002f4        0x0 /home/albino/ti/ccs1020/ccs/tools/compiler/gcc-arm-none-eabi-7-2017-q4-major/bin/../lib/gcc/arm-none-eabi/7.2.1/../../../../arm-none-eabi/lib/thumb/v7e-m/fpv4-sp/hard/libg.a(lib_a-exit.o)
 .text          0x00000000000002f4        0x0 /home/albino/ti/ccs1020/ccs/tools/compiler/gcc-arm-none-eabi-7-2017-q4-major/bin/../lib/gcc/arm-none-eabi/7.2.1/../../../../arm-none-eabi/lib/thumb/v7e-m/fpv4-sp/hard/libg.a(lib_a-impure.o)
 .text          0x00000000000002f4        0x0 /home/albino/ti/ccs1020/ccs/tools/compiler/gcc-arm-none-eabi-7-2017-q4-major/bin/../lib/gcc/arm-none-eabi/7.2.1/../../../../arm-none-eabi/lib/thumb/v7e-m/fpv4-sp/hard/libg.a(lib_a-init.o)
 .text          0x00000000000002f4        0x0 /home/albino/ti/ccs1020/ccs/tools/compiler/gcc-arm-none-eabi-7-2017-q4-major/bin/../lib/gcc/arm-none-eabi/7.2.1/../../../../arm-none-eabi/lib/thumb/v7e-m/fpv4-sp/hard/libg.a(lib_a-memset.o)
 .text          0x00000000000002f4        0x0 /home/albino/ti/ccs1020/ccs/tools/compiler/gcc-arm-none-eabi-7-2017-q4-major/bin/../lib/gcc/arm-none-eabi/7.2.1/../../../../arm-none-eabi/lib/thumb/v7e-m/fpv4-sp/hard/libg.a(lib_a-printf.o)
 .text          0x00000000000002f4        0x0 /home/albino/ti/ccs1020/ccs/tools/compiler/gcc-arm-none-eabi-7-2017-q4-major/bin/../lib/gcc/arm-none-eabi/7.2.1/../../../../arm-none-eabi/lib/thumb/v7e-m/fpv4-sp/hard/libg.a(lib_a-vfprintf.o)
 .text          0x00000000000002f4        0x0 /home/albino/ti/ccs1020/ccs/tools/compiler/gcc-arm-none-eabi-7-2017-q4-major/bin/../lib/gcc/arm-none-eabi/7.2.1/../../../../arm-none-eabi/lib/thumb/v7e-m/fpv4-sp/hard/libg.a(lib_a-wsetup.o)
 .text          0x00000000000002f4        0x0 /home/albino/ti/ccs1020/ccs/tools/compiler/gcc-arm-none-eabi-7-2017-q4-major/bin/../lib/gcc/arm-none-eabi/7.2.1/../../../../arm-none-eabi/lib/thumb/v7e-m/fpv4-sp/hard/libg.a(lib_a-__call_atexit.o)
 .text          0x00000000000002f4        0x0 /home/albino/ti/ccs1020/ccs/tools/compiler/gcc-arm-none-eabi-7-2017-q4-major/bin/../lib/gcc/arm-none-eabi/7.2.1/../../../../arm-none-eabi/lib/thumb/v7e-m/fpv4-sp/hard/libg.a(lib_a-atexit.o)
 .text          0x00000000000002f4        0x0 /home/albino/ti/ccs1020/ccs/tools/compiler/gcc-arm-none-eabi-7-2017-q4-major/bin/../lib/gcc/arm-none-eabi/7.2.1/../../../../arm-none-eabi/lib/thumb/v7e-m/fpv4-sp/hard/libg.a(lib_a-dtoa.o)
 .text          0x00000000000002f4        0x0 /home/albino/ti/ccs1020/ccs/tools/compiler/gcc-arm-none-eabi-7-2017-q4-major/bin/../lib/gcc/arm-none-eabi/7.2.1/../../../../arm-none-eabi/lib/thumb/v7e-m/fpv4-sp/hard/libg.a(lib_a-fflush.o)
 .text          0x00000000000002f4        0x0 /home/albino/ti/ccs1020/ccs/tools/compiler/gcc-arm-none-eabi-7-2017-q4-major/bin/../lib/gcc/arm-none-eabi/7.2.1/../../../../arm-none-eabi/lib/thumb/v7e-m/fpv4-sp/hard/libg.a(lib_a-findfp.o)
 .text          0x00000000000002f4        0x0 /home/albino/ti/ccs1020/ccs/tools/compiler/gcc-arm-none-eabi-7-2017-q4-major/bin/../lib/gcc/arm-none-eabi/7.2.1/../../../../arm-none-eabi/lib/thumb/v7e-m/fpv4-sp/hard/libg.a(lib_a-fini.o)
 .text          0x00000000000002f4        0x0 /home/albino/ti/ccs1020/ccs/tools/compiler/gcc-arm-none-eabi-7-2017-q4-major/bin/../lib/gcc/arm-none-eabi/7.2.1/../../../../arm-none-eabi/lib/thumb/v7e-m/fpv4-sp/hard/libg.a(lib_a-freer.o)
 .text          0x00000000000002f4        0x0 /home/albino/ti/ccs1020/ccs/tools/compiler/gcc-arm-none-eabi-7-2017-q4-major/bin/../lib/gcc/arm-none-eabi/7.2.1/../../../../arm-none-eabi/lib/thumb/v7e-m/fpv4-sp/hard/libg.a(lib_a-fwalk.o)
 .text          0x00000000000002f4        0x0 /home/albino/ti/ccs1020/ccs/tools/compiler/gcc-arm-none-eabi-7-2017-q4-major/bin/../lib/gcc/arm-none-eabi/7.2.1/../../../../arm-none-eabi/lib/thumb/v7e-m/fpv4-sp/hard/libg.a(lib_a-localeconv.o)
 .text          0x00000000000002f4        0x0 /home/albino/ti/ccs1020/ccs/tools/compiler/gcc-arm-none-eabi-7-2017-q4-major/bin/../lib/gcc/arm-none-eabi/7.2.1/../../../../arm-none-eabi/lib/thumb/v7e-m/fpv4-sp/hard/libg.a(lib_a-lock.o)
 .text          0x00000000000002f4        0x0 /home/albino/ti/ccs1020/ccs/tools/compiler/gcc-arm-none-eabi-7-2017-q4-major/bin/../lib/gcc/arm-none-eabi/7.2.1/../../../../arm-none-eabi/lib/thumb/v7e-m/fpv4-sp/hard/libg.a(lib_a-makebuf.o)
 .text          0x00000000000002f4        0x0 /home/albino/ti/ccs1020/ccs/tools/compiler/gcc-arm-none-eabi-7-2017-q4-major/bin/../lib/gcc/arm-none-eabi/7.2.1/../../../../arm-none-eabi/lib/thumb/v7e-m/fpv4-sp/hard/libg.a(lib_a-mallocr.o)
 *fill*         0x00000000000002f4        0xc 
 .text          0x0000000000000300       0xa0 /home/albino/ti/ccs1020/ccs/tools/compiler/gcc-arm-none-eabi-7-2017-q4-major/bin/../lib/gcc/arm-none-eabi/7.2.1/../../../../arm-none-eabi/lib/thumb/v7e-m/fpv4-sp/hard/libg.a(lib_a-memchr.o)
                0x0000000000000300                memchr
 .text          0x00000000000003a0      0x134 /home/albino/ti/ccs1020/ccs/tools/compiler/gcc-arm-none-eabi-7-2017-q4-major/bin/../lib/gcc/arm-none-eabi/7.2.1/../../../../arm-none-eabi/lib/thumb/v7e-m/fpv4-sp/hard/libg.a(lib_a-memcpy.o)
                0x00000000000003a0                memcpy
 .text          0x00000000000004d4        0x0 /home/albino/ti/ccs1020/ccs/tools/compiler/gcc-arm-none-eabi-7-2017-q4-major/bin/../lib/gcc/arm-none-eabi/7.2.1/../../../../arm-none-eabi/lib/thumb/v7e-m/fpv4-sp/hard/libg.a(lib_a-mlock.o)
 .text          0x00000000000004d4        0x0 /home/albino/ti/ccs1020/ccs/tools/compiler/gcc-arm-none-eabi-7-2017-q4-major/bin/../lib/gcc/arm-none-eabi/7.2.1/../../../../arm-none-eabi/lib/thumb/v7e-m/fpv4-sp/hard/libg.a(lib_a-mprec.o)
 .text          0x00000000000004d4        0x0 /home/albino/ti/ccs1020/ccs/tools/compiler/gcc-arm-none-eabi-7-2017-q4-major/bin/../lib/gcc/arm-none-eabi/7.2.1/../../../../arm-none-eabi/lib/thumb/v7e-m/fpv4-sp/hard/libg.a(lib_a-sbrkr.o)
 .text          0x00000000000004d4        0x0 /home/albino/ti/ccs1020/ccs/tools/compiler/gcc-arm-none-eabi-7-2017-q4-major/bin/../lib/gcc/arm-none-eabi/7.2.1/../../../../arm-none-eabi/lib/thumb/v7e-m/fpv4-sp/hard/libg.a(lib_a-stdio.o)
 *fill*         0x00000000000004d4       0x2c 
 .text          0x0000000000000500       0xdc /home/albino/ti/ccs1020/ccs/tools/compiler/gcc-arm-none-eabi-7-2017-q4-major/bin/../lib/gcc/arm-none-eabi/7.2.1/../../../../arm-none-eabi/lib/thumb/v7e-m/fpv4-sp/hard/libg.a(lib_a-strlen.o)
                0x0000000000000500                strlen
 .text          0x00000000000005dc        0x0 /home/albino/ti/ccs1020/ccs/tools/compiler/gcc-arm-none-eabi-7-2017-q4-major/bin/../lib/gcc/arm-none-eabi/7.2.1/../../../../arm-none-eabi/lib/thumb/v7e-m/fpv4-sp/hard/libg.a(lib_a-vfiprintf.o)
 .text          0x00000000000005dc        0x0 /home/albino/ti/ccs1020/ccs/tools/compiler/gcc-arm-none-eabi-7-2017-q4-major/bin/../lib/gcc/arm-none-eabi/7.2.1/../../../../arm-none-eabi/lib/thumb/v7e-m/fpv4-sp/hard/libg.a(lib_a-writer.o)
 .text          0x00000000000005dc        0x0 /home/albino/ti/ccs1020/ccs/tools/compiler/gcc-arm-none-eabi-7-2017-q4-major/bin/../lib/gcc/arm-none-eabi/7.2.1/../../../../arm-none-eabi/lib/thumb/v7e-m/fpv4-sp/hard/libg.a(lib_a-__atexit.o)
 .text          0x00000000000005dc        0x0 /home/albino/ti/ccs1020/ccs/tools/compiler/gcc-arm-none-eabi-7-2017-q4-major/bin/../lib/gcc/arm-none-eabi/7.2.1/../../../../arm-none-eabi/lib/thumb/v7e-m/fpv4-sp/hard/libg.a(lib_a-callocr.o)
 .text          0x00000000000005dc        0x0 /home/albino/ti/ccs1020/ccs/tools/compiler/gcc-arm-none-eabi-7-2017-q4-major/bin/../lib/gcc/arm-none-eabi/7.2.1/../../../../arm-none-eabi/lib/thumb/v7e-m/fpv4-sp/hard/libg.a(lib_a-closer.o)
 .text          0x00000000000005dc        0x0 /home/albino/ti/ccs1020/ccs/tools/compiler/gcc-arm-none-eabi-7-2017-q4-major/bin/../lib/gcc/arm-none-eabi/7.2.1/../../../../arm-none-eabi/lib/thumb/v7e-m/fpv4-sp/hard/libg.a(lib_a-fclose.o)
 .text          0x00000000000005dc        0x0 /home/albino/ti/ccs1020/ccs/tools/compiler/gcc-arm-none-eabi-7-2017-q4-major/bin/../lib/gcc/arm-none-eabi/7.2.1/../../../../arm-none-eabi/lib/thumb/v7e-m/fpv4-sp/hard/libg.a(lib_a-fputwc.o)
 .text          0x00000000000005dc        0x0 /home/albino/ti/ccs1020/ccs/tools/compiler/gcc-arm-none-eabi-7-2017-q4-major/bin/../lib/gcc/arm-none-eabi/7.2.1/../../../../arm-none-eabi/lib/thumb/v7e-m/fpv4-sp/hard/libg.a(lib_a-fstatr.o)
 .text          0x00000000000005dc        0x0 /home/albino/ti/ccs1020/ccs/tools/compiler/gcc-arm-none-eabi-7-2017-q4-major/bin/../lib/gcc/arm-none-eabi/7.2.1/../../../../arm-none-eabi/lib/thumb/v7e-m/fpv4-sp/hard/libg.a(lib_a-fvwrite.o)
 .text          0x00000000000005dc        0x0 /home/albino/ti/ccs1020/ccs/tools/compiler/gcc-arm-none-eabi-7-2017-q4-major/bin/../lib/gcc/arm-none-eabi/7.2.1/../../../../arm-none-eabi/lib/thumb/v7e-m/fpv4-sp/hard/libg.a(lib_a-isattyr.o)
 .text          0x00000000000005dc        0x0 /home/albino/ti/ccs1020/ccs/tools/compiler/gcc-arm-none-eabi-7-2017-q4-major/bin/../lib/gcc/arm-none-eabi/7.2.1/../../../../arm-none-eabi/lib/thumb/v7e-m/fpv4-sp/hard/libg.a(lib_a-locale.o)
 .text          0x00000000000005dc        0x0 /home/albino/ti/ccs1020/ccs/tools/compiler/gcc-arm-none-eabi-7-2017-q4-major/bin/../lib/gcc/arm-none-eabi/7.2.1/../../../../arm-none-eabi/lib/thumb/v7e-m/fpv4-sp/hard/libg.a(lib_a-lseekr.o)
 .text          0x00000000000005dc        0x0 /home/albino/ti/ccs1020/ccs/tools/compiler/gcc-arm-none-eabi-7-2017-q4-major/bin/../lib/gcc/arm-none-eabi/7.2.1/../../../../arm-none-eabi/lib/thumb/v7e-m/fpv4-sp/hard/libg.a(lib_a-mbtowc_r.o)
 .text          0x00000000000005dc        0x0 /home/albino/ti/ccs1020/ccs/tools/compiler/gcc-arm-none-eabi-7-2017-q4-major/bin/../lib/gcc/arm-none-eabi/7.2.1/../../../../arm-none-eabi/lib/thumb/v7e-m/fpv4-sp/hard/libg.a(lib_a-memmove.o)
 .text          0x00000000000005dc        0x0 /home/albino/ti/ccs1020/ccs/tools/compiler/gcc-arm-none-eabi-7-2017-q4-major/bin/../lib/gcc/arm-none-eabi/7.2.1/../../../../arm-none-eabi/lib/thumb/v7e-m/fpv4-sp/hard/libg.a(lib_a-readr.o)
 .text          0x00000000000005dc        0x0 /home/albino/ti/ccs1020/ccs/tools/compiler/gcc-arm-none-eabi-7-2017-q4-major/bin/../lib/gcc/arm-none-eabi/7.2.1/../../../../arm-none-eabi/lib/thumb/v7e-m/fpv4-sp/hard/libg.a(lib_a-reallocr.o)
 .text          0x00000000000005dc        0x0 /home/albino/ti/ccs1020/ccs/tools/compiler/gcc-arm-none-eabi-7-2017-q4-major/bin/../lib/gcc/arm-none-eabi/7.2.1/../../../../arm-none-eabi/lib/thumb/v7e-m/fpv4-sp/hard/libg.a(lib_a-reent.o)
 *fill*         0x00000000000005dc        0x4 
 .text          0x00000000000005e0      0x2dc /home/albino/ti/ccs1020/ccs/tools/compiler/gcc-arm-none-eabi-7-2017-q4-major/bin/../lib/gcc/arm-none-eabi/7.2.1/../../../../arm-none-eabi/lib/thumb/v7e-m/fpv4-sp/hard/libg.a(lib_a-strcmp.o)
                0x00000000000005e8                strcmp
 .text          0x00000000000008bc        0x0 /home/albino/ti/ccs1020/ccs/tools/compiler/gcc-arm-none-eabi-7-2017-q4-major/bin/../lib/gcc/arm-none-eabi/7.2.1/../../../../arm-none-eabi/lib/thumb/v7e-m/fpv4-sp/hard/libg.a(lib_a-wbuf.o)
 .text          0x00000000000008bc        0x0 /home/albino/ti/ccs1020/ccs/tools/compiler/gcc-arm-none-eabi-7-2017-q4-major/bin/../lib/gcc/arm-none-eabi/7.2.1/../../../../arm-none-eabi/lib/thumb/v7e-m/fpv4-sp/hard/libg.a(lib_a-wcrtomb.o)
 .text          0x00000000000008bc        0x0 /home/albino/ti/ccs1020/ccs/tools/compiler/gcc-arm-none-eabi-7-2017-q4-major/bin/../lib/gcc/arm-none-eabi/7.2.1/../../../../arm-none-eabi/lib/thumb/v7e-m/fpv4-sp/hard/libg.a(lib_a-wctomb_r.o)
 .text          0x00000000000008bc        0x0 /home/albino/ti/ccs1020/ccs/tools/compiler/gcc-arm-none-eabi-7-2017-q4-major/bin/../lib/gcc/arm-none-eabi/7.2.1/../../../../arm-none-eabi/lib/thumb/v7e-m/fpv4-sp/hard/libg.a(lib_a-ctype_.o)
 .text          0x00000000000008bc      0x378 /home/albino/ti/ccs1020/ccs/tools/compiler/gcc-arm-none-eabi-7-2017-q4-major/bin/../lib/gcc/arm-none-eabi/7.2.1/thumb/v7e-m/fpv4-sp/hard/libgcc.a(_arm_addsubdf3.o)
                0x00000000000008bc                __aeabi_drsub
                0x00000000000008c4                __aeabi_dsub
                0x00000000000008c4                __subdf3
                0x00000000000008c8                __adddf3
                0x00000000000008c8                __aeabi_dadd
                0x0000000000000b40                __aeabi_ui2d
                0x0000000000000b40                __floatunsidf
                0x0000000000000b60                __floatsidf
                0x0000000000000b60                __aeabi_i2d
                0x0000000000000b84                __extendsfdf2
                0x0000000000000b84                __aeabi_f2d
                0x0000000000000bc8                __aeabi_ul2d
                0x0000000000000bc8                __floatundidf
                0x0000000000000bd8                __floatdidf
                0x0000000000000bd8                __aeabi_l2d
 .text          0x0000000000000c34      0x424 /home/albino/ti/ccs1020/ccs/tools/compiler/gcc-arm-none-eabi-7-2017-q4-major/bin/../lib/gcc/arm-none-eabi/7.2.1/thumb/v7e-m/fpv4-sp/hard/libgcc.a(_arm_muldivdf3.o)
                0x0000000000000c34                __aeabi_dmul
                0x0000000000000c34                __muldf3
                0x0000000000000e88                __aeabi_ddiv
                0x0000000000000e88                __divdf3
 .text          0x0000000000001058      0x110 /home/albino/ti/ccs1020/ccs/tools/compiler/gcc-arm-none-eabi-7-2017-q4-major/bin/../lib/gcc/arm-none-eabi/7.2.1/thumb/v7e-m/fpv4-sp/hard/libgcc.a(_arm_cmpdf2.o)
                0x0000000000001058                __gtdf2
                0x0000000000001058                __gedf2
                0x0000000000001060                __ltdf2
                0x0000000000001060                __ledf2
                0x0000000000001068                __cmpdf2
                0x0000000000001068                __eqdf2
                0x0000000000001068                __nedf2
                0x00000000000010e4                __aeabi_cdrcmple
                0x00000000000010f4                __aeabi_cdcmple
                0x00000000000010f4                __aeabi_cdcmpeq
                0x0000000000001104                __aeabi_dcmpeq
                0x0000000000001118                __aeabi_dcmplt
                0x000000000000112c                __aeabi_dcmple
                0x0000000000001140                __aeabi_dcmpge
                0x0000000000001154                __aeabi_dcmpgt
 .text          0x0000000000001168       0x2c /home/albino/ti/ccs1020/ccs/tools/compiler/gcc-arm-none-eabi-7-2017-q4-major/bin/../lib/gcc/arm-none-eabi/7.2.1/thumb/v7e-m/fpv4-sp/hard/libgcc.a(_arm_unorddf2.o)
                0x0000000000001168                __aeabi_dcmpun
                0x0000000000001168                __unorddf2
 .text          0x0000000000001194       0x50 /home/albino/ti/ccs1020/ccs/tools/compiler/gcc-arm-none-eabi-7-2017-q4-major/bin/../lib/gcc/arm-none-eabi/7.2.1/thumb/v7e-m/fpv4-sp/hard/libgcc.a(_arm_fixdfsi.o)
                0x0000000000001194                __fixdfsi
                0x0000000000001194                __aeabi_d2iz
 .text          0x00000000000011e4       0x30 /home/albino/ti/ccs1020/ccs/tools/compiler/gcc-arm-none-eabi-7-2017-q4-major/bin/../lib/gcc/arm-none-eabi/7.2.1/thumb/v7e-m/fpv4-sp/hard/libgcc.a(_aeabi_uldivmod.o)
                0x00000000000011e4                __aeabi_uldivmod
 .text          0x0000000000001214      0x2cc /home/albino/ti/ccs1020/ccs/tools/compiler/gcc-arm-none-eabi-7-2017-q4-major/bin/../lib/gcc/arm-none-eabi/7.2.1/thumb/v7e-m/fpv4-sp/hard/libgcc.a(_udivmoddi4.o)
                0x0000000000001214                __udivmoddi4
 .text          0x00000000000014e0        0x4 /home/albino/ti/ccs1020/ccs/tools/compiler/gcc-arm-none-eabi-7-2017-q4-major/bin/../lib/gcc/arm-none-eabi/7.2.1/thumb/v7e-m/fpv4-sp/hard/libgcc.a(_dvmd_tls.o)
                0x00000000000014e0                __aeabi_ldiv0
                0x00000000000014e0                __aeabi_idiv0
 .text          0x00000000000014e4        0x0 /home/albino/ti/ccs1020/ccs/tools/compiler/gcc-arm-none-eabi-7-2017-q4-major/bin/../lib/gcc/arm-none-eabi/7.2.1/../../../../arm-none-eabi/lib/thumb/v7e-m/fpv4-sp/hard/libnosys.a(close.o)
 .text          0x00000000000014e4        0x0 /home/albino/ti/ccs1020/ccs/tools/compiler/gcc-arm-none-eabi-7-2017-q4-major/bin/../lib/gcc/arm-none-eabi/7.2.1/../../../../arm-none-eabi/lib/thumb/v7e-m/fpv4-sp/hard/libnosys.a(fstat.o)
 .text          0x00000000000014e4        0x0 /home/albino/ti/ccs1020/ccs/tools/compiler/gcc-arm-none-eabi-7-2017-q4-major/bin/../lib/gcc/arm-none-eabi/7.2.1/../../../../arm-none-eabi/lib/thumb/v7e-m/fpv4-sp/hard/libnosys.a(isatty.o)
 .text          0x00000000000014e4        0x0 /home/albino/ti/ccs1020/ccs/tools/compiler/gcc-arm-none-eabi-7-2017-q4-major/bin/../lib/gcc/arm-none-eabi/7.2.1/../../../../arm-none-eabi/lib/thumb/v7e-m/fpv4-sp/hard/libnosys.a(lseek.o)
 .text          0x00000000000014e4        0x0 /home/albino/ti/ccs1020/ccs/tools/compiler/gcc-arm-none-eabi-7-2017-q4-major/bin/../lib/gcc/arm-none-eabi/7.2.1/../../../../arm-none-eabi/lib/thumb/v7e-m/fpv4-sp/hard/libnosys.a(read.o)
 .text          0x00000000000014e4        0x0 /home/albino/ti/ccs1020/ccs/tools/compiler/gcc-arm-none-eabi-7-2017-q4-major/bin/../lib/gcc/arm-none-eabi/7.2.1/../../../../arm-none-eabi/lib/thumb/v7e-m/fpv4-sp/hard/libnosys.a(sbrk.o)
 .text          0x00000000000014e4        0x0 /home/albino/ti/ccs1020/ccs/tools/compiler/gcc-arm-none-eabi-7-2017-q4-major/bin/../lib/gcc/arm-none-eabi/7.2.1/../../../../arm-none-eabi/lib/thumb/v7e-m/fpv4-sp/hard/libnosys.a(write.o)
 .text          0x00000000000014e4        0x0 /home/albino/ti/ccs1020/ccs/tools/compiler/gcc-arm-none-eabi-7-2017-q4-major/bin/../lib/gcc/arm-none-eabi/7.2.1/../../../../arm-none-eabi/lib/thumb/v7e-m/fpv4-sp/hard/libnosys.a(_exit.o)
 .text          0x00000000000014e4        0x0 /home/albino/ti/ccs1020/ccs/tools/compiler/gcc-arm-none-eabi-7-2017-q4-major/bin/../lib/gcc/arm-none-eabi/7.2.1/thumb/v7e-m/fpv4-sp/hard/crtend.o
 .text          0x00000000000014e4        0x0 /home/albino/ti/ccs1020/ccs/tools/compiler/gcc-arm-none-eabi-7-2017-q4-major/bin/../lib/gcc/arm-none-eabi/7.2.1/thumb/v7e-m/fpv4-sp/hard/crtn.o
 *(.text.*)
 .text.NmiSR    0x00000000000014e4        0x2 ./tm4c1294ncpdt_startup_ccs_gcc.o
 .text.FaultISR
                0x00000000000014e6        0x2 ./tm4c1294ncpdt_startup_ccs_gcc.o
 .text.IntDefaultHandler
                0x00000000000014e8        0x2 ./tm4c1294ncpdt_startup_ccs_gcc.o
 *fill*         0x00000000000014ea        0x2 
 .text.ResetISR
                0x00000000000014ec       0x50 ./tm4c1294ncpdt_startup_ccs_gcc.o
                0x00000000000014ec                ResetISR
 .text.task1    0x000000000000153c       0x54 ./os_list/main.o
                0x000000000000153c                task1
 .text.task2    0x0000000000001590       0x64 ./os_list/main.o
                0x0000000000001590                task2
 .text.task3    0x00000000000015f4       0x30 ./os_list/main.o
                0x00000000000015f4                task3
 .text.task100  0x0000000000001624       0x58 ./os_list/main.o
                0x0000000000001624                task100
 .text.task500  0x000000000000167c       0x58 ./os_list/main.o
                0x000000000000167c                task500
 .text.UARTPutChar
                0x00000000000016d4       0x14 ./os_list/main.o
                0x00000000000016d4                UARTPutChar
 .text.taskSerial
                0x00000000000016e8      0x134 ./os_list/main.o
                0x00000000000016e8                taskSerial
 .text.UARTIntHandler
                0x000000000000181c       0x58 ./os_list/main.o
                0x000000000000181c                UARTIntHandler
 .text.main     0x0000000000001874       0x90 ./os_list/main.o
                0x0000000000001874                main
 .text.idle     0x0000000000001904        0x2 ./os_list/os.o
                0x0000000000001904                idle
 *fill*         0x0000000000001906        0x2 
 .text.scheduler
                0x0000000000001908       0x2c ./os_list/os.o
                0x0000000000001908                scheduler
 .text.sem_init
                0x0000000000001934        0xc ./os_list/os.o
                0x0000000000001934                sem_init
 .text.RemoveFromList
                0x0000000000001940       0x3c ./os_list/os.o
                0x0000000000001940                RemoveFromList
 .text.remove_event
                0x000000000000197c       0x1c ./os_list/os.o
                0x000000000000197c                remove_event
 .text.IncludeTaskIntoList
                0x0000000000001998       0x1e ./os_list/os.o
                0x0000000000001998                IncludeTaskIntoList
 *fill*         0x00000000000019b6        0x2 
 .text.delay    0x00000000000019b8       0x4c ./os_list/os.o
                0x00000000000019b8                delay
 .text.os_inc_and_compare
                0x0000000000001a04       0x68 ./os_list/os.o
                0x0000000000001a04                os_inc_and_compare
 .text.InstallTask
                0x0000000000001a6c       0x34 ./os_list/os.o
                0x0000000000001a6c                InstallTask
 .text.start_os
                0x0000000000001aa0       0x3c ./os_list/os.o
                0x0000000000001aa0                start_os
 .text.sem_pend
                0x0000000000001adc       0x6c ./os_list/os.o
                0x0000000000001adc                sem_pend
 .text.sem_post
                0x0000000000001b48       0x50 ./os_list/os.o
                0x0000000000001b48                sem_post
 .text.PrepareStack
                0x0000000000001b98       0x7e ./os_list/port.o
                0x0000000000001b98                PrepareStack
 *fill*         0x0000000000001c16        0x2 
 .text.SwitchContext
                0x0000000000001c18       0x40 ./os_list/port.o
                0x0000000000001c18                SwitchContext
 .text.SV_handler
                0x0000000000001c58       0x1c ./os_list/port.o
                0x0000000000001c58                SV_handler
 .text.init_os_timer
                0x0000000000001c74       0x20 ./os_list/port.o
                0x0000000000001c74                init_os_timer
 .text.TickTimer
                0x0000000000001c94       0x48 ./os_list/port.o
                0x0000000000001c94                TickTimer
 .text._GPIOIntNumberGet
                0x0000000000001cdc       0x48 /home/albino/ti/tivaware/driverlib/gcc/libdriver.a(gpio.o)
 .text.GPIODirModeSet
                0x0000000000001d24       0x2e /home/albino/ti/tivaware/driverlib/gcc/libdriver.a(gpio.o)
                0x0000000000001d24                GPIODirModeSet
 .text.GPIODirModeGet
                0x0000000000001d52       0x24 /home/albino/ti/tivaware/driverlib/gcc/libdriver.a(gpio.o)
                0x0000000000001d52                GPIODirModeGet
 .text.GPIOIntTypeSet
                0x0000000000001d76       0x5a /home/albino/ti/tivaware/driverlib/gcc/libdriver.a(gpio.o)
                0x0000000000001d76                GPIOIntTypeSet
 .text.GPIOIntTypeGet
                0x0000000000001dd0       0x48 /home/albino/ti/tivaware/driverlib/gcc/libdriver.a(gpio.o)
                0x0000000000001dd0                GPIOIntTypeGet
 .text.GPIOPadConfigSet
                0x0000000000001e18      0x170 /home/albino/ti/tivaware/driverlib/gcc/libdriver.a(gpio.o)
                0x0000000000001e18                GPIOPadConfigSet
 .text.GPIOPadConfigGet
                0x0000000000001f88       0xe4 /home/albino/ti/tivaware/driverlib/gcc/libdriver.a(gpio.o)
                0x0000000000001f88                GPIOPadConfigGet
 .text.GPIOIntEnable
                0x000000000000206c        0xc /home/albino/ti/tivaware/driverlib/gcc/libdriver.a(gpio.o)
                0x000000000000206c                GPIOIntEnable
 .text.GPIOIntDisable
                0x0000000000002078        0xe /home/albino/ti/tivaware/driverlib/gcc/libdriver.a(gpio.o)
                0x0000000000002078                GPIOIntDisable
 .text.GPIOIntStatus
                0x0000000000002086        0xe /home/albino/ti/tivaware/driverlib/gcc/libdriver.a(gpio.o)
                0x0000000000002086                GPIOIntStatus
 .text.GPIOIntClear
                0x0000000000002094        0x6 /home/albino/ti/tivaware/driverlib/gcc/libdriver.a(gpio.o)
                0x0000000000002094                GPIOIntClear
 .text.GPIOIntRegister
                0x000000000000209a       0x1a /home/albino/ti/tivaware/driverlib/gcc/libdriver.a(gpio.o)
                0x000000000000209a                GPIOIntRegister
 .text.GPIOIntUnregister
                0x00000000000020b4       0x16 /home/albino/ti/tivaware/driverlib/gcc/libdriver.a(gpio.o)
                0x00000000000020b4                GPIOIntUnregister
 .text.GPIOIntRegisterPin
                0x00000000000020ca       0x1e /home/albino/ti/tivaware/driverlib/gcc/libdriver.a(gpio.o)
                0x00000000000020ca                GPIOIntRegisterPin
 .text.GPIOIntUnregisterPin
                0x00000000000020e8       0x1a /home/albino/ti/tivaware/driverlib/gcc/libdriver.a(gpio.o)
                0x00000000000020e8                GPIOIntUnregisterPin
 .text.GPIOPinRead
                0x0000000000002102        0x6 /home/albino/ti/tivaware/driverlib/gcc/libdriver.a(gpio.o)
                0x0000000000002102                GPIOPinRead
 .text.GPIOPinWrite
                0x0000000000002108        0x6 /home/albino/ti/tivaware/driverlib/gcc/libdriver.a(gpio.o)
                0x0000000000002108                GPIOPinWrite
 .text.GPIOPinTypeADC
                0x000000000000210e       0x1c /home/albino/ti/tivaware/driverlib/gcc/libdriver.a(gpio.o)
                0x000000000000210e                GPIOPinTypeADC
 .text.GPIOPinTypeCAN
                0x000000000000212a       0x1c /home/albino/ti/tivaware/driverlib/gcc/libdriver.a(gpio.o)
                0x000000000000212a                GPIOPinTypeCAN
 .text.GPIOPinTypeComparator
                0x0000000000002146       0x1c /home/albino/ti/tivaware/driverlib/gcc/libdriver.a(gpio.o)
                0x0000000000002146                GPIOPinTypeComparator
 .text.GPIOPinTypeComparatorOutput
                0x0000000000002162       0x1c /home/albino/ti/tivaware/driverlib/gcc/libdriver.a(gpio.o)
                0x0000000000002162                GPIOPinTypeComparatorOutput
 .text.GPIOPinTypeDIVSCLK
                0x000000000000217e       0x1c /home/albino/ti/tivaware/driverlib/gcc/libdriver.a(gpio.o)
                0x000000000000217e                GPIOPinTypeDIVSCLK
 .text.GPIOPinTypeEPI
                0x000000000000219a       0x1c /home/albino/ti/tivaware/driverlib/gcc/libdriver.a(gpio.o)
                0x000000000000219a                GPIOPinTypeEPI
 .text.GPIOPinTypeEthernetLED
                0x00000000000021b6       0x1c /home/albino/ti/tivaware/driverlib/gcc/libdriver.a(gpio.o)
                0x00000000000021b6                GPIOPinTypeEthernetLED
 .text.GPIOPinTypeEthernetMII
                0x00000000000021d2       0x1c /home/albino/ti/tivaware/driverlib/gcc/libdriver.a(gpio.o)
                0x00000000000021d2                GPIOPinTypeEthernetMII
 .text.GPIOPinTypeGPIOInput
                0x00000000000021ee       0x1c /home/albino/ti/tivaware/driverlib/gcc/libdriver.a(gpio.o)
                0x00000000000021ee                GPIOPinTypeGPIOInput
 .text.GPIOPinTypeGPIOOutput
                0x000000000000220a       0x1c /home/albino/ti/tivaware/driverlib/gcc/libdriver.a(gpio.o)
                0x000000000000220a                GPIOPinTypeGPIOOutput
 .text.GPIOPinTypeGPIOOutputOD
                0x0000000000002226       0x1c /home/albino/ti/tivaware/driverlib/gcc/libdriver.a(gpio.o)
                0x0000000000002226                GPIOPinTypeGPIOOutputOD
 .text.GPIOPinTypeHibernateRTCCLK
                0x0000000000002242       0x1c /home/albino/ti/tivaware/driverlib/gcc/libdriver.a(gpio.o)
                0x0000000000002242                GPIOPinTypeHibernateRTCCLK
 .text.GPIOPinTypeI2C
                0x000000000000225e       0x1c /home/albino/ti/tivaware/driverlib/gcc/libdriver.a(gpio.o)
                0x000000000000225e                GPIOPinTypeI2C
 .text.GPIOPinTypeI2CSCL
                0x000000000000227a       0x1c /home/albino/ti/tivaware/driverlib/gcc/libdriver.a(gpio.o)
                0x000000000000227a                GPIOPinTypeI2CSCL
 .text.GPIOPinTypeLCD
                0x0000000000002296       0x1c /home/albino/ti/tivaware/driverlib/gcc/libdriver.a(gpio.o)
                0x0000000000002296                GPIOPinTypeLCD
 .text.GPIOPinTypeOneWire
                0x00000000000022b2       0x1c /home/albino/ti/tivaware/driverlib/gcc/libdriver.a(gpio.o)
                0x00000000000022b2                GPIOPinTypeOneWire
 .text.GPIOPinTypePWM
                0x00000000000022ce       0x1c /home/albino/ti/tivaware/driverlib/gcc/libdriver.a(gpio.o)
                0x00000000000022ce                GPIOPinTypePWM
 .text.GPIOPinTypeQEI
                0x00000000000022ea       0x1c /home/albino/ti/tivaware/driverlib/gcc/libdriver.a(gpio.o)
                0x00000000000022ea                GPIOPinTypeQEI
 .text.GPIOPinTypeSSI
                0x0000000000002306       0x1c /home/albino/ti/tivaware/driverlib/gcc/libdriver.a(gpio.o)
                0x0000000000002306                GPIOPinTypeSSI
 .text.GPIOPinTypeTimer
                0x0000000000002322       0x1c /home/albino/ti/tivaware/driverlib/gcc/libdriver.a(gpio.o)
                0x0000000000002322                GPIOPinTypeTimer
 .text.GPIOPinTypeTrace
                0x000000000000233e       0x1c /home/albino/ti/tivaware/driverlib/gcc/libdriver.a(gpio.o)
                0x000000000000233e                GPIOPinTypeTrace
 .text.GPIOPinTypeUART
                0x000000000000235a       0x1c /home/albino/ti/tivaware/driverlib/gcc/libdriver.a(gpio.o)
                0x000000000000235a                GPIOPinTypeUART
 .text.GPIOPinTypeUSBAnalog
                0x0000000000002376       0x1c /home/albino/ti/tivaware/driverlib/gcc/libdriver.a(gpio.o)
                0x0000000000002376                GPIOPinTypeUSBAnalog
 .text.GPIOPinTypeUSBDigital
                0x0000000000002392       0x1c /home/albino/ti/tivaware/driverlib/gcc/libdriver.a(gpio.o)
                0x0000000000002392                GPIOPinTypeUSBDigital
 .text.GPIOPinTypeWakeHigh
                0x00000000000023ae       0x1e /home/albino/ti/tivaware/driverlib/gcc/libdriver.a(gpio.o)
                0x00000000000023ae                GPIOPinTypeWakeHigh
 .text.GPIOPinTypeWakeLow
                0x00000000000023cc       0x1e /home/albino/ti/tivaware/driverlib/gcc/libdriver.a(gpio.o)
                0x00000000000023cc                GPIOPinTypeWakeLow
 .text.GPIOPinWakeStatus
                0x00000000000023ea        0x6 /home/albino/ti/tivaware/driverlib/gcc/libdriver.a(gpio.o)
                0x00000000000023ea                GPIOPinWakeStatus
 .text.GPIOPinConfigure
                0x00000000000023f0       0x4c /home/albino/ti/tivaware/driverlib/gcc/libdriver.a(gpio.o)
                0x00000000000023f0                GPIOPinConfigure
 .text.GPIODMATriggerEnable
                0x000000000000243c        0xc /home/albino/ti/tivaware/driverlib/gcc/libdriver.a(gpio.o)
                0x000000000000243c                GPIODMATriggerEnable
 .text.GPIODMATriggerDisable
                0x0000000000002448        0xe /home/albino/ti/tivaware/driverlib/gcc/libdriver.a(gpio.o)
                0x0000000000002448                GPIODMATriggerDisable
 .text.GPIOADCTriggerEnable
                0x0000000000002456        0xc /home/albino/ti/tivaware/driverlib/gcc/libdriver.a(gpio.o)
                0x0000000000002456                GPIOADCTriggerEnable
 .text.GPIOADCTriggerDisable
                0x0000000000002462        0xe /home/albino/ti/tivaware/driverlib/gcc/libdriver.a(gpio.o)
                0x0000000000002462                GPIOADCTriggerDisable
 .text.GPIOUnlockPin
                0x0000000000002470       0x18 /home/albino/ti/tivaware/driverlib/gcc/libdriver.a(gpio.o)
                0x0000000000002470                GPIOUnlockPin
 .text._IntDefaultHandler
                0x0000000000002488        0x2 /home/albino/ti/tivaware/driverlib/gcc/libdriver.a(interrupt.o)
 .text.IntMasterEnable
                0x000000000000248a        0xe /home/albino/ti/tivaware/driverlib/gcc/libdriver.a(interrupt.o)
                0x000000000000248a                IntMasterEnable
 .text.IntMasterDisable
                0x0000000000002498        0xe /home/albino/ti/tivaware/driverlib/gcc/libdriver.a(interrupt.o)
                0x0000000000002498                IntMasterDisable
 *fill*         0x00000000000024a6        0x2 
 .text.IntRegister
                0x00000000000024a8       0x34 /home/albino/ti/tivaware/driverlib/gcc/libdriver.a(interrupt.o)
                0x00000000000024a8                IntRegister
 .text.IntUnregister
                0x00000000000024dc       0x14 /home/albino/ti/tivaware/driverlib/gcc/libdriver.a(interrupt.o)
                0x00000000000024dc                IntUnregister
 .text.IntPriorityGroupingSet
                0x00000000000024f0       0x1c /home/albino/ti/tivaware/driverlib/gcc/libdriver.a(interrupt.o)
                0x00000000000024f0                IntPriorityGroupingSet
 .text.IntPriorityGroupingGet
                0x000000000000250c       0x24 /home/albino/ti/tivaware/driverlib/gcc/libdriver.a(interrupt.o)
                0x000000000000250c                IntPriorityGroupingGet
 .text.IntPrioritySet
                0x0000000000002530       0x2c /home/albino/ti/tivaware/driverlib/gcc/libdriver.a(interrupt.o)
                0x0000000000002530                IntPrioritySet
 .text.IntPriorityGet
                0x000000000000255c       0x1c /home/albino/ti/tivaware/driverlib/gcc/libdriver.a(interrupt.o)
                0x000000000000255c                IntPriorityGet
 .text.IntEnable
                0x0000000000002578       0x60 /home/albino/ti/tivaware/driverlib/gcc/libdriver.a(interrupt.o)
                0x0000000000002578                IntEnable
 .text.IntDisable
                0x00000000000025d8       0x60 /home/albino/ti/tivaware/driverlib/gcc/libdriver.a(interrupt.o)
                0x00000000000025d8                IntDisable
 .text.IntIsEnabled
                0x0000000000002638       0x64 /home/albino/ti/tivaware/driverlib/gcc/libdriver.a(interrupt.o)
                0x0000000000002638                IntIsEnabled
 .text.IntPendSet
                0x000000000000269c       0x50 /home/albino/ti/tivaware/driverlib/gcc/libdriver.a(interrupt.o)
                0x000000000000269c                IntPendSet
 .text.IntPendClear
                0x00000000000026ec       0x40 /home/albino/ti/tivaware/driverlib/gcc/libdriver.a(interrupt.o)
                0x00000000000026ec                IntPendClear
 .text.IntPriorityMaskSet
                0x000000000000272c        0x4 /home/albino/ti/tivaware/driverlib/gcc/libdriver.a(interrupt.o)
                0x000000000000272c                IntPriorityMaskSet
 .text.IntPriorityMaskGet
                0x0000000000002730        0x4 /home/albino/ti/tivaware/driverlib/gcc/libdriver.a(interrupt.o)
                0x0000000000002730                IntPriorityMaskGet
 .text.IntTrigger
                0x0000000000002734        0xc /home/albino/ti/tivaware/driverlib/gcc/libdriver.a(interrupt.o)
                0x0000000000002734                IntTrigger
 .text._SysCtlMemTimingGet
                0x0000000000002740       0x24 /home/albino/ti/tivaware/driverlib/gcc/libdriver.a(sysctl.o)
 .text.SysCtlSRAMSizeGet
                0x0000000000002764       0x10 /home/albino/ti/tivaware/driverlib/gcc/libdriver.a(sysctl.o)
                0x0000000000002764                SysCtlSRAMSizeGet
 .text.SysCtlFlashSizeGet
                0x0000000000002774       0x3c /home/albino/ti/tivaware/driverlib/gcc/libdriver.a(sysctl.o)
                0x0000000000002774                SysCtlFlashSizeGet
 .text.SysCtlFlashSectorSizeGet
                0x00000000000027b0       0x38 /home/albino/ti/tivaware/driverlib/gcc/libdriver.a(sysctl.o)
                0x00000000000027b0                SysCtlFlashSectorSizeGet
 .text.SysCtlPeripheralPresent
                0x00000000000027e8       0x26 /home/albino/ti/tivaware/driverlib/gcc/libdriver.a(sysctl.o)
                0x00000000000027e8                SysCtlPeripheralPresent
 .text.SysCtlPeripheralReady
                0x000000000000280e       0x26 /home/albino/ti/tivaware/driverlib/gcc/libdriver.a(sysctl.o)
                0x000000000000280e                SysCtlPeripheralReady
 .text.SysCtlPeripheralPowerOn
                0x0000000000002834       0x22 /home/albino/ti/tivaware/driverlib/gcc/libdriver.a(sysctl.o)
                0x0000000000002834                SysCtlPeripheralPowerOn
 .text.SysCtlPeripheralPowerOff
                0x0000000000002856       0x22 /home/albino/ti/tivaware/driverlib/gcc/libdriver.a(sysctl.o)
                0x0000000000002856                SysCtlPeripheralPowerOff
 .text.SysCtlPeripheralReset
                0x0000000000002878       0x3a /home/albino/ti/tivaware/driverlib/gcc/libdriver.a(sysctl.o)
                0x0000000000002878                SysCtlPeripheralReset
 .text.SysCtlPeripheralEnable
                0x00000000000028b2       0x22 /home/albino/ti/tivaware/driverlib/gcc/libdriver.a(sysctl.o)
                0x00000000000028b2                SysCtlPeripheralEnable
 .text.SysCtlPeripheralDisable
                0x00000000000028d4       0x22 /home/albino/ti/tivaware/driverlib/gcc/libdriver.a(sysctl.o)
                0x00000000000028d4                SysCtlPeripheralDisable
 .text.SysCtlPeripheralSleepEnable
                0x00000000000028f6       0x22 /home/albino/ti/tivaware/driverlib/gcc/libdriver.a(sysctl.o)
                0x00000000000028f6                SysCtlPeripheralSleepEnable
 .text.SysCtlPeripheralSleepDisable
                0x0000000000002918       0x22 /home/albino/ti/tivaware/driverlib/gcc/libdriver.a(sysctl.o)
                0x0000000000002918                SysCtlPeripheralSleepDisable
 .text.SysCtlPeripheralDeepSleepEnable
                0x000000000000293a       0x22 /home/albino/ti/tivaware/driverlib/gcc/libdriver.a(sysctl.o)
                0x000000000000293a                SysCtlPeripheralDeepSleepEnable
 .text.SysCtlPeripheralDeepSleepDisable
                0x000000000000295c       0x22 /home/albino/ti/tivaware/driverlib/gcc/libdriver.a(sysctl.o)
                0x000000000000295c                SysCtlPeripheralDeepSleepDisable
 *fill*         0x000000000000297e        0x2 
 .text.SysCtlPeripheralClockGating
                0x0000000000002980       0x48 /home/albino/ti/tivaware/driverlib/gcc/libdriver.a(sysctl.o)
                0x0000000000002980                SysCtlPeripheralClockGating
 .text.SysCtlIntRegister
                0x00000000000029c8       0x14 /home/albino/ti/tivaware/driverlib/gcc/libdriver.a(sysctl.o)
                0x00000000000029c8                SysCtlIntRegister
 .text.SysCtlIntUnregister
                0x00000000000029dc       0x12 /home/albino/ti/tivaware/driverlib/gcc/libdriver.a(sysctl.o)
                0x00000000000029dc                SysCtlIntUnregister
 *fill*         0x00000000000029ee        0x2 
 .text.SysCtlIntEnable
                0x00000000000029f0       0x10 /home/albino/ti/tivaware/driverlib/gcc/libdriver.a(sysctl.o)
                0x00000000000029f0                SysCtlIntEnable
 .text.SysCtlIntDisable
                0x0000000000002a00       0x10 /home/albino/ti/tivaware/driverlib/gcc/libdriver.a(sysctl.o)
                0x0000000000002a00                SysCtlIntDisable
 .text.SysCtlIntClear
                0x0000000000002a10        0xc /home/albino/ti/tivaware/driverlib/gcc/libdriver.a(sysctl.o)
                0x0000000000002a10                SysCtlIntClear
 .text.SysCtlIntStatus
                0x0000000000002a1c       0x14 /home/albino/ti/tivaware/driverlib/gcc/libdriver.a(sysctl.o)
                0x0000000000002a1c                SysCtlIntStatus
 .text.SysCtlLDOSleepSet
                0x0000000000002a30        0xc /home/albino/ti/tivaware/driverlib/gcc/libdriver.a(sysctl.o)
                0x0000000000002a30                SysCtlLDOSleepSet
 .text.SysCtlLDOSleepGet
                0x0000000000002a3c        0xc /home/albino/ti/tivaware/driverlib/gcc/libdriver.a(sysctl.o)
                0x0000000000002a3c                SysCtlLDOSleepGet
 .text.SysCtlLDODeepSleepSet
                0x0000000000002a48        0xc /home/albino/ti/tivaware/driverlib/gcc/libdriver.a(sysctl.o)
                0x0000000000002a48                SysCtlLDODeepSleepSet
 .text.SysCtlLDODeepSleepGet
                0x0000000000002a54        0xc /home/albino/ti/tivaware/driverlib/gcc/libdriver.a(sysctl.o)
                0x0000000000002a54                SysCtlLDODeepSleepGet
 .text.SysCtlSleepPowerSet
                0x0000000000002a60        0xc /home/albino/ti/tivaware/driverlib/gcc/libdriver.a(sysctl.o)
                0x0000000000002a60                SysCtlSleepPowerSet
 .text.SysCtlDeepSleepPowerSet
                0x0000000000002a6c        0xc /home/albino/ti/tivaware/driverlib/gcc/libdriver.a(sysctl.o)
                0x0000000000002a6c                SysCtlDeepSleepPowerSet
 .text.SysCtlReset
                0x0000000000002a78       0x10 /home/albino/ti/tivaware/driverlib/gcc/libdriver.a(sysctl.o)
                0x0000000000002a78                SysCtlReset
 .text.SysCtlSleep
                0x0000000000002a88        0x4 /home/albino/ti/tivaware/driverlib/gcc/libdriver.a(sysctl.o)
                0x0000000000002a88                SysCtlSleep
 .text.SysCtlDeepSleep
                0x0000000000002a8c       0x20 /home/albino/ti/tivaware/driverlib/gcc/libdriver.a(sysctl.o)
                0x0000000000002a8c                SysCtlDeepSleep
 .text.SysCtlResetCauseGet
                0x0000000000002aac        0xc /home/albino/ti/tivaware/driverlib/gcc/libdriver.a(sysctl.o)
                0x0000000000002aac                SysCtlResetCauseGet
 .text.SysCtlResetCauseClear
                0x0000000000002ab8       0x10 /home/albino/ti/tivaware/driverlib/gcc/libdriver.a(sysctl.o)
                0x0000000000002ab8                SysCtlResetCauseClear
 .text.SysCtlDelay
                0x0000000000002ac8        0x8 /home/albino/ti/tivaware/driverlib/gcc/libdriver.a(sysctl.o)
                0x0000000000002ac8                SysCtlDelay
 .text.SysCtlMOSCConfigSet
                0x0000000000002ad0        0xc /home/albino/ti/tivaware/driverlib/gcc/libdriver.a(sysctl.o)
                0x0000000000002ad0                SysCtlMOSCConfigSet
 .text.SysCtlPIOSCCalibrate
                0x0000000000002adc       0x48 /home/albino/ti/tivaware/driverlib/gcc/libdriver.a(sysctl.o)
                0x0000000000002adc                SysCtlPIOSCCalibrate
 .text.SysCtlResetBehaviorSet
                0x0000000000002b24        0xc /home/albino/ti/tivaware/driverlib/gcc/libdriver.a(sysctl.o)
                0x0000000000002b24                SysCtlResetBehaviorSet
 .text.SysCtlResetBehaviorGet
                0x0000000000002b30        0xc /home/albino/ti/tivaware/driverlib/gcc/libdriver.a(sysctl.o)
                0x0000000000002b30                SysCtlResetBehaviorGet
 .text.SysCtlClockFreqSet
                0x0000000000002b3c      0x248 /home/albino/ti/tivaware/driverlib/gcc/libdriver.a(sysctl.o)
                0x0000000000002b3c                SysCtlClockFreqSet
 .text.SysCtlClockSet
                0x0000000000002d84      0x11c /home/albino/ti/tivaware/driverlib/gcc/libdriver.a(sysctl.o)
                0x0000000000002d84                SysCtlClockSet
 .text.SysCtlClockGet
                0x0000000000002ea0      0x12c /home/albino/ti/tivaware/driverlib/gcc/libdriver.a(sysctl.o)
                0x0000000000002ea0                SysCtlClockGet
 .text.SysCtlDeepSleepClockSet
                0x0000000000002fcc        0xc /home/albino/ti/tivaware/driverlib/gcc/libdriver.a(sysctl.o)
                0x0000000000002fcc                SysCtlDeepSleepClockSet
 .text.SysCtlDeepSleepClockConfigSet
                0x0000000000002fd8       0x60 /home/albino/ti/tivaware/driverlib/gcc/libdriver.a(sysctl.o)
                0x0000000000002fd8                SysCtlDeepSleepClockConfigSet
 .text.SysCtlPWMClockSet
                0x0000000000003038       0x14 /home/albino/ti/tivaware/driverlib/gcc/libdriver.a(sysctl.o)
                0x0000000000003038                SysCtlPWMClockSet
 .text.SysCtlPWMClockGet
                0x000000000000304c       0x18 /home/albino/ti/tivaware/driverlib/gcc/libdriver.a(sysctl.o)
                0x000000000000304c                SysCtlPWMClockGet
 .text.SysCtlGPIOAHBEnable
                0x0000000000003064       0x18 /home/albino/ti/tivaware/driverlib/gcc/libdriver.a(sysctl.o)
                0x0000000000003064                SysCtlGPIOAHBEnable
 .text.SysCtlGPIOAHBDisable
                0x000000000000307c       0x1c /home/albino/ti/tivaware/driverlib/gcc/libdriver.a(sysctl.o)
                0x000000000000307c                SysCtlGPIOAHBDisable
 .text.SysCtlUSBPLLEnable
                0x0000000000003098       0x10 /home/albino/ti/tivaware/driverlib/gcc/libdriver.a(sysctl.o)
                0x0000000000003098                SysCtlUSBPLLEnable
 .text.SysCtlUSBPLLDisable
                0x00000000000030a8       0x10 /home/albino/ti/tivaware/driverlib/gcc/libdriver.a(sysctl.o)
                0x00000000000030a8                SysCtlUSBPLLDisable
 .text.SysCtlVoltageEventConfig
                0x00000000000030b8        0xc /home/albino/ti/tivaware/driverlib/gcc/libdriver.a(sysctl.o)
                0x00000000000030b8                SysCtlVoltageEventConfig
 .text.SysCtlVoltageEventStatus
                0x00000000000030c4        0xc /home/albino/ti/tivaware/driverlib/gcc/libdriver.a(sysctl.o)
                0x00000000000030c4                SysCtlVoltageEventStatus
 .text.SysCtlVoltageEventClear
                0x00000000000030d0       0x10 /home/albino/ti/tivaware/driverlib/gcc/libdriver.a(sysctl.o)
                0x00000000000030d0                SysCtlVoltageEventClear
 .text.SysCtlVCOGet
                0x00000000000030e0       0x78 /home/albino/ti/tivaware/driverlib/gcc/libdriver.a(sysctl.o)
                0x00000000000030e0                SysCtlVCOGet
 .text.SysCtlNMIStatus
                0x0000000000003158        0xc /home/albino/ti/tivaware/driverlib/gcc/libdriver.a(sysctl.o)
                0x0000000000003158                SysCtlNMIStatus
 .text.SysCtlNMIClear
                0x0000000000003164       0x10 /home/albino/ti/tivaware/driverlib/gcc/libdriver.a(sysctl.o)
                0x0000000000003164                SysCtlNMIClear
 .text.SysCtlClockOutConfig
                0x0000000000003174       0x10 /home/albino/ti/tivaware/driverlib/gcc/libdriver.a(sysctl.o)
                0x0000000000003174                SysCtlClockOutConfig
 .text.SysCtlAltClkConfig
                0x0000000000003184        0xc /home/albino/ti/tivaware/driverlib/gcc/libdriver.a(sysctl.o)
                0x0000000000003184                SysCtlAltClkConfig
 .text._UARTIntNumberGet
                0x0000000000003190       0x44 /home/albino/ti/tivaware/driverlib/gcc/libdriver.a(uart.o)
 .text.UARTParityModeSet
                0x00000000000031d4        0xc /home/albino/ti/tivaware/driverlib/gcc/libdriver.a(uart.o)
                0x00000000000031d4                UARTParityModeSet
 .text.UARTParityModeGet
                0x00000000000031e0        0x8 /home/albino/ti/tivaware/driverlib/gcc/libdriver.a(uart.o)
                0x00000000000031e0                UARTParityModeGet
 .text.UARTFIFOLevelSet
                0x00000000000031e8        0x6 /home/albino/ti/tivaware/driverlib/gcc/libdriver.a(uart.o)
                0x00000000000031e8                UARTFIFOLevelSet
 .text.UARTFIFOLevelGet
                0x00000000000031ee       0x10 /home/albino/ti/tivaware/driverlib/gcc/libdriver.a(uart.o)
                0x00000000000031ee                UARTFIFOLevelGet
 .text.UARTConfigGetExpClk
                0x00000000000031fe       0x28 /home/albino/ti/tivaware/driverlib/gcc/libdriver.a(uart.o)
                0x00000000000031fe                UARTConfigGetExpClk
 .text.UARTEnable
                0x0000000000003226       0x16 /home/albino/ti/tivaware/driverlib/gcc/libdriver.a(uart.o)
                0x0000000000003226                UARTEnable
 .text.UARTDisable
                0x000000000000323c       0x1c /home/albino/ti/tivaware/driverlib/gcc/libdriver.a(uart.o)
                0x000000000000323c                UARTDisable
 .text.UARTConfigSetExpClk
                0x0000000000003258       0x48 /home/albino/ti/tivaware/driverlib/gcc/libdriver.a(uart.o)
                0x0000000000003258                UARTConfigSetExpClk
 .text.UARTFIFOEnable
                0x00000000000032a0        0xa /home/albino/ti/tivaware/driverlib/gcc/libdriver.a(uart.o)
                0x00000000000032a0                UARTFIFOEnable
 .text.UARTFIFODisable
                0x00000000000032aa        0xa /home/albino/ti/tivaware/driverlib/gcc/libdriver.a(uart.o)
                0x00000000000032aa                UARTFIFODisable
 .text.UARTEnableSIR
                0x00000000000032b4       0x12 /home/albino/ti/tivaware/driverlib/gcc/libdriver.a(uart.o)
                0x00000000000032b4                UARTEnableSIR
 .text.UARTDisableSIR
                0x00000000000032c6        0xa /home/albino/ti/tivaware/driverlib/gcc/libdriver.a(uart.o)
                0x00000000000032c6                UARTDisableSIR
 .text.UARTSmartCardEnable
                0x00000000000032d0       0x16 /home/albino/ti/tivaware/driverlib/gcc/libdriver.a(uart.o)
                0x00000000000032d0                UARTSmartCardEnable
 .text.UARTSmartCardDisable
                0x00000000000032e6        0xa /home/albino/ti/tivaware/driverlib/gcc/libdriver.a(uart.o)
                0x00000000000032e6                UARTSmartCardDisable
 .text.UARTModemControlSet
                0x00000000000032f0        0xc /home/albino/ti/tivaware/driverlib/gcc/libdriver.a(uart.o)
                0x00000000000032f0                UARTModemControlSet
 .text.UARTModemControlClear
                0x00000000000032fc        0xe /home/albino/ti/tivaware/driverlib/gcc/libdriver.a(uart.o)
                0x00000000000032fc                UARTModemControlClear
 .text.UARTModemControlGet
                0x000000000000330a        0x8 /home/albino/ti/tivaware/driverlib/gcc/libdriver.a(uart.o)
                0x000000000000330a                UARTModemControlGet
 .text.UARTModemStatusGet
                0x0000000000003312        0xa /home/albino/ti/tivaware/driverlib/gcc/libdriver.a(uart.o)
                0x0000000000003312                UARTModemStatusGet
 .text.UARTFlowControlSet
                0x000000000000331c        0xc /home/albino/ti/tivaware/driverlib/gcc/libdriver.a(uart.o)
                0x000000000000331c                UARTFlowControlSet
 .text.UARTFlowControlGet
                0x0000000000003328        0x8 /home/albino/ti/tivaware/driverlib/gcc/libdriver.a(uart.o)
                0x0000000000003328                UARTFlowControlGet
 .text.UARTTxIntModeSet
                0x0000000000003330        0xc /home/albino/ti/tivaware/driverlib/gcc/libdriver.a(uart.o)
                0x0000000000003330                UARTTxIntModeSet
 .text.UARTTxIntModeGet
                0x000000000000333c        0x8 /home/albino/ti/tivaware/driverlib/gcc/libdriver.a(uart.o)
                0x000000000000333c                UARTTxIntModeGet
 .text.UARTCharsAvail
                0x0000000000003344        0xc /home/albino/ti/tivaware/driverlib/gcc/libdriver.a(uart.o)
                0x0000000000003344                UARTCharsAvail
 .text.UARTSpaceAvail
                0x0000000000003350        0xc /home/albino/ti/tivaware/driverlib/gcc/libdriver.a(uart.o)
                0x0000000000003350                UARTSpaceAvail
 .text.UARTCharGetNonBlocking
                0x000000000000335c        0xe /home/albino/ti/tivaware/driverlib/gcc/libdriver.a(uart.o)
                0x000000000000335c                UARTCharGetNonBlocking
 .text.UARTCharGet
                0x000000000000336a        0xa /home/albino/ti/tivaware/driverlib/gcc/libdriver.a(uart.o)
                0x000000000000336a                UARTCharGet
 .text.UARTCharPutNonBlocking
                0x0000000000003374       0x10 /home/albino/ti/tivaware/driverlib/gcc/libdriver.a(uart.o)
                0x0000000000003374                UARTCharPutNonBlocking
 .text.UARTCharPut
                0x0000000000003384        0xa /home/albino/ti/tivaware/driverlib/gcc/libdriver.a(uart.o)
                0x0000000000003384                UARTCharPut
 .text.UARTBreakCtl
                0x000000000000338e       0x16 /home/albino/ti/tivaware/driverlib/gcc/libdriver.a(uart.o)
                0x000000000000338e                UARTBreakCtl
 .text.UARTBusy
                0x00000000000033a4        0x8 /home/albino/ti/tivaware/driverlib/gcc/libdriver.a(uart.o)
                0x00000000000033a4                UARTBusy
 .text.UARTIntRegister
                0x00000000000033ac       0x1a /home/albino/ti/tivaware/driverlib/gcc/libdriver.a(uart.o)
                0x00000000000033ac                UARTIntRegister
 .text.UARTIntUnregister
                0x00000000000033c6       0x16 /home/albino/ti/tivaware/driverlib/gcc/libdriver.a(uart.o)
                0x00000000000033c6                UARTIntUnregister
 .text.UARTIntEnable
                0x00000000000033dc        0x8 /home/albino/ti/tivaware/driverlib/gcc/libdriver.a(uart.o)
                0x00000000000033dc                UARTIntEnable
 .text.UARTIntDisable
                0x00000000000033e4        0xa /home/albino/ti/tivaware/driverlib/gcc/libdriver.a(uart.o)
                0x00000000000033e4                UARTIntDisable
 .text.UARTIntStatus
                0x00000000000033ee        0xa /home/albino/ti/tivaware/driverlib/gcc/libdriver.a(uart.o)
                0x00000000000033ee                UARTIntStatus
 .text.UARTIntClear
                0x00000000000033f8        0x4 /home/albino/ti/tivaware/driverlib/gcc/libdriver.a(uart.o)
                0x00000000000033f8                UARTIntClear
 .text.UARTDMAEnable
                0x00000000000033fc        0x8 /home/albino/ti/tivaware/driverlib/gcc/libdriver.a(uart.o)
                0x00000000000033fc                UARTDMAEnable
 .text.UARTDMADisable
                0x0000000000003404        0xa /home/albino/ti/tivaware/driverlib/gcc/libdriver.a(uart.o)
                0x0000000000003404                UARTDMADisable
 .text.UARTRxErrorGet
                0x000000000000340e        0x8 /home/albino/ti/tivaware/driverlib/gcc/libdriver.a(uart.o)
                0x000000000000340e                UARTRxErrorGet
 .text.UARTRxErrorClear
                0x0000000000003416        0x6 /home/albino/ti/tivaware/driverlib/gcc/libdriver.a(uart.o)
                0x0000000000003416                UARTRxErrorClear
 .text.UARTClockSourceSet
                0x000000000000341c        0x6 /home/albino/ti/tivaware/driverlib/gcc/libdriver.a(uart.o)
                0x000000000000341c                UARTClockSourceSet
 .text.UARTClockSourceGet
                0x0000000000003422        0x6 /home/albino/ti/tivaware/driverlib/gcc/libdriver.a(uart.o)
                0x0000000000003422                UARTClockSourceGet
 .text.UART9BitEnable
                0x0000000000003428        0xe /home/albino/ti/tivaware/driverlib/gcc/libdriver.a(uart.o)
                0x0000000000003428                UART9BitEnable
 .text.UART9BitDisable
                0x0000000000003436        0xe /home/albino/ti/tivaware/driverlib/gcc/libdriver.a(uart.o)
                0x0000000000003436                UART9BitDisable
 .text.UART9BitAddrSet
                0x0000000000003444        0xa /home/albino/ti/tivaware/driverlib/gcc/libdriver.a(uart.o)
                0x0000000000003444                UART9BitAddrSet
 .text.UART9BitAddrSend
                0x000000000000344e       0x2c /home/albino/ti/tivaware/driverlib/gcc/libdriver.a(uart.o)
                0x000000000000344e                UART9BitAddrSend
 .text.UARTLoopbackEnable
                0x000000000000347a        0xa /home/albino/ti/tivaware/driverlib/gcc/libdriver.a(uart.o)
                0x000000000000347a                UARTLoopbackEnable
 .text.CPUcpsid
                0x0000000000003484        0x8 /home/albino/ti/tivaware/driverlib/gcc/libdriver.a(cpu.o)
                0x0000000000003484                CPUcpsid
 .text.CPUprimask
                0x000000000000348c        0x6 /home/albino/ti/tivaware/driverlib/gcc/libdriver.a(cpu.o)
                0x000000000000348c                CPUprimask
 .text.CPUcpsie
                0x0000000000003492        0x8 /home/albino/ti/tivaware/driverlib/gcc/libdriver.a(cpu.o)
                0x0000000000003492                CPUcpsie
 .text.CPUwfi   0x000000000000349a        0x4 /home/albino/ti/tivaware/driverlib/gcc/libdriver.a(cpu.o)
                0x000000000000349a                CPUwfi
 .text.CPUbasepriSet
                0x000000000000349e        0x6 /home/albino/ti/tivaware/driverlib/gcc/libdriver.a(cpu.o)
                0x000000000000349e                CPUbasepriSet
 .text.CPUbasepriGet
                0x00000000000034a4        0x6 /home/albino/ti/tivaware/driverlib/gcc/libdriver.a(cpu.o)
                0x00000000000034a4                CPUbasepriGet
 *fill*         0x00000000000034aa        0x2 
 .text.exit     0x00000000000034ac       0x20 /home/albino/ti/ccs1020/ccs/tools/compiler/gcc-arm-none-eabi-7-2017-q4-major/bin/../lib/gcc/arm-none-eabi/7.2.1/../../../../arm-none-eabi/lib/thumb/v7e-m/fpv4-sp/hard/libg.a(lib_a-exit.o)
                0x00000000000034ac                exit
 .text.__libc_init_array
                0x00000000000034cc       0x48 /home/albino/ti/ccs1020/ccs/tools/compiler/gcc-arm-none-eabi-7-2017-q4-major/bin/../lib/gcc/arm-none-eabi/7.2.1/../../../../arm-none-eabi/lib/thumb/v7e-m/fpv4-sp/hard/libg.a(lib_a-init.o)
                0x00000000000034cc                __libc_init_array
 .text.memset   0x0000000000003514       0x94 /home/albino/ti/ccs1020/ccs/tools/compiler/gcc-arm-none-eabi-7-2017-q4-major/bin/../lib/gcc/arm-none-eabi/7.2.1/../../../../arm-none-eabi/lib/thumb/v7e-m/fpv4-sp/hard/libg.a(lib_a-memset.o)
                0x0000000000003514                memset
 .text._printf_r
                0x00000000000035a8       0x20 /home/albino/ti/ccs1020/ccs/tools/compiler/gcc-arm-none-eabi-7-2017-q4-major/bin/../lib/gcc/arm-none-eabi/7.2.1/../../../../arm-none-eabi/lib/thumb/v7e-m/fpv4-sp/hard/libg.a(lib_a-printf.o)
                0x00000000000035a8                _printf_r
 .text.printf   0x00000000000035c8       0x28 /home/albino/ti/ccs1020/ccs/tools/compiler/gcc-arm-none-eabi-7-2017-q4-major/bin/../lib/gcc/arm-none-eabi/7.2.1/../../../../arm-none-eabi/lib/thumb/v7e-m/fpv4-sp/hard/libg.a(lib_a-printf.o)
                0x00000000000035c8                printf
 .text._vfprintf_r
                0x00000000000035f0     0x150c /home/albino/ti/ccs1020/ccs/tools/compiler/gcc-arm-none-eabi-7-2017-q4-major/bin/../lib/gcc/arm-none-eabi/7.2.1/../../../../arm-none-eabi/lib/thumb/v7e-m/fpv4-sp/hard/libg.a(lib_a-vfprintf.o)
                0x00000000000035f0                _vfprintf_r
 .text.vfprintf
                0x0000000000004afc       0x18 /home/albino/ti/ccs1020/ccs/tools/compiler/gcc-arm-none-eabi-7-2017-q4-major/bin/../lib/gcc/arm-none-eabi/7.2.1/../../../../arm-none-eabi/lib/thumb/v7e-m/fpv4-sp/hard/libg.a(lib_a-vfprintf.o)
                0x0000000000004afc                vfprintf
 .text.__sbprintf
                0x0000000000004b14       0x84 /home/albino/ti/ccs1020/ccs/tools/compiler/gcc-arm-none-eabi-7-2017-q4-major/bin/../lib/gcc/arm-none-eabi/7.2.1/../../../../arm-none-eabi/lib/thumb/v7e-m/fpv4-sp/hard/libg.a(lib_a-vfprintf.o)
 .text.__swsetup_r
                0x0000000000004b98       0xcc /home/albino/ti/ccs1020/ccs/tools/compiler/gcc-arm-none-eabi-7-2017-q4-major/bin/../lib/gcc/arm-none-eabi/7.2.1/../../../../arm-none-eabi/lib/thumb/v7e-m/fpv4-sp/hard/libg.a(lib_a-wsetup.o)
                0x0000000000004b98                __swsetup_r
 .text.startup.register_fini
                0x0000000000004c64       0x14 /home/albino/ti/ccs1020/ccs/tools/compiler/gcc-arm-none-eabi-7-2017-q4-major/bin/../lib/gcc/arm-none-eabi/7.2.1/../../../../arm-none-eabi/lib/thumb/v7e-m/fpv4-sp/hard/libg.a(lib_a-__call_atexit.o)
 .text.__call_exitprocs
                0x0000000000004c78       0xe8 /home/albino/ti/ccs1020/ccs/tools/compiler/gcc-arm-none-eabi-7-2017-q4-major/bin/../lib/gcc/arm-none-eabi/7.2.1/../../../../arm-none-eabi/lib/thumb/v7e-m/fpv4-sp/hard/libg.a(lib_a-__call_atexit.o)
                0x0000000000004c78                __call_exitprocs
 .text.atexit   0x0000000000004d60        0xc /home/albino/ti/ccs1020/ccs/tools/compiler/gcc-arm-none-eabi-7-2017-q4-major/bin/../lib/gcc/arm-none-eabi/7.2.1/../../../../arm-none-eabi/lib/thumb/v7e-m/fpv4-sp/hard/libg.a(lib_a-atexit.o)
                0x0000000000004d60                atexit
 .text.quorem   0x0000000000004d6c      0x124 /home/albino/ti/ccs1020/ccs/tools/compiler/gcc-arm-none-eabi-7-2017-q4-major/bin/../lib/gcc/arm-none-eabi/7.2.1/../../../../arm-none-eabi/lib/thumb/v7e-m/fpv4-sp/hard/libg.a(lib_a-dtoa.o)
 .text._dtoa_r  0x0000000000004e90      0xe28 /home/albino/ti/ccs1020/ccs/tools/compiler/gcc-arm-none-eabi-7-2017-q4-major/bin/../lib/gcc/arm-none-eabi/7.2.1/../../../../arm-none-eabi/lib/thumb/v7e-m/fpv4-sp/hard/libg.a(lib_a-dtoa.o)
                0x0000000000004e90                _dtoa_r
 .text.__sflush_r
                0x0000000000005cb8      0x154 /home/albino/ti/ccs1020/ccs/tools/compiler/gcc-arm-none-eabi-7-2017-q4-major/bin/../lib/gcc/arm-none-eabi/7.2.1/../../../../arm-none-eabi/lib/thumb/v7e-m/fpv4-sp/hard/libg.a(lib_a-fflush.o)
                0x0000000000005cb8                __sflush_r
 .text._fflush_r
                0x0000000000005e0c       0x5c /home/albino/ti/ccs1020/ccs/tools/compiler/gcc-arm-none-eabi-7-2017-q4-major/bin/../lib/gcc/arm-none-eabi/7.2.1/../../../../arm-none-eabi/lib/thumb/v7e-m/fpv4-sp/hard/libg.a(lib_a-fflush.o)
                0x0000000000005e0c                _fflush_r
 .text.fflush   0x0000000000005e68       0x24 /home/albino/ti/ccs1020/ccs/tools/compiler/gcc-arm-none-eabi-7-2017-q4-major/bin/../lib/gcc/arm-none-eabi/7.2.1/../../../../arm-none-eabi/lib/thumb/v7e-m/fpv4-sp/hard/libg.a(lib_a-fflush.o)
                0x0000000000005e68                fflush
 .text.std      0x0000000000005e8c       0x50 /home/albino/ti/ccs1020/ccs/tools/compiler/gcc-arm-none-eabi-7-2017-q4-major/bin/../lib/gcc/arm-none-eabi/7.2.1/../../../../arm-none-eabi/lib/thumb/v7e-m/fpv4-sp/hard/libg.a(lib_a-findfp.o)
 .text._cleanup_r
                0x0000000000005edc        0xc /home/albino/ti/ccs1020/ccs/tools/compiler/gcc-arm-none-eabi-7-2017-q4-major/bin/../lib/gcc/arm-none-eabi/7.2.1/../../../../arm-none-eabi/lib/thumb/v7e-m/fpv4-sp/hard/libg.a(lib_a-findfp.o)
                0x0000000000005edc                _cleanup_r
 .text.__fp_lock
                0x0000000000005ee8       0x1c /home/albino/ti/ccs1020/ccs/tools/compiler/gcc-arm-none-eabi-7-2017-q4-major/bin/../lib/gcc/arm-none-eabi/7.2.1/../../../../arm-none-eabi/lib/thumb/v7e-m/fpv4-sp/hard/libg.a(lib_a-findfp.o)
 .text.__fp_unlock
                0x0000000000005f04       0x1c /home/albino/ti/ccs1020/ccs/tools/compiler/gcc-arm-none-eabi-7-2017-q4-major/bin/../lib/gcc/arm-none-eabi/7.2.1/../../../../arm-none-eabi/lib/thumb/v7e-m/fpv4-sp/hard/libg.a(lib_a-findfp.o)
 .text.__sfmoreglue
                0x0000000000005f20       0x30 /home/albino/ti/ccs1020/ccs/tools/compiler/gcc-arm-none-eabi-7-2017-q4-major/bin/../lib/gcc/arm-none-eabi/7.2.1/../../../../arm-none-eabi/lib/thumb/v7e-m/fpv4-sp/hard/libg.a(lib_a-findfp.o)
                0x0000000000005f20                __sfmoreglue
 .text._cleanup
                0x0000000000005f50       0x14 /home/albino/ti/ccs1020/ccs/tools/compiler/gcc-arm-none-eabi-7-2017-q4-major/bin/../lib/gcc/arm-none-eabi/7.2.1/../../../../arm-none-eabi/lib/thumb/v7e-m/fpv4-sp/hard/libg.a(lib_a-findfp.o)
                0x0000000000005f50                _cleanup
 .text.__sinit  0x0000000000005f64       0x58 /home/albino/ti/ccs1020/ccs/tools/compiler/gcc-arm-none-eabi-7-2017-q4-major/bin/../lib/gcc/arm-none-eabi/7.2.1/../../../../arm-none-eabi/lib/thumb/v7e-m/fpv4-sp/hard/libg.a(lib_a-findfp.o)
                0x0000000000005f64                __sinit
 .text.__sfp    0x0000000000005fbc       0xa4 /home/albino/ti/ccs1020/ccs/tools/compiler/gcc-arm-none-eabi-7-2017-q4-major/bin/../lib/gcc/arm-none-eabi/7.2.1/../../../../arm-none-eabi/lib/thumb/v7e-m/fpv4-sp/hard/libg.a(lib_a-findfp.o)
                0x0000000000005fbc                __sfp
 .text.__sfp_lock_acquire
                0x0000000000006060        0xc /home/albino/ti/ccs1020/ccs/tools/compiler/gcc-arm-none-eabi-7-2017-q4-major/bin/../lib/gcc/arm-none-eabi/7.2.1/../../../../arm-none-eabi/lib/thumb/v7e-m/fpv4-sp/hard/libg.a(lib_a-findfp.o)
                0x0000000000006060                __sfp_lock_acquire
 .text.__sfp_lock_release
                0x000000000000606c        0xc /home/albino/ti/ccs1020/ccs/tools/compiler/gcc-arm-none-eabi-7-2017-q4-major/bin/../lib/gcc/arm-none-eabi/7.2.1/../../../../arm-none-eabi/lib/thumb/v7e-m/fpv4-sp/hard/libg.a(lib_a-findfp.o)
                0x000000000000606c                __sfp_lock_release
 .text.__sinit_lock_acquire
                0x0000000000006078        0xc /home/albino/ti/ccs1020/ccs/tools/compiler/gcc-arm-none-eabi-7-2017-q4-major/bin/../lib/gcc/arm-none-eabi/7.2.1/../../../../arm-none-eabi/lib/thumb/v7e-m/fpv4-sp/hard/libg.a(lib_a-findfp.o)
                0x0000000000006078                __sinit_lock_acquire
 .text.__sinit_lock_release
                0x0000000000006084        0xc /home/albino/ti/ccs1020/ccs/tools/compiler/gcc-arm-none-eabi-7-2017-q4-major/bin/../lib/gcc/arm-none-eabi/7.2.1/../../../../arm-none-eabi/lib/thumb/v7e-m/fpv4-sp/hard/libg.a(lib_a-findfp.o)
                0x0000000000006084                __sinit_lock_release
 .text.__fp_lock_all
                0x0000000000006090       0x24 /home/albino/ti/ccs1020/ccs/tools/compiler/gcc-arm-none-eabi-7-2017-q4-major/bin/../lib/gcc/arm-none-eabi/7.2.1/../../../../arm-none-eabi/lib/thumb/v7e-m/fpv4-sp/hard/libg.a(lib_a-findfp.o)
                0x0000000000006090                __fp_lock_all
 .text.__fp_unlock_all
                0x00000000000060b4       0x24 /home/albino/ti/ccs1020/ccs/tools/compiler/gcc-arm-none-eabi-7-2017-q4-major/bin/../lib/gcc/arm-none-eabi/7.2.1/../../../../arm-none-eabi/lib/thumb/v7e-m/fpv4-sp/hard/libg.a(lib_a-findfp.o)
                0x00000000000060b4                __fp_unlock_all
 .text.__libc_fini_array
                0x00000000000060d8       0x34 /home/albino/ti/ccs1020/ccs/tools/compiler/gcc-arm-none-eabi-7-2017-q4-major/bin/../lib/gcc/arm-none-eabi/7.2.1/../../../../arm-none-eabi/lib/thumb/v7e-m/fpv4-sp/hard/libg.a(lib_a-fini.o)
                0x00000000000060d8                __libc_fini_array
 .text._malloc_trim_r
                0x000000000000610c       0xa0 /home/albino/ti/ccs1020/ccs/tools/compiler/gcc-arm-none-eabi-7-2017-q4-major/bin/../lib/gcc/arm-none-eabi/7.2.1/../../../../arm-none-eabi/lib/thumb/v7e-m/fpv4-sp/hard/libg.a(lib_a-freer.o)
                0x000000000000610c                _malloc_trim_r
 .text._free_r  0x00000000000061ac      0x1e8 /home/albino/ti/ccs1020/ccs/tools/compiler/gcc-arm-none-eabi-7-2017-q4-major/bin/../lib/gcc/arm-none-eabi/7.2.1/../../../../arm-none-eabi/lib/thumb/v7e-m/fpv4-sp/hard/libg.a(lib_a-freer.o)
                0x00000000000061ac                _free_r
 .text._fwalk   0x0000000000006394       0x4c /home/albino/ti/ccs1020/ccs/tools/compiler/gcc-arm-none-eabi-7-2017-q4-major/bin/../lib/gcc/arm-none-eabi/7.2.1/../../../../arm-none-eabi/lib/thumb/v7e-m/fpv4-sp/hard/libg.a(lib_a-fwalk.o)
                0x0000000000006394                _fwalk
 .text._fwalk_reent
                0x00000000000063e0       0x54 /home/albino/ti/ccs1020/ccs/tools/compiler/gcc-arm-none-eabi-7-2017-q4-major/bin/../lib/gcc/arm-none-eabi/7.2.1/../../../../arm-none-eabi/lib/thumb/v7e-m/fpv4-sp/hard/libg.a(lib_a-fwalk.o)
                0x00000000000063e0                _fwalk_reent
 .text.__localeconv_l
                0x0000000000006434        0x4 /home/albino/ti/ccs1020/ccs/tools/compiler/gcc-arm-none-eabi-7-2017-q4-major/bin/../lib/gcc/arm-none-eabi/7.2.1/../../../../arm-none-eabi/lib/thumb/v7e-m/fpv4-sp/hard/libg.a(lib_a-localeconv.o)
                0x0000000000006434                __localeconv_l
 .text._localeconv_r
                0x0000000000006438       0x1c /home/albino/ti/ccs1020/ccs/tools/compiler/gcc-arm-none-eabi-7-2017-q4-major/bin/../lib/gcc/arm-none-eabi/7.2.1/../../../../arm-none-eabi/lib/thumb/v7e-m/fpv4-sp/hard/libg.a(lib_a-localeconv.o)
                0x0000000000006438                _localeconv_r
 .text.localeconv
                0x0000000000006454       0x1c /home/albino/ti/ccs1020/ccs/tools/compiler/gcc-arm-none-eabi-7-2017-q4-major/bin/../lib/gcc/arm-none-eabi/7.2.1/../../../../arm-none-eabi/lib/thumb/v7e-m/fpv4-sp/hard/libg.a(lib_a-localeconv.o)
                0x0000000000006454                localeconv
 .text.__retarget_lock_init
                0x0000000000006470        0x4 /home/albino/ti/ccs1020/ccs/tools/compiler/gcc-arm-none-eabi-7-2017-q4-major/bin/../lib/gcc/arm-none-eabi/7.2.1/../../../../arm-none-eabi/lib/thumb/v7e-m/fpv4-sp/hard/libg.a(lib_a-lock.o)
                0x0000000000006470                __retarget_lock_init
 .text.__retarget_lock_init_recursive
                0x0000000000006474        0x4 /home/albino/ti/ccs1020/ccs/tools/compiler/gcc-arm-none-eabi-7-2017-q4-major/bin/../lib/gcc/arm-none-eabi/7.2.1/../../../../arm-none-eabi/lib/thumb/v7e-m/fpv4-sp/hard/libg.a(lib_a-lock.o)
                0x0000000000006474                __retarget_lock_init_recursive
 .text.__retarget_lock_close
                0x0000000000006478        0x4 /home/albino/ti/ccs1020/ccs/tools/compiler/gcc-arm-none-eabi-7-2017-q4-major/bin/../lib/gcc/arm-none-eabi/7.2.1/../../../../arm-none-eabi/lib/thumb/v7e-m/fpv4-sp/hard/libg.a(lib_a-lock.o)
                0x0000000000006478                __retarget_lock_close
 .text.__retarget_lock_close_recursive
                0x000000000000647c        0x4 /home/albino/ti/ccs1020/ccs/tools/compiler/gcc-arm-none-eabi-7-2017-q4-major/bin/../lib/gcc/arm-none-eabi/7.2.1/../../../../arm-none-eabi/lib/thumb/v7e-m/fpv4-sp/hard/libg.a(lib_a-lock.o)
                0x000000000000647c                __retarget_lock_close_recursive
 .text.__retarget_lock_acquire
                0x0000000000006480        0x4 /home/albino/ti/ccs1020/ccs/tools/compiler/gcc-arm-none-eabi-7-2017-q4-major/bin/../lib/gcc/arm-none-eabi/7.2.1/../../../../arm-none-eabi/lib/thumb/v7e-m/fpv4-sp/hard/libg.a(lib_a-lock.o)
                0x0000000000006480                __retarget_lock_acquire
 .text.__retarget_lock_acquire_recursive
                0x0000000000006484        0x4 /home/albino/ti/ccs1020/ccs/tools/compiler/gcc-arm-none-eabi-7-2017-q4-major/bin/../lib/gcc/arm-none-eabi/7.2.1/../../../../arm-none-eabi/lib/thumb/v7e-m/fpv4-sp/hard/libg.a(lib_a-lock.o)
                0x0000000000006484                __retarget_lock_acquire_recursive
 .text.__retarget_lock_try_acquire
                0x0000000000006488        0x4 /home/albino/ti/ccs1020/ccs/tools/compiler/gcc-arm-none-eabi-7-2017-q4-major/bin/../lib/gcc/arm-none-eabi/7.2.1/../../../../arm-none-eabi/lib/thumb/v7e-m/fpv4-sp/hard/libg.a(lib_a-lock.o)
                0x0000000000006488                __retarget_lock_try_acquire
 .text.__retarget_lock_try_acquire_recursive
                0x000000000000648c        0x4 /home/albino/ti/ccs1020/ccs/tools/compiler/gcc-arm-none-eabi-7-2017-q4-major/bin/../lib/gcc/arm-none-eabi/7.2.1/../../../../arm-none-eabi/lib/thumb/v7e-m/fpv4-sp/hard/libg.a(lib_a-lock.o)
                0x000000000000648c                __retarget_lock_try_acquire_recursive
 .text.__retarget_lock_release
                0x0000000000006490        0x4 /home/albino/ti/ccs1020/ccs/tools/compiler/gcc-arm-none-eabi-7-2017-q4-major/bin/../lib/gcc/arm-none-eabi/7.2.1/../../../../arm-none-eabi/lib/thumb/v7e-m/fpv4-sp/hard/libg.a(lib_a-lock.o)
                0x0000000000006490                __retarget_lock_release
 .text.__retarget_lock_release_recursive
                0x0000000000006494        0x4 /home/albino/ti/ccs1020/ccs/tools/compiler/gcc-arm-none-eabi-7-2017-q4-major/bin/../lib/gcc/arm-none-eabi/7.2.1/../../../../arm-none-eabi/lib/thumb/v7e-m/fpv4-sp/hard/libg.a(lib_a-lock.o)
                0x0000000000006494                __retarget_lock_release_recursive
 .text.__swhatbuf_r
                0x0000000000006498       0x5c /home/albino/ti/ccs1020/ccs/tools/compiler/gcc-arm-none-eabi-7-2017-q4-major/bin/../lib/gcc/arm-none-eabi/7.2.1/../../../../arm-none-eabi/lib/thumb/v7e-m/fpv4-sp/hard/libg.a(lib_a-makebuf.o)
                0x0000000000006498                __swhatbuf_r
 .text.__smakebuf_r
                0x00000000000064f4       0x94 /home/albino/ti/ccs1020/ccs/tools/compiler/gcc-arm-none-eabi-7-2017-q4-major/bin/../lib/gcc/arm-none-eabi/7.2.1/../../../../arm-none-eabi/lib/thumb/v7e-m/fpv4-sp/hard/libg.a(lib_a-makebuf.o)
                0x00000000000064f4                __smakebuf_r
 .text._malloc_r
                0x0000000000006588      0x548 /home/albino/ti/ccs1020/ccs/tools/compiler/gcc-arm-none-eabi-7-2017-q4-major/bin/../lib/gcc/arm-none-eabi/7.2.1/../../../../arm-none-eabi/lib/thumb/v7e-m/fpv4-sp/hard/libg.a(lib_a-mallocr.o)
                0x0000000000006588                _malloc_r
 .text.__malloc_lock
                0x0000000000006ad0        0xc /home/albino/ti/ccs1020/ccs/tools/compiler/gcc-arm-none-eabi-7-2017-q4-major/bin/../lib/gcc/arm-none-eabi/7.2.1/../../../../arm-none-eabi/lib/thumb/v7e-m/fpv4-sp/hard/libg.a(lib_a-mlock.o)
                0x0000000000006ad0                __malloc_lock
 .text.__malloc_unlock
                0x0000000000006adc        0xc /home/albino/ti/ccs1020/ccs/tools/compiler/gcc-arm-none-eabi-7-2017-q4-major/bin/../lib/gcc/arm-none-eabi/7.2.1/../../../../arm-none-eabi/lib/thumb/v7e-m/fpv4-sp/hard/libg.a(lib_a-mlock.o)
                0x0000000000006adc                __malloc_unlock
 .text._Balloc  0x0000000000006ae8       0x4c /home/albino/ti/ccs1020/ccs/tools/compiler/gcc-arm-none-eabi-7-2017-q4-major/bin/../lib/gcc/arm-none-eabi/7.2.1/../../../../arm-none-eabi/lib/thumb/v7e-m/fpv4-sp/hard/libg.a(lib_a-mprec.o)
                0x0000000000006ae8                _Balloc
 .text._Bfree   0x0000000000006b34       0x14 /home/albino/ti/ccs1020/ccs/tools/compiler/gcc-arm-none-eabi-7-2017-q4-major/bin/../lib/gcc/arm-none-eabi/7.2.1/../../../../arm-none-eabi/lib/thumb/v7e-m/fpv4-sp/hard/libg.a(lib_a-mprec.o)
                0x0000000000006b34                _Bfree
 .text.__multadd
                0x0000000000006b48       0x80 /home/albino/ti/ccs1020/ccs/tools/compiler/gcc-arm-none-eabi-7-2017-q4-major/bin/../lib/gcc/arm-none-eabi/7.2.1/../../../../arm-none-eabi/lib/thumb/v7e-m/fpv4-sp/hard/libg.a(lib_a-mprec.o)
                0x0000000000006b48                __multadd
 .text.__s2b    0x0000000000006bc8       0x98 /home/albino/ti/ccs1020/ccs/tools/compiler/gcc-arm-none-eabi-7-2017-q4-major/bin/../lib/gcc/arm-none-eabi/7.2.1/../../../../arm-none-eabi/lib/thumb/v7e-m/fpv4-sp/hard/libg.a(lib_a-mprec.o)
                0x0000000000006bc8                __s2b
 .text.__hi0bits
                0x0000000000006c60       0x40 /home/albino/ti/ccs1020/ccs/tools/compiler/gcc-arm-none-eabi-7-2017-q4-major/bin/../lib/gcc/arm-none-eabi/7.2.1/../../../../arm-none-eabi/lib/thumb/v7e-m/fpv4-sp/hard/libg.a(lib_a-mprec.o)
                0x0000000000006c60                __hi0bits
 .text.__lo0bits
                0x0000000000006ca0       0x60 /home/albino/ti/ccs1020/ccs/tools/compiler/gcc-arm-none-eabi-7-2017-q4-major/bin/../lib/gcc/arm-none-eabi/7.2.1/../../../../arm-none-eabi/lib/thumb/v7e-m/fpv4-sp/hard/libg.a(lib_a-mprec.o)
                0x0000000000006ca0                __lo0bits
 .text.__i2b    0x0000000000006d00       0x14 /home/albino/ti/ccs1020/ccs/tools/compiler/gcc-arm-none-eabi-7-2017-q4-major/bin/../lib/gcc/arm-none-eabi/7.2.1/../../../../arm-none-eabi/lib/thumb/v7e-m/fpv4-sp/hard/libg.a(lib_a-mprec.o)
                0x0000000000006d00                __i2b
 .text.__multiply
                0x0000000000006d14      0x14c /home/albino/ti/ccs1020/ccs/tools/compiler/gcc-arm-none-eabi-7-2017-q4-major/bin/../lib/gcc/arm-none-eabi/7.2.1/../../../../arm-none-eabi/lib/thumb/v7e-m/fpv4-sp/hard/libg.a(lib_a-mprec.o)
                0x0000000000006d14                __multiply
 .text.__pow5mult
                0x0000000000006e60       0xa0 /home/albino/ti/ccs1020/ccs/tools/compiler/gcc-arm-none-eabi-7-2017-q4-major/bin/../lib/gcc/arm-none-eabi/7.2.1/../../../../arm-none-eabi/lib/thumb/v7e-m/fpv4-sp/hard/libg.a(lib_a-mprec.o)
                0x0000000000006e60                __pow5mult
 .text.__lshift
                0x0000000000006f00       0xac /home/albino/ti/ccs1020/ccs/tools/compiler/gcc-arm-none-eabi-7-2017-q4-major/bin/../lib/gcc/arm-none-eabi/7.2.1/../../../../arm-none-eabi/lib/thumb/v7e-m/fpv4-sp/hard/libg.a(lib_a-mprec.o)
                0x0000000000006f00                __lshift
 .text.__mcmp   0x0000000000006fac       0x38 /home/albino/ti/ccs1020/ccs/tools/compiler/gcc-arm-none-eabi-7-2017-q4-major/bin/../lib/gcc/arm-none-eabi/7.2.1/../../../../arm-none-eabi/lib/thumb/v7e-m/fpv4-sp/hard/libg.a(lib_a-mprec.o)
                0x0000000000006fac                __mcmp
 .text.__mdiff  0x0000000000006fe4       0xec /home/albino/ti/ccs1020/ccs/tools/compiler/gcc-arm-none-eabi-7-2017-q4-major/bin/../lib/gcc/arm-none-eabi/7.2.1/../../../../arm-none-eabi/lib/thumb/v7e-m/fpv4-sp/hard/libg.a(lib_a-mprec.o)
                0x0000000000006fe4                __mdiff
 .text.__ulp    0x00000000000070d0       0x54 /home/albino/ti/ccs1020/ccs/tools/compiler/gcc-arm-none-eabi-7-2017-q4-major/bin/../lib/gcc/arm-none-eabi/7.2.1/../../../../arm-none-eabi/lib/thumb/v7e-m/fpv4-sp/hard/libg.a(lib_a-mprec.o)
                0x00000000000070d0                __ulp
 .text.__b2d    0x0000000000007124       0xbc /home/albino/ti/ccs1020/ccs/tools/compiler/gcc-arm-none-eabi-7-2017-q4-major/bin/../lib/gcc/arm-none-eabi/7.2.1/../../../../arm-none-eabi/lib/thumb/v7e-m/fpv4-sp/hard/libg.a(lib_a-mprec.o)
                0x0000000000007124                __b2d
 .text.__d2b    0x00000000000071e0       0xc4 /home/albino/ti/ccs1020/ccs/tools/compiler/gcc-arm-none-eabi-7-2017-q4-major/bin/../lib/gcc/arm-none-eabi/7.2.1/../../../../arm-none-eabi/lib/thumb/v7e-m/fpv4-sp/hard/libg.a(lib_a-mprec.o)
                0x00000000000071e0                __d2b
 .text.__ratio  0x00000000000072a4       0x60 /home/albino/ti/ccs1020/ccs/tools/compiler/gcc-arm-none-eabi-7-2017-q4-major/bin/../lib/gcc/arm-none-eabi/7.2.1/../../../../arm-none-eabi/lib/thumb/v7e-m/fpv4-sp/hard/libg.a(lib_a-mprec.o)
                0x00000000000072a4                __ratio
 .text._mprec_log10
                0x0000000000007304       0x40 /home/albino/ti/ccs1020/ccs/tools/compiler/gcc-arm-none-eabi-7-2017-q4-major/bin/../lib/gcc/arm-none-eabi/7.2.1/../../../../arm-none-eabi/lib/thumb/v7e-m/fpv4-sp/hard/libg.a(lib_a-mprec.o)
                0x0000000000007304                _mprec_log10
 .text.__copybits
                0x0000000000007344       0x48 /home/albino/ti/ccs1020/ccs/tools/compiler/gcc-arm-none-eabi-7-2017-q4-major/bin/../lib/gcc/arm-none-eabi/7.2.1/../../../../arm-none-eabi/lib/thumb/v7e-m/fpv4-sp/hard/libg.a(lib_a-mprec.o)
                0x0000000000007344                __copybits
 .text.__any_on
                0x000000000000738c       0x58 /home/albino/ti/ccs1020/ccs/tools/compiler/gcc-arm-none-eabi-7-2017-q4-major/bin/../lib/gcc/arm-none-eabi/7.2.1/../../../../arm-none-eabi/lib/thumb/v7e-m/fpv4-sp/hard/libg.a(lib_a-mprec.o)
                0x000000000000738c                __any_on
 .text._sbrk_r  0x00000000000073e4       0x24 /home/albino/ti/ccs1020/ccs/tools/compiler/gcc-arm-none-eabi-7-2017-q4-major/bin/../lib/gcc/arm-none-eabi/7.2.1/../../../../arm-none-eabi/lib/thumb/v7e-m/fpv4-sp/hard/libg.a(lib_a-sbrkr.o)
                0x00000000000073e4                _sbrk_r
 .text.__sread  0x0000000000007408       0x24 /home/albino/ti/ccs1020/ccs/tools/compiler/gcc-arm-none-eabi-7-2017-q4-major/bin/../lib/gcc/arm-none-eabi/7.2.1/../../../../arm-none-eabi/lib/thumb/v7e-m/fpv4-sp/hard/libg.a(lib_a-stdio.o)
                0x0000000000007408                __sread
 .text.__seofread
                0x000000000000742c        0x4 /home/albino/ti/ccs1020/ccs/tools/compiler/gcc-arm-none-eabi-7-2017-q4-major/bin/../lib/gcc/arm-none-eabi/7.2.1/../../../../arm-none-eabi/lib/thumb/v7e-m/fpv4-sp/hard/libg.a(lib_a-stdio.o)
                0x000000000000742c                __seofread
 .text.__swrite
                0x0000000000007430       0x3c /home/albino/ti/ccs1020/ccs/tools/compiler/gcc-arm-none-eabi-7-2017-q4-major/bin/../lib/gcc/arm-none-eabi/7.2.1/../../../../arm-none-eabi/lib/thumb/v7e-m/fpv4-sp/hard/libg.a(lib_a-stdio.o)
                0x0000000000007430                __swrite
 .text.__sseek  0x000000000000746c       0x20 /home/albino/ti/ccs1020/ccs/tools/compiler/gcc-arm-none-eabi-7-2017-q4-major/bin/../lib/gcc/arm-none-eabi/7.2.1/../../../../arm-none-eabi/lib/thumb/v7e-m/fpv4-sp/hard/libg.a(lib_a-stdio.o)
                0x000000000000746c                __sseek
 .text.__sclose
                0x000000000000748c        0x8 /home/albino/ti/ccs1020/ccs/tools/compiler/gcc-arm-none-eabi-7-2017-q4-major/bin/../lib/gcc/arm-none-eabi/7.2.1/../../../../arm-none-eabi/lib/thumb/v7e-m/fpv4-sp/hard/libg.a(lib_a-stdio.o)
                0x000000000000748c                __sclose
 .text.__sprint_r.part.0
                0x0000000000007494       0x78 /home/albino/ti/ccs1020/ccs/tools/compiler/gcc-arm-none-eabi-7-2017-q4-major/bin/../lib/gcc/arm-none-eabi/7.2.1/../../../../arm-none-eabi/lib/thumb/v7e-m/fpv4-sp/hard/libg.a(lib_a-vfiprintf.o)
 .text.__sprint_r
                0x000000000000750c       0x14 /home/albino/ti/ccs1020/ccs/tools/compiler/gcc-arm-none-eabi-7-2017-q4-major/bin/../lib/gcc/arm-none-eabi/7.2.1/../../../../arm-none-eabi/lib/thumb/v7e-m/fpv4-sp/hard/libg.a(lib_a-vfiprintf.o)
                0x000000000000750c                __sprint_r
 .text._vfiprintf_r
                0x0000000000007520      0xc24 /home/albino/ti/ccs1020/ccs/tools/compiler/gcc-arm-none-eabi-7-2017-q4-major/bin/../lib/gcc/arm-none-eabi/7.2.1/../../../../arm-none-eabi/lib/thumb/v7e-m/fpv4-sp/hard/libg.a(lib_a-vfiprintf.o)
                0x0000000000007520                _vfiprintf_r
 .text.vfiprintf
                0x0000000000008144       0x18 /home/albino/ti/ccs1020/ccs/tools/compiler/gcc-arm-none-eabi-7-2017-q4-major/bin/../lib/gcc/arm-none-eabi/7.2.1/../../../../arm-none-eabi/lib/thumb/v7e-m/fpv4-sp/hard/libg.a(lib_a-vfiprintf.o)
                0x0000000000008144                vfiprintf
 .text.__sbprintf
                0x000000000000815c       0x84 /home/albino/ti/ccs1020/ccs/tools/compiler/gcc-arm-none-eabi-7-2017-q4-major/bin/../lib/gcc/arm-none-eabi/7.2.1/../../../../arm-none-eabi/lib/thumb/v7e-m/fpv4-sp/hard/libg.a(lib_a-vfiprintf.o)
 .text._write_r
                0x00000000000081e0       0x2c /home/albino/ti/ccs1020/ccs/tools/compiler/gcc-arm-none-eabi-7-2017-q4-major/bin/../lib/gcc/arm-none-eabi/7.2.1/../../../../arm-none-eabi/lib/thumb/v7e-m/fpv4-sp/hard/libg.a(lib_a-writer.o)
                0x00000000000081e0                _write_r
 .text.__register_exitproc
                0x000000000000820c       0xc0 /home/albino/ti/ccs1020/ccs/tools/compiler/gcc-arm-none-eabi-7-2017-q4-major/bin/../lib/gcc/arm-none-eabi/7.2.1/../../../../arm-none-eabi/lib/thumb/v7e-m/fpv4-sp/hard/libg.a(lib_a-__atexit.o)
                0x000000000000820c                __register_exitproc
 .text._calloc_r
                0x00000000000082cc       0x68 /home/albino/ti/ccs1020/ccs/tools/compiler/gcc-arm-none-eabi-7-2017-q4-major/bin/../lib/gcc/arm-none-eabi/7.2.1/../../../../arm-none-eabi/lib/thumb/v7e-m/fpv4-sp/hard/libg.a(lib_a-callocr.o)
                0x00000000000082cc                _calloc_r
 .text._close_r
                0x0000000000008334       0x24 /home/albino/ti/ccs1020/ccs/tools/compiler/gcc-arm-none-eabi-7-2017-q4-major/bin/../lib/gcc/arm-none-eabi/7.2.1/../../../../arm-none-eabi/lib/thumb/v7e-m/fpv4-sp/hard/libg.a(lib_a-closer.o)
                0x0000000000008334                _close_r
 .text._fclose_r
                0x0000000000008358       0xd0 /home/albino/ti/ccs1020/ccs/tools/compiler/gcc-arm-none-eabi-7-2017-q4-major/bin/../lib/gcc/arm-none-eabi/7.2.1/../../../../arm-none-eabi/lib/thumb/v7e-m/fpv4-sp/hard/libg.a(lib_a-fclose.o)
                0x0000000000008358                _fclose_r
 .text.fclose   0x0000000000008428       0x10 /home/albino/ti/ccs1020/ccs/tools/compiler/gcc-arm-none-eabi-7-2017-q4-major/bin/../lib/gcc/arm-none-eabi/7.2.1/../../../../arm-none-eabi/lib/thumb/v7e-m/fpv4-sp/hard/libg.a(lib_a-fclose.o)
                0x0000000000008428                fclose
 .text.__fputwc
                0x0000000000008438       0xa0 /home/albino/ti/ccs1020/ccs/tools/compiler/gcc-arm-none-eabi-7-2017-q4-major/bin/../lib/gcc/arm-none-eabi/7.2.1/../../../../arm-none-eabi/lib/thumb/v7e-m/fpv4-sp/hard/libg.a(lib_a-fputwc.o)
                0x0000000000008438                __fputwc
 .text._fputwc_r
                0x00000000000084d8       0x64 /home/albino/ti/ccs1020/ccs/tools/compiler/gcc-arm-none-eabi-7-2017-q4-major/bin/../lib/gcc/arm-none-eabi/7.2.1/../../../../arm-none-eabi/lib/thumb/v7e-m/fpv4-sp/hard/libg.a(lib_a-fputwc.o)
                0x00000000000084d8                _fputwc_r
 .text.fputwc   0x000000000000853c       0x38 /home/albino/ti/ccs1020/ccs/tools/compiler/gcc-arm-none-eabi-7-2017-q4-major/bin/../lib/gcc/arm-none-eabi/7.2.1/../../../../arm-none-eabi/lib/thumb/v7e-m/fpv4-sp/hard/libg.a(lib_a-fputwc.o)
                0x000000000000853c                fputwc
 .text._fstat_r
                0x0000000000008574       0x28 /home/albino/ti/ccs1020/ccs/tools/compiler/gcc-arm-none-eabi-7-2017-q4-major/bin/../lib/gcc/arm-none-eabi/7.2.1/../../../../arm-none-eabi/lib/thumb/v7e-m/fpv4-sp/hard/libg.a(lib_a-fstatr.o)
                0x0000000000008574                _fstat_r
 .text.__sfvwrite_r
                0x000000000000859c      0x2fc /home/albino/ti/ccs1020/ccs/tools/compiler/gcc-arm-none-eabi-7-2017-q4-major/bin/../lib/gcc/arm-none-eabi/7.2.1/../../../../arm-none-eabi/lib/thumb/v7e-m/fpv4-sp/hard/libg.a(lib_a-fvwrite.o)
                0x000000000000859c                __sfvwrite_r
 .text._isatty_r
                0x0000000000008898       0x24 /home/albino/ti/ccs1020/ccs/tools/compiler/gcc-arm-none-eabi-7-2017-q4-major/bin/../lib/gcc/arm-none-eabi/7.2.1/../../../../arm-none-eabi/lib/thumb/v7e-m/fpv4-sp/hard/libg.a(lib_a-isattyr.o)
                0x0000000000008898                _isatty_r
 .text._setlocale_r
                0x00000000000088bc       0x40 /home/albino/ti/ccs1020/ccs/tools/compiler/gcc-arm-none-eabi-7-2017-q4-major/bin/../lib/gcc/arm-none-eabi/7.2.1/../../../../arm-none-eabi/lib/thumb/v7e-m/fpv4-sp/hard/libg.a(lib_a-locale.o)
                0x00000000000088bc                _setlocale_r
 .text.__locale_mb_cur_max
                0x00000000000088fc       0x1c /home/albino/ti/ccs1020/ccs/tools/compiler/gcc-arm-none-eabi-7-2017-q4-major/bin/../lib/gcc/arm-none-eabi/7.2.1/../../../../arm-none-eabi/lib/thumb/v7e-m/fpv4-sp/hard/libg.a(lib_a-locale.o)
                0x00000000000088fc                __locale_mb_cur_max
 .text.__locale_ctype_ptr_l
                0x0000000000008918        0x8 /home/albino/ti/ccs1020/ccs/tools/compiler/gcc-arm-none-eabi-7-2017-q4-major/bin/../lib/gcc/arm-none-eabi/7.2.1/../../../../arm-none-eabi/lib/thumb/v7e-m/fpv4-sp/hard/libg.a(lib_a-locale.o)
                0x0000000000008918                __locale_ctype_ptr_l
 .text.__locale_ctype_ptr
                0x0000000000008920       0x1c /home/albino/ti/ccs1020/ccs/tools/compiler/gcc-arm-none-eabi-7-2017-q4-major/bin/../lib/gcc/arm-none-eabi/7.2.1/../../../../arm-none-eabi/lib/thumb/v7e-m/fpv4-sp/hard/libg.a(lib_a-locale.o)
                0x0000000000008920                __locale_ctype_ptr
 .text.setlocale
                0x000000000000893c       0x10 /home/albino/ti/ccs1020/ccs/tools/compiler/gcc-arm-none-eabi-7-2017-q4-major/bin/../lib/gcc/arm-none-eabi/7.2.1/../../../../arm-none-eabi/lib/thumb/v7e-m/fpv4-sp/hard/libg.a(lib_a-locale.o)
                0x000000000000893c                setlocale
 .text._lseek_r
                0x000000000000894c       0x2c /home/albino/ti/ccs1020/ccs/tools/compiler/gcc-arm-none-eabi-7-2017-q4-major/bin/../lib/gcc/arm-none-eabi/7.2.1/../../../../arm-none-eabi/lib/thumb/v7e-m/fpv4-sp/hard/libg.a(lib_a-lseekr.o)
                0x000000000000894c                _lseek_r
 .text._mbtowc_r
                0x0000000000008978       0x24 /home/albino/ti/ccs1020/ccs/tools/compiler/gcc-arm-none-eabi-7-2017-q4-major/bin/../lib/gcc/arm-none-eabi/7.2.1/../../../../arm-none-eabi/lib/thumb/v7e-m/fpv4-sp/hard/libg.a(lib_a-mbtowc_r.o)
                0x0000000000008978                _mbtowc_r
 .text.__ascii_mbtowc
                0x000000000000899c       0x2c /home/albino/ti/ccs1020/ccs/tools/compiler/gcc-arm-none-eabi-7-2017-q4-major/bin/../lib/gcc/arm-none-eabi/7.2.1/../../../../arm-none-eabi/lib/thumb/v7e-m/fpv4-sp/hard/libg.a(lib_a-mbtowc_r.o)
                0x000000000000899c                __ascii_mbtowc
 .text.memmove  0x00000000000089c8       0xc8 /home/albino/ti/ccs1020/ccs/tools/compiler/gcc-arm-none-eabi-7-2017-q4-major/bin/../lib/gcc/arm-none-eabi/7.2.1/../../../../arm-none-eabi/lib/thumb/v7e-m/fpv4-sp/hard/libg.a(lib_a-memmove.o)
                0x00000000000089c8                memmove
 .text._read_r  0x0000000000008a90       0x2c /home/albino/ti/ccs1020/ccs/tools/compiler/gcc-arm-none-eabi-7-2017-q4-major/bin/../lib/gcc/arm-none-eabi/7.2.1/../../../../arm-none-eabi/lib/thumb/v7e-m/fpv4-sp/hard/libg.a(lib_a-readr.o)
                0x0000000000008a90                _read_r
 .text._realloc_r
                0x0000000000008abc      0x35c /home/albino/ti/ccs1020/ccs/tools/compiler/gcc-arm-none-eabi-7-2017-q4-major/bin/../lib/gcc/arm-none-eabi/7.2.1/../../../../arm-none-eabi/lib/thumb/v7e-m/fpv4-sp/hard/libg.a(lib_a-reallocr.o)
                0x0000000000008abc                _realloc_r
 .text.cleanup_glue
                0x0000000000008e18       0x28 /home/albino/ti/ccs1020/ccs/tools/compiler/gcc-arm-none-eabi-7-2017-q4-major/bin/../lib/gcc/arm-none-eabi/7.2.1/../../../../arm-none-eabi/lib/thumb/v7e-m/fpv4-sp/hard/libg.a(lib_a-reent.o)
                0x0000000000008e18                cleanup_glue
 .text._reclaim_reent
                0x0000000000008e40       0x88 /home/albino/ti/ccs1020/ccs/tools/compiler/gcc-arm-none-eabi-7-2017-q4-major/bin/../lib/gcc/arm-none-eabi/7.2.1/../../../../arm-none-eabi/lib/thumb/v7e-m/fpv4-sp/hard/libg.a(lib_a-reent.o)
                0x0000000000008e40                _reclaim_reent
 .text.__swbuf_r
                0x0000000000008ec8       0xb0 /home/albino/ti/ccs1020/ccs/tools/compiler/gcc-arm-none-eabi-7-2017-q4-major/bin/../lib/gcc/arm-none-eabi/7.2.1/../../../../arm-none-eabi/lib/thumb/v7e-m/fpv4-sp/hard/libg.a(lib_a-wbuf.o)
                0x0000000000008ec8                __swbuf_r
 .text.__swbuf  0x0000000000008f78       0x10 /home/albino/ti/ccs1020/ccs/tools/compiler/gcc-arm-none-eabi-7-2017-q4-major/bin/../lib/gcc/arm-none-eabi/7.2.1/../../../../arm-none-eabi/lib/thumb/v7e-m/fpv4-sp/hard/libg.a(lib_a-wbuf.o)